Archive member included to satisfy reference by file (symbol)

contiki-native.a(contiki-main.o)
                              /usr/lib/gcc/x86_64-linux-gnu/5/../../../x86_64-linux-gnu/crt1.o (main)
contiki-native.a(button-sensor.o)
                              contiki-native.a(contiki-main.o) (button_sensor)
contiki-native.a(pir-sensor.o)
                              contiki-native.a(contiki-main.o) (pir_sensor)
contiki-native.a(vib-sensor.o)
                              contiki-native.a(contiki-main.o) (vib_sensor)
contiki-native.a(sensors.o)   contiki-native.a(button-sensor.o) (sensors_changed)
contiki-native.a(autostart.o)
                              contiki-native.a(contiki-main.o) (autostart_start)
contiki-native.a(ctimer.o)    contiki-native.a(contiki-main.o) (ctimer_init)
contiki-native.a(etimer.o)    contiki-native.a(contiki-main.o) (etimer_request_poll)
contiki-native.a(process.o)   contiki-native.a(ctimer.o) (process_current)
contiki-native.a(rtimer.o)    contiki-native.a(contiki-main.o) (rtimer_init)
contiki-native.a(timer.o)     contiki-native.a(etimer.o) (timer_set)
contiki-native.a(serial-line.o)
                              contiki-native.a(contiki-main.o) (serial_line_input_byte)
contiki-native.a(list.o)      contiki-native.a(ctimer.o) (list_init)
contiki-native.a(ringbuf.o)   contiki-native.a(serial-line.o) (ringbuf_init)
contiki-native.a(uip-ds6.o)   receiver.co (uip_ds6_if)
contiki-native.a(uip-ds6-route.o)
                              contiki-native.a(uip-ds6.o) (uip_ds6_route_init)
contiki-native.a(uip6.o)      receiver.co (uip_lladdr)
contiki-native.a(uip-ds6-nbr.o)
                              contiki-native.a(uip-ds6.o) (uip_ds6_neighbors_init)
contiki-native.a(uip-nd6.o)   contiki-native.a(uip-ds6-nbr.o) (uip_nd6_ns_output)
contiki-native.a(sicslowpan.o)
                              contiki-native.a(contiki-main.o) (sicslowpan_driver)
contiki-native.a(uip-packetqueue)
                              contiki-native.a(uip-ds6-nbr.o) (uip_packetqueue_new)
contiki-native.a(tcpip.o)     contiki-native.a(sicslowpan.o) (tcpip_set_outputfunc)
contiki-native.a(simple-udp.o)
                              receiver.co (simple_udp_register)
contiki-native.a(uip-debug.o)
                              receiver.co (uip_debug_ipaddr_print)
contiki-native.a(rpl-ext-header.)
                              contiki-native.a(uip6.o) (rpl_verify_header)
contiki-native.a(rpl.o)       contiki-native.a(uip-ds6-nbr.o) (rpl_link_neighbor_callback)
contiki-native.a(rpl-mrhof.o)
                              contiki-native.a(rpl.o) (rpl_mrhof)
contiki-native.a(rpl-dag.o)   contiki-native.a(rpl-mrhof.o) (rpl_get_nbr)
contiki-native.a(queuebuf.o)  contiki-native.a(contiki-main.o) (queuebuf_init)
contiki-native.a(nbr-table.o)
                              contiki-native.a(uip-ds6-route.o) (nbr_table_register)
contiki-native.a(packetbuf.o)
                              contiki-native.a(queuebuf.o) (packetbuf_copyto)
contiki-native.a(netstack.o)  contiki-native.a(contiki-main.o) (netstack_init)
contiki-native.a(linkaddr.o)  contiki-native.a(sicslowpan.o) (linkaddr_copy)
contiki-native.a(nullmac.o)   contiki-native.a(contiki-main.o) (nullmac_driver)
contiki-native.a(nullrdc.o)   contiki-native.a(contiki-main.o) (nullrdc_driver)
contiki-native.a(framer-802154.o)
                              contiki-native.a(sicslowpan.o) (framer_802154)
contiki-native.a(frame802154.o)
                              contiki-native.a(framer-802154.o) (frame802154_hdrlen)
contiki-native.a(mac.o)       contiki-native.a(nullrdc.o) (mac_call_sent_callback)
contiki-native.a(framer.o)    contiki-native.a(framer-802154.o) (framer_canonical_create_and_secure)
contiki-native.a(nullsec.o)   contiki-native.a(sicslowpan.o) (nullsec_driver)
contiki-native.a(clock.o)     contiki-native.a(etimer.o) (clock_time)
contiki-native.a(rtimer-arch.o)
                              contiki-native.a(rtimer.o) (rtimer_arch_init)
contiki-native.a(watchdog.o)  contiki-native.a(sicslowpan.o) (watchdog_periodic)
contiki-native.a(stimer.o)    contiki-native.a(uip-ds6.o) (stimer_set)
contiki-native.a(nullradio.o)
                              contiki-native.a(netstack.o) (nullradio_driver)
contiki-native.a(memb.o)      contiki-native.a(uip-ds6-route.o) (memb_init)
contiki-native.a(random.o)    contiki-native.a(uip-ds6.o) (random_rand)
contiki-native.a(uip-icmp6.o)
                              contiki-native.a(uip6.o) (uip_icmp6_input)
contiki-native.a(uip-udp-packet.)
                              contiki-native.a(simple-udp.o) (uip_udp_packet_sendto)
contiki-native.a(rpl-icmp6.o)
                              contiki-native.a(rpl-ext-header.) (dao_output_target)
contiki-native.a(rpl-timers.o)
                              contiki-native.a(rpl.o) (rpl_reset_periodic_timer)
/usr/lib/x86_64-linux-gnu/libc_nonshared.a(elf-init.oS)
                              /usr/lib/gcc/x86_64-linux-gnu/5/../../../x86_64-linux-gnu/crt1.o (__libc_csu_init)

[...]
Memory Configuration

Name             Origin             Length             Attributes
*default*        0x0000000000000000 0xffffffffffffffff

Linker script and memory map

LOAD /usr/lib/gcc/x86_64-linux-gnu/5/../../../x86_64-linux-gnu/crt1.o
LOAD /usr/lib/gcc/x86_64-linux-gnu/5/../../../x86_64-linux-gnu/crti.o
LOAD /usr/lib/gcc/x86_64-linux-gnu/5/crtbegin.o
LOAD receiver.co
LOAD contiki-native.a
LOAD /usr/lib/gcc/x86_64-linux-gnu/5/../../../x86_64-linux-gnu/libncurses.so
LOAD /lib/x86_64-linux-gnu/libncurses.so.5
LOAD /usr/lib/gcc/x86_64-linux-gnu/5/../../../x86_64-linux-gnu/libtinfo.so
LOAD /usr/lib/gcc/x86_64-linux-gnu/5/libgcc.a
LOAD /usr/lib/gcc/x86_64-linux-gnu/5/libgcc_s.so
LOAD /usr/lib/gcc/x86_64-linux-gnu/5/../../../x86_64-linux-gnu/libc.so
START GROUP
LOAD /lib/x86_64-linux-gnu/libc.so.6
LOAD /usr/lib/x86_64-linux-gnu/libc_nonshared.a
LOAD /lib/x86_64-linux-gnu/ld-linux-x86-64.so.2
END GROUP
LOAD /usr/lib/gcc/x86_64-linux-gnu/5/libgcc.a
LOAD /usr/lib/gcc/x86_64-linux-gnu/5/libgcc_s.so
LOAD /usr/lib/gcc/x86_64-linux-gnu/5/crtend.o
LOAD /usr/lib/gcc/x86_64-linux-gnu/5/../../../x86_64-linux-gnu/crtn.o
                [!provide]                        PROVIDE (__executable_start, 0x400000)
                0x0000000000400238                . = (0x400000 + SIZEOF_HEADERS)

.interp         0x0000000000400238       0x1c
 *(.interp)
 .interp        0x0000000000400238       0x1c /usr/lib/gcc/x86_64-linux-gnu/5/../../../x86_64-linux-gnu/crt1.o

.note.ABI-tag   0x0000000000400254       0x20
 .note.ABI-tag  0x0000000000400254       0x20 /usr/lib/gcc/x86_64-linux-gnu/5/../../../x86_64-linux-gnu/crt1.o

.note.gnu.build-id
                0x0000000000400274       0x24
 *(.note.gnu.build-id)
 .note.gnu.build-id
                0x0000000000400274       0x24 /usr/lib/gcc/x86_64-linux-gnu/5/../../../x86_64-linux-gnu/crt1.o

.hash
 *(.hash)

.gnu.hash       0x0000000000400298      0xc4c
 *(.gnu.hash)
 .gnu.hash      0x0000000000400298      0xc4c /usr/lib/gcc/x86_64-linux-gnu/5/../../../x86_64-linux-gnu/crt1.o

.dynsym         0x0000000000400ee8     0x2778
 *(.dynsym)
 .dynsym        0x0000000000400ee8     0x2778 /usr/lib/gcc/x86_64-linux-gnu/5/../../../x86_64-linux-gnu/crt1.o

.dynstr         0x0000000000403660     0x1a7f
 *(.dynstr)
 .dynstr        0x0000000000403660     0x1a7f /usr/lib/gcc/x86_64-linux-gnu/5/../../../x86_64-linux-gnu/crt1.o

.gnu.version    0x00000000004050e0      0x34a
 *(.gnu.version)
 .gnu.version   0x00000000004050e0      0x34a /usr/lib/gcc/x86_64-linux-gnu/5/../../../x86_64-linux-gnu/crt1.o

.gnu.version_d  0x0000000000405430        0x0
 *(.gnu.version_d)
 .gnu.version_d
                0x0000000000405430        0x0 /usr/lib/gcc/x86_64-linux-gnu/5/../../../x86_64-linux-gnu/crt1.o

.gnu.version_r  0x0000000000405430       0x50
 *(.gnu.version_r)
 .gnu.version_r
                0x0000000000405430       0x50 /usr/lib/gcc/x86_64-linux-gnu/5/../../../x86_64-linux-gnu/crt1.o

.rela.dyn       0x0000000000405480       0x48
 *(.rela.init)
 *(.rela.text .rela.text.* .rela.gnu.linkonce.t.*)
 .rela.text     0x0000000000405480        0x0 /usr/lib/gcc/x86_64-linux-gnu/5/../../../x86_64-linux-gnu/crt1.o
 *(.rela.fini)
 *(.rela.rodata .rela.rodata.* .rela.gnu.linkonce.r.*)
 .rela.rodata   0x0000000000405480        0x0 /usr/lib/gcc/x86_64-linux-gnu/5/../../../x86_64-linux-gnu/crt1.o
 *(.rela.data .rela.data.* .rela.gnu.linkonce.d.*)
 .rela.data     0x0000000000405480        0x0 /usr/lib/gcc/x86_64-linux-gnu/5/../../../x86_64-linux-gnu/crt1.o
 *(.rela.tdata .rela.tdata.* .rela.gnu.linkonce.td.*)
 *(.rela.tbss .rela.tbss.* .rela.gnu.linkonce.tb.*)
 *(.rela.ctors)
 *(.rela.dtors)
 *(.rela.got)
 .rela.got      0x0000000000405480       0x18 /usr/lib/gcc/x86_64-linux-gnu/5/../../../x86_64-linux-gnu/crt1.o
 *(.rela.bss .rela.bss.* .rela.gnu.linkonce.b.*)
 .rela.bss      0x0000000000405498       0x30 /usr/lib/gcc/x86_64-linux-gnu/5/../../../x86_64-linux-gnu/crt1.o
 *(.rela.ldata .rela.ldata.* .rela.gnu.linkonce.l.*)
 *(.rela.lbss .rela.lbss.* .rela.gnu.linkonce.lb.*)
 *(.rela.lrodata .rela.lrodata.* .rela.gnu.linkonce.lr.*)
 *(.rela.ifunc)

.rela.plt       0x00000000004054c8      0x240
 *(.rela.plt)
 .rela.plt      0x00000000004054c8      0x240 /usr/lib/gcc/x86_64-linux-gnu/5/../../../x86_64-linux-gnu/crt1.o
                [!provide]                        PROVIDE (__rela_iplt_start, .)
 *(.rela.iplt)
 .rela.iplt     0x0000000000405708        0x0 /usr/lib/gcc/x86_64-linux-gnu/5/../../../x86_64-linux-gnu/crt1.o
                [!provide]                        PROVIDE (__rela_iplt_end, .)

.init           0x0000000000405708       0x1a
 *(SORT(.init))
 .init          0x0000000000405708       0x15 /usr/lib/gcc/x86_64-linux-gnu/5/../../../x86_64-linux-gnu/crti.o
                0x0000000000405708                _init
 .init          0x000000000040571d        0x5 /usr/lib/gcc/x86_64-linux-gnu/5/../../../x86_64-linux-gnu/crtn.o

.plt            0x0000000000405730      0x190
 *(.plt)
 .plt           0x0000000000405730      0x190 /usr/lib/gcc/x86_64-linux-gnu/5/../../../x86_64-linux-gnu/crt1.o
                0x0000000000405740                putchar@@GLIBC_2.2.5
                0x0000000000405750                __errno_location@@GLIBC_2.2.5
                0x0000000000405760                strncmp@@GLIBC_2.2.5
                0x0000000000405770                puts@@GLIBC_2.2.5
                0x0000000000405780                __stack_chk_fail@@GLIBC_2.4
                0x0000000000405790                gettimeofday@@GLIBC_2.2.5
                0x00000000004057a0                memset@@GLIBC_2.2.5
                0x00000000004057b0                read@@GLIBC_2.2.5
                0x00000000004057c0                __libc_start_main@@GLIBC_2.2.5
                0x00000000004057d0                srand@@GLIBC_2.2.5
                0x00000000004057e0                memcmp@@GLIBC_2.2.5
                0x00000000004057f0                signal@@GLIBC_2.2.5
                0x0000000000405800                __memmove_chk@@GLIBC_2.3.4
                0x0000000000405810                __memcpy_chk@@GLIBC_2.3.4
                0x0000000000405820                memcpy@@GLIBC_2.14
                0x0000000000405830                select@@GLIBC_2.2.5
                0x0000000000405840                setitimer@@GLIBC_2.2.5
                0x0000000000405850                __printf_chk@@GLIBC_2.3.4
                0x0000000000405860                setvbuf@@GLIBC_2.2.5
                0x0000000000405870                memmove@@GLIBC_2.2.5
                0x0000000000405880                perror@@GLIBC_2.2.5
                0x0000000000405890                exit@@GLIBC_2.2.5
                0x00000000004058a0                __fprintf_chk@@GLIBC_2.3.4
                0x00000000004058b0                rand@@GLIBC_2.2.5
 *(.iplt)
 .iplt          0x00000000004058c0        0x0 /usr/lib/gcc/x86_64-linux-gnu/5/../../../x86_64-linux-gnu/crt1.o

.plt.got        0x00000000004058c0        0x8
 *(.plt.got)
 .plt.got       0x00000000004058c0        0x8 /usr/lib/gcc/x86_64-linux-gnu/5/../../../x86_64-linux-gnu/crt1.o

.plt.bnd
 *(.plt.bnd)

.text           0x00000000004058d0     0xcba2
 *(.text.unlikely .text.*_unlikely .text.unlikely.*)
 .text.unlikely
                0x00000000004058d0        0x0 /usr/lib/gcc/x86_64-linux-gnu/5/crtbegin.o
 .text.unlikely
                0x00000000004058d0        0x0 /usr/lib/x86_64-linux-gnu/libc_nonshared.a(elf-init.oS)
 *(.text.exit .text.exit.*)
 *(.text.startup .text.startup.*)
 *(.text.hot .text.hot.*)
 *(.text .stub .text.* .gnu.linkonce.t.*)
 .text          0x00000000004058d0       0x2a /usr/lib/gcc/x86_64-linux-gnu/5/../../../x86_64-linux-gnu/crt1.o
                0x00000000004058d0                _start
 .text          0x00000000004058fa        0x0 /usr/lib/gcc/x86_64-linux-gnu/5/../../../x86_64-linux-gnu/crti.o
 *fill*         0x00000000004058fa        0x6 
 .text          0x0000000000405900       0xc6 /usr/lib/gcc/x86_64-linux-gnu/5/crtbegin.o
 .text          0x00000000004059c6      0x17e receiver.co
 .text          0x0000000000405b44      0x418 contiki-native.a(contiki-main.o)
                0x0000000000405ba4                select_set_callback
                0x0000000000405c44                main
                0x0000000000405f0b                log_message
                0x0000000000405f35                uip_log
 .text          0x0000000000405f5c       0x25 contiki-native.a(button-sensor.o)
                0x0000000000405f6e                button_press
 .text          0x0000000000405f81       0x2c contiki-native.a(pir-sensor.o)
                0x0000000000405f94                pir_sensor_changed
 .text          0x0000000000405fad       0x2d contiki-native.a(vib-sensor.o)
                0x0000000000405fc0                vib_sensor_changed
 .text          0x0000000000405fda      0x27e contiki-native.a(sensors.o)
                0x0000000000406127                sensors_first
                0x000000000040612f                sensors_next
                0x0000000000406180                sensors_changed
                0x00000000004061df                sensors_find
 .text          0x0000000000406258       0x69 contiki-native.a(autostart.o)
                0x0000000000406258                autostart_start
                0x000000000040628f                autostart_exit
 .text          0x00000000004062c1      0x27b contiki-native.a(ctimer.o)
                0x000000000040639b                ctimer_init
                0x00000000004063c4                ctimer_set
                0x000000000040641e                ctimer_reset
                0x0000000000406466                ctimer_restart
                0x00000000004064ae                ctimer_stop
                0x00000000004064e5                ctimer_expired
 .text          0x000000000040653c      0x2f7 contiki-native.a(etimer.o)
                0x00000000004065a1                etimer_request_poll
                0x0000000000406740                etimer_set
                0x0000000000406753                etimer_reset
                0x0000000000406766                etimer_restart
                0x0000000000406779                etimer_adjust
                0x000000000040678d                etimer_expired
                0x0000000000406799                etimer_expiration_time
                0x00000000004067a1                etimer_start_time
                0x00000000004067a5                etimer_pending
                0x00000000004067b4                etimer_next_expiration_time
                0x00000000004067ca                etimer_stop
 .text          0x0000000000406833      0x3cb contiki-native.a(process.o)
                0x00000000004069b8                process_alloc_event
                0x00000000004069c9                process_exit
                0x00000000004069de                process_init
                0x0000000000406a0a                process_run
                0x0000000000406b06                process_nevents
                0x0000000000406b1a                process_post
                0x0000000000406b66                process_post_synch
                0x0000000000406b80                process_start
                0x0000000000406bd6                process_poll
                0x0000000000406bf3                process_is_running
 .text          0x0000000000406bfe       0x87 contiki-native.a(rtimer.o)
                0x0000000000406bfe                rtimer_init
                0x0000000000406c0c                rtimer_set
                0x0000000000406c46                rtimer_run_next
 .text          0x0000000000406c85       0x59 contiki-native.a(timer.o)
                0x0000000000406c85                timer_set
                0x0000000000406c97                timer_reset
                0x0000000000406c9f                timer_restart
                0x0000000000406cad                timer_expired
                0x0000000000406cc9                timer_remaining
 .text          0x0000000000406cde      0x187 contiki-native.a(serial-line.o)
                0x0000000000406dcf                serial_line_input_byte
                0x0000000000406e39                serial_line_init
 .text          0x0000000000406e65      0x144 contiki-native.a(list.o)
                0x0000000000406e65                list_init
                0x0000000000406e6d                list_head
                0x0000000000406e71                list_copy
                0x0000000000406e78                list_tail
                0x0000000000406e95                list_chop
                0x0000000000406ec8                list_pop
                0x0000000000406ed8                list_remove
                0x0000000000406f1a                list_add
                0x0000000000406f47                list_push
                0x0000000000406f61                list_length
                0x0000000000406f81                list_insert
                0x0000000000406f9a                list_item_next
 .text          0x0000000000406fa9       0x9b contiki-native.a(ringbuf.o)
                0x0000000000406fa9                ringbuf_init
                0x0000000000406fbb                ringbuf_put
                0x0000000000406ff7                ringbuf_get
                0x000000000040702b                ringbuf_size
                0x0000000000407033                ringbuf_elements
 .text          0x0000000000407044      0x8ea contiki-native.a(uip-ds6.o)
                0x0000000000407044                uip_ds6_list_loop
                0x00000000004070cf                uip_ds6_prefix_add
                0x0000000000407165                uip_ds6_prefix_rm
                0x000000000040716f                uip_ds6_prefix_lookup
                0x00000000004071a8                uip_ds6_is_addr_onlink
                0x0000000000407207                uip_ds6_addr_lookup
                0x0000000000407242                uip_ds6_get_link_local
                0x000000000040728b                uip_ds6_get_global
                0x00000000004072d4                uip_ds6_maddr_add
                0x0000000000407330                uip_ds6_addr_add
                0x0000000000407433                uip_ds6_maddr_rm
                0x000000000040743d                uip_ds6_maddr_lookup
                0x0000000000407478                uip_ds6_addr_rm
                0x0000000000407505                uip_ds6_periodic
                0x0000000000407571                uip_ds6_aaddr_add
                0x00000000004075cd                uip_ds6_aaddr_rm
                0x00000000004075d7                uip_ds6_aaddr_lookup
                0x0000000000407612                uip_ds6_set_addr_iid
                0x000000000040761e                get_match_length
                0x0000000000407679                uip_ds6_select_src
                0x0000000000407756                uip_ds6_compute_reachable_time
                0x0000000000407792                uip_ds6_init
 .text          0x000000000040792e      0x6a4 contiki-native.a(uip-ds6-route.o)
                0x000000000040798f                uip_ds6_notification_add
                0x00000000004079b4                uip_ds6_notification_rm
                0x00000000004079ca                uip_ds6_route_init
                0x0000000000407a14                uip_ds6_route_nexthop
                0x0000000000407a40                uip_ds6_route_head
                0x0000000000407a53                uip_ds6_route_next
                0x0000000000407a6e                uip_ds6_route_num_routes
                0x0000000000407a75                uip_ds6_route_lookup
                0x0000000000407b1a                uip_ds6_route_rm
                0x0000000000407c52                uip_ds6_route_add
                0x0000000000407ddd                uip_ds6_route_rm_by_nexthop
                0x0000000000407e00                uip_ds6_defrt_rm
                0x0000000000407e5b                uip_ds6_defrt_lookup
                0x0000000000407eb3                uip_ds6_defrt_add
                0x0000000000407f33                uip_ds6_defrt_choose
                0x0000000000407f83                uip_ds6_defrt_periodic
 .text          0x0000000000407fd2     0x1d87 contiki-native.a(uip6.o)
                0x0000000000408202                uip_add32
                0x00000000004082ca                uip_chksum
                0x00000000004082df                uip_icmp6chksum
                0x00000000004082eb                uip_tcpchksum
                0x00000000004082f7                uip_udpchksum
                0x0000000000408303                uip_init
                0x0000000000408371                uip_connect
                0x00000000004084b7                remove_ext_hdr
                0x0000000000408544                uip_udp_new
                0x0000000000408697                uip_unlisten
                0x000000000040870d                uip_listen
                0x0000000000408781                uip_process
                0x0000000000409cbc                uip_htons
                0x0000000000409cc3                uip_htonl
                0x0000000000409ce6                uip_send
 .text          0x0000000000409d59      0x419 contiki-native.a(uip-ds6-nbr.o)
                0x0000000000409d59                uip_ds6_nbr_rm
                0x0000000000409d85                uip_ds6_neighbors_init
                0x0000000000409d9f                uip_ds6_nbr_add
                0x0000000000409e1b                uip_ds6_nbr_get_ipaddr
                0x0000000000409e1f                uip_ds6_nbr_get_ll
                0x0000000000409e37                uip_ds6_nbr_num
                0x0000000000409e70                uip_ds6_nbr_lookup
                0x0000000000409edc                uip_ds6_nbr_ll_lookup
                0x0000000000409ef4                uip_ds6_nbr_ipaddr_from_lladdr
                0x0000000000409f02                uip_ds6_nbr_lladdr_from_ipaddr
                0x0000000000409f24                uip_ds6_link_neighbor_callback
                0x0000000000409f5d                uip_ds6_neighbor_periodic
                0x000000000040a102                uip_ds6_get_least_lifetime_neighbor
 .text          0x000000000040a172      0x986 contiki-native.a(uip-nd6.o)
                0x000000000040a8b1                uip_nd6_ns_output
                0x000000000040aadb                uip_nd6_init
 .text          0x000000000040aaf8     0x1671 contiki-native.a(sicslowpan.o)
                0x000000000040aaf8                sicslowpan_init
                0x000000000040c14e                rime_sniffer_add
                0x000000000040c156                rime_sniffer_remove
                0x000000000040c162                sicslowpan_get_last_rssi
 .text          0x000000000040c169       0xd6 contiki-native.a(uip-packetqueue)
                0x000000000040c183                uip_packetqueue_new
                0x000000000040c18b                uip_packetqueue_alloc
                0x000000000040c1d6                uip_packetqueue_free
                0x000000000040c205                uip_packetqueue_buf
                0x000000000040c218                uip_packetqueue_buflen
                0x000000000040c22e                uip_packetqueue_set_buflen
 .text          0x000000000040c23f      0x964 contiki-native.a(tcpip.o)
                0x000000000040c260                tcpip_output
                0x000000000040c27d                tcpip_set_outputfunc
                0x000000000040c285                tcp_unlisten
                0x000000000040c2fa                tcp_listen
                0x000000000040c383                tcp_attach
                0x000000000040c393                udp_attach
                0x000000000040c3a3                udp_new
                0x000000000040c3c5                udp_broadcast_new
                0x000000000040c445                icmp6_new
                0x000000000040c470                tcpip_icmp6_call
                0x000000000040c49b                tcpip_input
                0x000000000040c4c8                tcpip_ipv6_output
                0x000000000040ca88                tcpip_poll_udp
                0x000000000040caa3                tcpip_poll_tcp
                0x000000000040cabe                tcp_connect
                0x000000000040caf8                tcpip_uipcall
 .text          0x000000000040cba3      0x230 contiki-native.a(simple-udp.o)
                0x000000000040cc8c                simple_udp_send
                0x000000000040ccc6                simple_udp_sendto
                0x000000000040ccfc                simple_udp_sendto_port
                0x000000000040cd2a                simple_udp_register
 .text          0x000000000040cdd3      0x13d contiki-native.a(uip-debug.o)
                0x000000000040cdd3                uip_debug_ipaddr_print
                0x000000000040ce8f                uip_debug_lladdr_print
 .text          0x000000000040cf10      0x538 contiki-native.a(rpl-ext-header.)
                0x000000000040cf10                rpl_verify_header
                0x000000000040d010                rpl_update_header_empty
                0x000000000040d228                rpl_update_header_final
                0x000000000040d309                rpl_remove_header
                0x000000000040d388                rpl_invert_header
                0x000000000040d426                rpl_insert_header
 .text          0x000000000040d448      0x363 contiki-native.a(rpl.o)
                0x000000000040d448                rpl_get_mode
                0x000000000040d44f                rpl_set_mode
                0x000000000040d4a3                rpl_purge_routes
                0x000000000040d55b                rpl_remove_routes
                0x000000000040d58d                rpl_remove_routes_by_nexthop
                0x000000000040d5ed                rpl_add_route
                0x000000000040d629                rpl_link_neighbor_callback
                0x000000000040d6ea                rpl_ipv6_neighbor_callback
                0x000000000040d719                rpl_init
 .text          0x000000000040d7ab      0x186 contiki-native.a(rpl-mrhof.o)
 .text          0x000000000040d931     0x17c0 contiki-native.a(rpl-dag.o)
                0x000000000040dac9                rpl_get_nbr
                0x000000000040dafc                rpl_print_neighbor_list
                0x000000000040dc6e                rpl_dag_init
                0x000000000040dc88                rpl_get_parent
                0x000000000040dca0                rpl_get_parent_rank
                0x000000000040dcc8                rpl_get_parent_link_metric
                0x000000000040dcf0                rpl_get_parent_ipaddr
                0x000000000040dd10                rpl_set_prefix
                0x000000000040ddf1                rpl_set_default_route
                0x000000000040de58                rpl_alloc_instance
                0x000000000040de9c                rpl_set_default_instance
                0x000000000040dea4                rpl_get_default_instance
                0x000000000040deac                rpl_add_parent
                0x000000000040df16                rpl_find_parent
                0x000000000040df3d                rpl_find_parent_any_dag
                0x000000000040df74                rpl_select_parent
                0x000000000040e012                rpl_select_dag
                0x000000000040e264                rpl_nullify_parent
                0x000000000040e2d6                rpl_remove_parent
                0x000000000040e34d                rpl_free_dag
                0x000000000040e387                rpl_free_instance
                0x000000000040e418                rpl_move_parent
                0x000000000040e489                rpl_get_any_dag
                0x000000000040e4ad                rpl_get_instance
                0x000000000040e4d2                rpl_repair_root
                0x000000000040e54e                rpl_alloc_dag
                0x000000000040e5f3                rpl_set_root
                0x000000000040e76e                rpl_find_of
                0x000000000040e784                rpl_join_instance
                0x000000000040e93e                rpl_local_repair
                0x000000000040e9bc                rpl_process_parent_event
                0x000000000040ea5e                rpl_add_dag
                0x000000000040ebba                rpl_recalculate_ranks
                0x000000000040ec13                rpl_process_dio
                0x000000000040f0d9                rpl_lock_parent
 .text          0x000000000040f0f1      0x1ab contiki-native.a(queuebuf.o)
                0x000000000040f0f1                queuebuf_init
                0x000000000040f10e                queuebuf_numfree
                0x000000000040f121                queuebuf_new_from_packetbuf
                0x000000000040f194                queuebuf_update_attr_from_packetbuf
                0x000000000040f1b3                queuebuf_update_from_packetbuf
                0x000000000040f1db                queuebuf_free
                0x000000000040f20c                queuebuf_to_packetbuf
                0x000000000040f248                queuebuf_dataptr
                0x000000000040f269                queuebuf_datalen
                0x000000000040f274                queuebuf_addr
                0x000000000040f28a                queuebuf_attr
                0x000000000040f29a                queuebuf_debug_print
 .text          0x000000000040f29c      0x505 contiki-native.a(nbr-table.o)
                0x000000000040f3e7                nbr_table_register
                0x000000000040f418                nbr_table_next
                0x000000000040f48c                nbr_table_head
                0x000000000040f4e0                nbr_table_add_lladdr
                0x000000000040f6ca                nbr_table_get_from_lladdr
                0x000000000040f70a                nbr_table_remove
                0x000000000040f749                nbr_table_lock
                0x000000000040f760                nbr_table_unlock
                0x000000000040f777                nbr_table_get_lladdr
 .text          0x000000000040f7a1      0x37f contiki-native.a(packetbuf.o)
                0x000000000040f7a1                packetbuf_clear_hdr
                0x000000000040f7a9                packetbuf_compact
                0x000000000040f803                packetbuf_copyto_hdr
                0x000000000040f82d                packetbuf_copyto
                0x000000000040f8a6                packetbuf_hdr_remove
                0x000000000040f8ae                packetbuf_hdrreduce
                0x000000000040f8d8                packetbuf_set_datalen
                0x000000000040f8e0                packetbuf_dataptr
                0x000000000040f8ee                packetbuf_hdrptr
                0x000000000040f8fc                packetbuf_datalen
                0x000000000040f904                packetbuf_hdrlen
                0x000000000040f91c                packetbuf_totlen
                0x000000000040f92c                packetbuf_hdralloc
                0x000000000040f96c                packetbuf_attr_clear
                0x000000000040f9ab                packetbuf_clear
                0x000000000040f9dd                packetbuf_copyfrom
                0x000000000040fa1d                packetbuf_attr_copyto
                0x000000000040fa67                packetbuf_attr_copyfrom
                0x000000000040fab1                packetbuf_set_attr
                0x000000000040fac3                packetbuf_attr
                0x000000000040fad0                packetbuf_set_addr
                0x000000000040faf5                packetbuf_addr
                0x000000000040fb08                packetbuf_holds_broadcast
 .text          0x000000000040fb20       0x21 contiki-native.a(netstack.o)
                0x000000000040fb20                netstack_init
 .text          0x000000000040fb41       0x31 contiki-native.a(linkaddr.o)
                0x000000000040fb41                linkaddr_copy
                0x000000000040fb48                linkaddr_cmp
                0x000000000040fb63                linkaddr_set_node_addr
 .text          0x000000000040fb72       0x44 contiki-native.a(nullmac.o)
 .text          0x000000000040fbb6      0x13d contiki-native.a(nullrdc.o)
 .text          0x000000000040fcf3      0x2c2 contiki-native.a(framer-802154.o)
 .text          0x000000000040ffb5      0x437 contiki-native.a(frame802154.o)
                0x0000000000410023                frame802154_hdrlen
                0x000000000041007b                frame802154_create
                0x00000000004101c4                frame802154_parse
 .text          0x00000000004103ec       0x1b contiki-native.a(mac.o)
                0x00000000004103ec                mac_call_sent_callback
 .text          0x0000000000410407       0x24 contiki-native.a(framer.o)
                0x0000000000410407                framer_canonical_create_and_secure
 .text          0x000000000041042b       0x54 contiki-native.a(nullsec.o)
 .text          0x000000000041047f       0xa8 contiki-native.a(clock.o)
                0x000000000041047f                clock_time
                0x00000000004104e6                clock_seconds
                0x0000000000410525                clock_delay
 .text          0x0000000000410527       0xbe contiki-native.a(rtimer-arch.o)
                0x000000000041053f                rtimer_arch_init
                0x0000000000410557                rtimer_arch_schedule
 .text          0x00000000004105e5       0x16 contiki-native.a(watchdog.o)
                0x00000000004105e5                watchdog_init
                0x00000000004105e7                watchdog_start
                0x00000000004105e9                watchdog_periodic
                0x00000000004105eb                watchdog_stop
                0x00000000004105ed                watchdog_reboot
 .text          0x00000000004105fb       0x70 contiki-native.a(stimer.o)
                0x00000000004105fb                stimer_set
                0x000000000041060d                stimer_reset
                0x0000000000410615                stimer_restart
                0x0000000000410623                stimer_expired
                0x0000000000410648                stimer_remaining
                0x000000000041065d                stimer_elapsed
 .text          0x000000000041066b       0x54 contiki-native.a(nullradio.o)
 .text          0x00000000004106bf      0x138 contiki-native.a(memb.o)
                0x00000000004106bf                memb_init
                0x00000000004106f2                memb_alloc
                0x0000000000410746                memb_free
                0x00000000004107a2                memb_inmemb
                0x00000000004107ca                memb_numfree
 .text          0x00000000004107f7       0x1f contiki-native.a(random.o)
                0x00000000004107f7                random_init
                0x0000000000410808                random_rand
 .text          0x0000000000410816      0x738 contiki-native.a(uip-icmp6.o)
                0x0000000000410b88                uip_icmp6_input
                0x0000000000410bf2                uip_icmp6_register_input_handler
                0x0000000000410c08                uip_icmp6_error_output
                0x0000000000410e36                uip_icmp6_send
                0x0000000000410ef6                uip_icmp6_echo_reply_callback_add
                0x0000000000410f1b                uip_icmp6_echo_reply_callback_rm
                0x0000000000410f31                uip_icmp6_init
 .text          0x0000000000410f4e       0xce contiki-native.a(uip-udp-packet.)
                0x0000000000410f4e                uip_udp_packet_send
                0x0000000000410fac                uip_udp_packet_sendto
 .text          0x000000000041101c      0xebb contiki-native.a(rpl-icmp6.o)
                0x0000000000411475                dis_output
                0x000000000041150b                dio_output
                0x00000000004118d9                dao_output_target
                0x00000000004119ef                dao_output
                0x0000000000411a79                dao_ack_output
                0x0000000000411ea6                rpl_icmp6_register_handlers
 .text          0x0000000000411ed7      0x527 contiki-native.a(rpl-timers.o)
                0x00000000004121a7                rpl_reset_periodic_timer
                0x00000000004121f9                rpl_reset_dio_timer
                0x0000000000412224                rpl_schedule_dao
                0x0000000000412237                rpl_schedule_dao_immediately
                0x000000000041224a                rpl_cancel_dao
                0x0000000000412268                rpl_schedule_probing
 *fill*         0x00000000004123fe        0x2 
 .text          0x0000000000412400       0x72 /usr/lib/x86_64-linux-gnu/libc_nonshared.a(elf-init.oS)
                0x0000000000412400                __libc_csu_init
                0x0000000000412470                __libc_csu_fini
 .text          0x0000000000412472        0x0 /usr/lib/gcc/x86_64-linux-gnu/5/crtend.o
 .text          0x0000000000412472        0x0 /usr/lib/gcc/x86_64-linux-gnu/5/../../../x86_64-linux-gnu/crtn.o
 *(.gnu.warning)

.fini           0x0000000000412474        0x9
 *(SORT(.fini))
 .fini          0x0000000000412474        0x4 /usr/lib/gcc/x86_64-linux-gnu/5/../../../x86_64-linux-gnu/crti.o
                0x0000000000412474                _fini
 .fini          0x0000000000412478        0x5 /usr/lib/gcc/x86_64-linux-gnu/5/../../../x86_64-linux-gnu/crtn.o
                [!provide]                        PROVIDE (__etext, .)
                [!provide]                        PROVIDE (_etext, .)
                [!provide]                        PROVIDE (etext, .)

.rodata         0x0000000000412480      0x7d0
 *(.rodata .rodata.* .gnu.linkonce.r.*)
 .rodata.cst4   0x0000000000412480        0x4 /usr/lib/gcc/x86_64-linux-gnu/5/../../../x86_64-linux-gnu/crt1.o
                0x0000000000412480                _IO_stdin_used
 .rodata.str1.1
                0x0000000000412484       0x25 receiver.co
 *fill*         0x00000000004124a9        0x7 
 .rodata.str1.8
                0x00000000004124b0       0x51 receiver.co
 *fill*         0x0000000000412501        0xf 
 .rodata        0x0000000000412510       0x10 receiver.co
                0x0000000000412510                autostart_processes
 .rodata.str1.8
                0x0000000000412520       0x4b contiki-native.a(contiki-main.o)
 .rodata.str1.1
                0x000000000041256b       0x5e contiki-native.a(contiki-main.o)
                                         0x62 (size before relaxing)
 *fill*         0x00000000004125c9        0x7 
 .rodata        0x00000000004125d0       0x18 contiki-native.a(contiki-main.o)
 .rodata.str1.1
                0x00000000004125e8        0x7 contiki-native.a(button-sensor.o)
 *fill*         0x00000000004125ef       0x11 
 .rodata        0x0000000000412600       0x20 contiki-native.a(button-sensor.o)
                0x0000000000412600                button_sensor
 .rodata.str1.1
                0x0000000000412620        0x4 contiki-native.a(pir-sensor.o)
 *fill*         0x0000000000412624       0x1c 
 .rodata        0x0000000000412640       0x20 contiki-native.a(pir-sensor.o)
                0x0000000000412640                pir_sensor
 .rodata.str1.1
                0x0000000000412660        0xa contiki-native.a(vib-sensor.o)
 *fill*         0x000000000041266a       0x16 
 .rodata        0x0000000000412680       0x20 contiki-native.a(vib-sensor.o)
                0x0000000000412680                vib_sensor
 .rodata.str1.1
                0x00000000004126a0        0x8 contiki-native.a(sensors.o)
 .rodata.str1.1
                0x00000000004126a8        0xf contiki-native.a(ctimer.o)
 .rodata.str1.1
                0x00000000004126b7        0xc contiki-native.a(etimer.o)
 .rodata.str1.1
                0x00000000004126c3        0xe contiki-native.a(serial-line.o)
 *fill*         0x00000000004126d1        0x7 
 .rodata        0x00000000004126d8      0x2f0 contiki-native.a(uip6.o)
 .rodata.str1.1
                0x00000000004129c8        0xb contiki-native.a(sicslowpan.o)
 *fill*         0x00000000004129d3        0xd 
 .rodata        0x00000000004129e0       0x2a contiki-native.a(sicslowpan.o)
                0x00000000004129e0                sicslowpan_driver
                0x00000000004129fc                llprefix
                0x00000000004129fe                unc_mxconf
                0x0000000000412a02                unc_ctxconf
                0x0000000000412a06                unc_llconf
 .rodata.str1.1
                0x0000000000412a0a        0xd contiki-native.a(tcpip.o)
 .rodata.str1.1
                0x0000000000412a17       0x13 contiki-native.a(simple-udp.o)
 .rodata.str1.1
                0x0000000000412a2a       0x29 contiki-native.a(uip-debug.o)
 *fill*         0x0000000000412a53        0x5 
 .rodata.str1.8
                0x0000000000412a58       0x60 contiki-native.a(rpl-dag.o)
                                         0x5e (size before relaxing)
 .rodata.str1.1
                0x0000000000412ab8       0x11 contiki-native.a(rpl-dag.o)
 *fill*         0x0000000000412ac9        0x7 
 .rodata        0x0000000000412ad0        0x8 contiki-native.a(linkaddr.o)
                0x0000000000412ad0                linkaddr_null
 .rodata.str1.1
                0x0000000000412ad8        0x8 contiki-native.a(nullmac.o)
 .rodata        0x0000000000412ae0       0x38 contiki-native.a(nullmac.o)
                0x0000000000412ae0                nullmac_driver
 .rodata.str1.1
                0x0000000000412b18        0x8 contiki-native.a(nullrdc.o)
 .rodata        0x0000000000412b20       0x40 contiki-native.a(nullrdc.o)
                0x0000000000412b20                nullrdc_driver
 .rodata        0x0000000000412b60       0x20 contiki-native.a(framer-802154.o)
                0x0000000000412b60                framer_802154
 .rodata.str1.1
                0x0000000000412b80        0x8 contiki-native.a(nullsec.o)
 *fill*         0x0000000000412b88       0x18 
 .rodata        0x0000000000412ba0       0x30 contiki-native.a(nullsec.o)
                0x0000000000412ba0                nullsec_driver
 *fill*         0x0000000000412bd0       0x10 
 .rodata        0x0000000000412be0       0x70 contiki-native.a(nullradio.o)
                0x0000000000412be0                nullradio_driver

.rodata1
 *(.rodata1)

.eh_frame_hdr   0x0000000000412c50      0xdbc
 *(.eh_frame_hdr)
 .eh_frame_hdr  0x0000000000412c50      0xdbc /usr/lib/gcc/x86_64-linux-gnu/5/../../../x86_64-linux-gnu/crt1.o
                0x0000000000412c50                __GNU_EH_FRAME_HDR
 *(.eh_frame_entry .eh_frame_entry.*)

.eh_frame       0x0000000000413a10     0x379c
 *(.eh_frame)
 .eh_frame      0x0000000000413a10       0x30 /usr/lib/gcc/x86_64-linux-gnu/5/../../../x86_64-linux-gnu/crt1.o
 .eh_frame      0x0000000000413a40       0x40 /usr/lib/gcc/x86_64-linux-gnu/5/../../../x86_64-linux-gnu/crt1.o
 .eh_frame      0x0000000000413a80       0x80 receiver.co
                                         0x90 (size before relaxing)
 .eh_frame      0x0000000000413b00       0xb0 contiki-native.a(contiki-main.o)
                                         0xc0 (size before relaxing)
 .eh_frame      0x0000000000413bb0       0x60 contiki-native.a(button-sensor.o)
                                         0x70 (size before relaxing)
 .eh_frame      0x0000000000413c10       0x60 contiki-native.a(pir-sensor.o)
                                         0x70 (size before relaxing)
 .eh_frame      0x0000000000413c70       0x60 contiki-native.a(vib-sensor.o)
                                         0x70 (size before relaxing)
 .eh_frame      0x0000000000413cd0       0xa8 contiki-native.a(sensors.o)
                                         0xb0 (size before relaxing)
 .eh_frame      0x0000000000413d78       0x50 contiki-native.a(autostart.o)
                                         0x68 (size before relaxing)
 .eh_frame      0x0000000000413dc8      0x100 contiki-native.a(ctimer.o)
                                        0x110 (size before relaxing)
 .eh_frame      0x0000000000413ec8      0x190 contiki-native.a(etimer.o)
                                        0x180 (size before relaxing)
 .eh_frame      0x0000000000414058      0x180 contiki-native.a(process.o)
                                        0x178 (size before relaxing)
 .eh_frame      0x00000000004141d8       0x48 contiki-native.a(rtimer.o)
                                         0x60 (size before relaxing)
 .eh_frame      0x0000000000414220       0x98 contiki-native.a(timer.o)
                                         0xa0 (size before relaxing)
 .eh_frame      0x00000000004142b8       0x58 contiki-native.a(serial-line.o)
                                         0x70 (size before relaxing)
 .eh_frame      0x0000000000414310      0x140 contiki-native.a(list.o)
                                        0x128 (size before relaxing)
 .eh_frame      0x0000000000414450       0x78 contiki-native.a(ringbuf.o)
                                         0x80 (size before relaxing)
 .eh_frame      0x00000000004144c8      0x2f0 contiki-native.a(uip-ds6.o)
                                        0x2d8 (size before relaxing)
 .eh_frame      0x00000000004147b8      0x2c0 contiki-native.a(uip-ds6-route.o)
                                        0x2b8 (size before relaxing)
 .eh_frame      0x0000000000414a78      0x210 contiki-native.a(uip6.o)
                                        0x1f0 (size before relaxing)
 .eh_frame      0x0000000000414c88      0x1c8 contiki-native.a(uip-ds6-nbr.o)
                                        0x1d0 (size before relaxing)
 .eh_frame      0x0000000000414e50       0xd0 contiki-native.a(uip-nd6.o)
                                         0xe0 (size before relaxing)
 .eh_frame      0x0000000000414f20      0x1c0 contiki-native.a(sicslowpan.o)
                                        0x1b8 (size before relaxing)
 .eh_frame      0x00000000004150e0       0xd0 contiki-native.a(uip-packetqueue)
 .eh_frame      0x00000000004151b0      0x210 contiki-native.a(tcpip.o)
                                        0x208 (size before relaxing)
 .eh_frame      0x00000000004153c0       0xd0 contiki-native.a(simple-udp.o)
                                         0xe0 (size before relaxing)
 .eh_frame      0x0000000000415490       0x68 contiki-native.a(uip-debug.o)
                                         0x80 (size before relaxing)
 .eh_frame      0x00000000004154f8       0xe0 contiki-native.a(rpl-ext-header.)
                                         0xf0 (size before relaxing)
 .eh_frame      0x00000000004155d8      0x120 contiki-native.a(rpl.o)
                                        0x128 (size before relaxing)
 .eh_frame      0x00000000004156f8      0x100 contiki-native.a(rpl-mrhof.o)
 .eh_frame      0x00000000004157f8      0x678 contiki-native.a(rpl-dag.o)
                                        0x630 (size before relaxing)
 .eh_frame      0x0000000000415e70      0x150 contiki-native.a(queuebuf.o)
                                        0x148 (size before relaxing)
 .eh_frame      0x0000000000415fc0      0x220 contiki-native.a(nbr-table.o)
                                        0x210 (size before relaxing)
 .eh_frame      0x00000000004161e0      0x270 contiki-native.a(packetbuf.o)
                                        0x248 (size before relaxing)
 .eh_frame      0x0000000000416450       0x18 contiki-native.a(netstack.o)
                                         0x30 (size before relaxing)
 .eh_frame      0x0000000000416468       0x48 contiki-native.a(linkaddr.o)
                                         0x58 (size before relaxing)
 .eh_frame      0x00000000004164b0       0x90 contiki-native.a(nullmac.o)
                                         0xa0 (size before relaxing)
 .eh_frame      0x0000000000416540       0xf0 contiki-native.a(nullrdc.o)
                                        0x100 (size before relaxing)
 .eh_frame      0x0000000000416630       0x80 contiki-native.a(framer-802154.o)
                                         0x98 (size before relaxing)
 .eh_frame      0x00000000004166b0       0xa0 contiki-native.a(frame802154.o)
                                         0xb0 (size before relaxing)
 .eh_frame      0x0000000000416750       0x18 contiki-native.a(mac.o)
                                         0x30 (size before relaxing)
 .eh_frame      0x0000000000416768       0x20 contiki-native.a(framer.o)
                                         0x38 (size before relaxing)
 .eh_frame      0x0000000000416788       0x88 contiki-native.a(nullsec.o)
                                         0x98 (size before relaxing)
 .eh_frame      0x0000000000416810       0x48 contiki-native.a(clock.o)
                                         0x60 (size before relaxing)
 .eh_frame      0x0000000000416858       0x50 contiki-native.a(rtimer-arch.o)
                                         0x68 (size before relaxing)
 .eh_frame      0x00000000004168a8       0x78 contiki-native.a(watchdog.o)
                                         0x80 (size before relaxing)
 .eh_frame      0x0000000000416920       0xb8 contiki-native.a(stimer.o)
 .eh_frame      0x00000000004169d8      0x150 contiki-native.a(nullradio.o)
                                        0x130 (size before relaxing)
 .eh_frame      0x0000000000416b28       0x80 contiki-native.a(memb.o)
                                         0x88 (size before relaxing)
 .eh_frame      0x0000000000416ba8       0x30 contiki-native.a(random.o)
                                         0x48 (size before relaxing)
 .eh_frame      0x0000000000416bd8      0x150 contiki-native.a(uip-icmp6.o)
                                        0x160 (size before relaxing)
 .eh_frame      0x0000000000416d28       0x50 contiki-native.a(uip-udp-packet.)
                                         0x68 (size before relaxing)
 .eh_frame      0x0000000000416d78      0x210 contiki-native.a(rpl-icmp6.o)
                                        0x208 (size before relaxing)
 .eh_frame      0x0000000000416f88      0x1c0 contiki-native.a(rpl-timers.o)
 .eh_frame      0x0000000000417148       0x60 /usr/lib/x86_64-linux-gnu/libc_nonshared.a(elf-init.oS)
                                         0x78 (size before relaxing)
 .eh_frame      0x00000000004171a8        0x4 /usr/lib/gcc/x86_64-linux-gnu/5/crtend.o
 *(.eh_frame.*)

.gcc_except_table
 *(.gcc_except_table .gcc_except_table.*)

.gnu_extab
 *(.gnu_extab*)

.exception_ranges
 *(.exception_ranges .exception_ranges*)
                0x0000000000617e10                . = DATA_SEGMENT_ALIGN (0x200000, 0x1000)

.eh_frame
 *(.eh_frame)
 *(.eh_frame.*)

.gnu_extab
 *(.gnu_extab)

.gcc_except_table
 *(.gcc_except_table .gcc_except_table.*)

.exception_ranges
 *(.exception_ranges .exception_ranges*)

.tdata
 *(.tdata .tdata.* .gnu.linkonce.td.*)

.tbss
 *(.tbss .tbss.* .gnu.linkonce.tb.*)
 *(.tcommon)

.preinit_array  0x0000000000617e10        0x0
                [!provide]                        PROVIDE (__preinit_array_start, .)
 *(.preinit_array)
                [!provide]                        PROVIDE (__preinit_array_end, .)

.init_array     0x0000000000617e10        0x8
                0x0000000000617e10                PROVIDE (__init_array_start, .)
 *(SORT(.init_array.*) SORT(.ctors.*))
 *(.init_array EXCLUDE_FILE(*crtend?.o *crtend.o *crtbegin?.o *crtbegin.o) .ctors)
 .init_array    0x0000000000617e10        0x8 /usr/lib/gcc/x86_64-linux-gnu/5/crtbegin.o
                0x0000000000617e18                PROVIDE (__init_array_end, .)

.fini_array     0x0000000000617e18        0x8
                [!provide]                        PROVIDE (__fini_array_start, .)
 *(SORT(.fini_array.*) SORT(.dtors.*))
 *(.fini_array EXCLUDE_FILE(*crtend?.o *crtend.o *crtbegin?.o *crtbegin.o) .dtors)
 .fini_array    0x0000000000617e18        0x8 /usr/lib/gcc/x86_64-linux-gnu/5/crtbegin.o
                [!provide]                        PROVIDE (__fini_array_end, .)

.ctors
 *crtbegin.o(.ctors)
 *crtbegin?.o(.ctors)
 *(EXCLUDE_FILE(*crtend?.o *crtend.o) .ctors)
 *(SORT(.ctors.*))
 *(.ctors)

.dtors
 *crtbegin.o(.dtors)
 *crtbegin?.o(.dtors)
 *(EXCLUDE_FILE(*crtend?.o *crtend.o) .dtors)
 *(SORT(.dtors.*))
 *(.dtors)

.jcr            0x0000000000617e20        0x8
 *(.jcr)
 .jcr           0x0000000000617e20        0x0 /usr/lib/gcc/x86_64-linux-gnu/5/crtbegin.o
 .jcr           0x0000000000617e20        0x8 /usr/lib/gcc/x86_64-linux-gnu/5/crtend.o

.data.rel.ro
 *(.data.rel.ro.local* .gnu.linkonce.d.rel.ro.local.*)
 *(.data.rel.ro .data.rel.ro.* .gnu.linkonce.d.rel.ro.*)

.dynamic        0x0000000000617e28      0x1d0
 *(.dynamic)
 .dynamic       0x0000000000617e28      0x1d0 /usr/lib/gcc/x86_64-linux-gnu/5/../../../x86_64-linux-gnu/crt1.o
                0x0000000000617e28                _DYNAMIC

.got            0x0000000000617ff8        0x8
 *(.got)
 .got           0x0000000000617ff8        0x8 /usr/lib/gcc/x86_64-linux-gnu/5/../../../x86_64-linux-gnu/crt1.o
 *(.igot)
                0x0000000000618fe8                . = DATA_SEGMENT_RELRO_END (., (SIZEOF (.got.plt) >= 0x18)?0x18:0x0)

.got.plt        0x0000000000618000       0xd8
 *(.got.plt)
 .got.plt       0x0000000000618000       0xd8 /usr/lib/gcc/x86_64-linux-gnu/5/../../../x86_64-linux-gnu/crt1.o
                0x0000000000618000                _GLOBAL_OFFSET_TABLE_
 *(.igot.plt)
 .igot.plt      0x00000000006180d8        0x0 /usr/lib/gcc/x86_64-linux-gnu/5/../../../x86_64-linux-gnu/crt1.o

.data           0x00000000006180e0      0x3c9
 *(.data .data.* .gnu.linkonce.d.*)
 .data          0x00000000006180e0        0x4 /usr/lib/gcc/x86_64-linux-gnu/5/../../../x86_64-linux-gnu/crt1.o
                0x00000000006180e0                data_start
                0x00000000006180e0                __data_start
 .data          0x00000000006180e4        0x0 /usr/lib/gcc/x86_64-linux-gnu/5/../../../x86_64-linux-gnu/crti.o
 *fill*         0x00000000006180e4        0x4 
 .data          0x00000000006180e8        0x8 /usr/lib/gcc/x86_64-linux-gnu/5/crtbegin.o
                0x00000000006180e8                __dso_handle
 *fill*         0x00000000006180f0       0x10 
 .data          0x0000000000618100       0x20 receiver.co
                0x0000000000618100                unicast_receiver_process
 .data          0x0000000000618120       0x20 contiki-native.a(contiki-main.o)
                0x0000000000618120                sensors
 .data          0x0000000000618140        0x0 contiki-native.a(button-sensor.o)
 .data          0x0000000000618140        0x0 contiki-native.a(pir-sensor.o)
 .data          0x0000000000618140        0x0 contiki-native.a(vib-sensor.o)
 .data          0x0000000000618140       0x20 contiki-native.a(sensors.o)
                0x0000000000618140                sensors_process
 .data          0x0000000000618160        0x0 contiki-native.a(autostart.o)
 .data          0x0000000000618160       0x20 contiki-native.a(ctimer.o)
                0x0000000000618160                ctimer_process
 .data          0x0000000000618180       0x20 contiki-native.a(etimer.o)
                0x0000000000618180                etimer_process
 .data          0x00000000006181a0        0x0 contiki-native.a(process.o)
 .data          0x00000000006181a0        0x0 contiki-native.a(rtimer.o)
 .data          0x00000000006181a0        0x0 contiki-native.a(timer.o)
 .data          0x00000000006181a0       0x20 contiki-native.a(serial-line.o)
                0x00000000006181a0                serial_line_process
 .data          0x00000000006181c0        0x0 contiki-native.a(list.o)
 .data          0x00000000006181c0        0x0 contiki-native.a(ringbuf.o)
 .data          0x00000000006181c0        0x0 contiki-native.a(uip-ds6.o)
 .data          0x00000000006181c0       0x78 contiki-native.a(uip-ds6-route.o)
 .data          0x0000000000618238        0x0 contiki-native.a(uip6.o)
 *fill*         0x0000000000618238        0x8 
 .data          0x0000000000618240       0x28 contiki-native.a(uip-ds6-nbr.o)
                0x0000000000618240                ds6_neighbors
 *fill*         0x0000000000618268        0x8 
 .data          0x0000000000618270       0x38 contiki-native.a(uip-nd6.o)
 .data          0x00000000006182a8        0x0 contiki-native.a(sicslowpan.o)
 *fill*         0x00000000006182a8        0x8 
 .data          0x00000000006182b0       0x18 contiki-native.a(uip-packetqueue)
 *fill*         0x00000000006182c8       0x18 
 .data          0x00000000006182e0       0x20 contiki-native.a(tcpip.o)
                0x00000000006182e0                tcpip_process
 .data          0x0000000000618300       0x20 contiki-native.a(simple-udp.o)
                0x0000000000618300                simple_udp_process
 .data          0x0000000000618320        0x0 contiki-native.a(uip-debug.o)
 .data          0x0000000000618320        0x0 contiki-native.a(rpl-ext-header.)
 .data          0x0000000000618320        0x0 contiki-native.a(rpl.o)
 .data          0x0000000000618320       0x38 contiki-native.a(rpl-mrhof.o)
                0x0000000000618320                rpl_mrhof
 *fill*         0x0000000000618358        0x8 
 .data          0x0000000000618360       0x28 contiki-native.a(rpl-dag.o)
                0x0000000000618360                rpl_parents
 *fill*         0x0000000000618388        0x8 
 .data          0x0000000000618390       0x38 contiki-native.a(queuebuf.o)
 *fill*         0x00000000006183c8        0x8 
 .data          0x00000000006183d0       0x18 contiki-native.a(nbr-table.o)
 .data          0x00000000006183e8        0x0 contiki-native.a(packetbuf.o)
 .data          0x00000000006183e8        0x0 contiki-native.a(netstack.o)
 .data          0x00000000006183e8        0x0 contiki-native.a(linkaddr.o)
 .data          0x00000000006183e8        0x0 contiki-native.a(nullmac.o)
 .data          0x00000000006183e8        0x0 contiki-native.a(nullrdc.o)
 .data          0x00000000006183e8        0x0 contiki-native.a(framer-802154.o)
 .data          0x00000000006183e8        0x0 contiki-native.a(frame802154.o)
 .data          0x00000000006183e8        0x0 contiki-native.a(mac.o)
 .data          0x00000000006183e8        0x0 contiki-native.a(framer.o)
 .data          0x00000000006183e8        0x0 contiki-native.a(nullsec.o)
 .data          0x00000000006183e8        0x0 contiki-native.a(clock.o)
 .data          0x00000000006183e8        0x0 contiki-native.a(rtimer-arch.o)
 .data          0x00000000006183e8        0x0 contiki-native.a(watchdog.o)
 .data          0x00000000006183e8        0x0 contiki-native.a(stimer.o)
 .data          0x00000000006183e8        0x0 contiki-native.a(nullradio.o)
 .data          0x00000000006183e8        0x0 contiki-native.a(memb.o)
 .data          0x00000000006183e8        0x0 contiki-native.a(random.o)
 *fill*         0x00000000006183e8        0x8 
 .data          0x00000000006183f0       0x38 contiki-native.a(uip-icmp6.o)
 .data          0x0000000000618428        0x0 contiki-native.a(uip-udp-packet.)
 *fill*         0x0000000000618428        0x8 
 .data          0x0000000000618430       0x79 contiki-native.a(rpl-icmp6.o)
 .data          0x00000000006184a9        0x0 contiki-native.a(rpl-timers.o)
 .data          0x00000000006184a9        0x0 /usr/lib/x86_64-linux-gnu/libc_nonshared.a(elf-init.oS)
 .data          0x00000000006184a9        0x0 /usr/lib/gcc/x86_64-linux-gnu/5/crtend.o
 .data          0x00000000006184a9        0x0 /usr/lib/gcc/x86_64-linux-gnu/5/../../../x86_64-linux-gnu/crtn.o

.tm_clone_table
                0x00000000006184b0        0x0
 .tm_clone_table
                0x00000000006184b0        0x0 /usr/lib/gcc/x86_64-linux-gnu/5/crtbegin.o
 .tm_clone_table
                0x00000000006184b0        0x0 /usr/lib/gcc/x86_64-linux-gnu/5/crtend.o

.data1
 *(.data1)
                0x00000000006184b0                _edata = .
                [!provide]                        PROVIDE (edata, .)
                0x00000000006184b0                . = .
                0x00000000006184b0                __bss_start = .

.bss            0x00000000006184c0     0x4548
 *(.dynbss)
 .dynbss        0x00000000006184c0       0x28 /usr/lib/gcc/x86_64-linux-gnu/5/../../../x86_64-linux-gnu/crt1.o
                0x00000000006184c0                stdout@@GLIBC_2.2.5
                0x00000000006184e0                stderr@@GLIBC_2.2.5
 *(.bss .bss.* .gnu.linkonce.b.*)
 .bss           0x00000000006184e8        0x0 /usr/lib/gcc/x86_64-linux-gnu/5/../../../x86_64-linux-gnu/crt1.o
 .bss           0x00000000006184e8        0x0 /usr/lib/gcc/x86_64-linux-gnu/5/../../../x86_64-linux-gnu/crti.o
 .bss           0x00000000006184e8        0x1 /usr/lib/gcc/x86_64-linux-gnu/5/crtbegin.o
 *fill*         0x00000000006184e9       0x17 
 .bss           0x0000000000618500       0x58 receiver.co
 *fill*         0x0000000000618558        0x8 
 .bss           0x0000000000618560       0x60 contiki-native.a(contiki-main.o)
                0x0000000000618560                contiki_argc
 .bss           0x00000000006185c0        0x0 contiki-native.a(button-sensor.o)
 .bss           0x00000000006185c0        0x4 contiki-native.a(pir-sensor.o)
 .bss           0x00000000006185c4        0x4 contiki-native.a(vib-sensor.o)
 .bss           0x00000000006185c8        0x9 contiki-native.a(sensors.o)
 .bss           0x00000000006185d1        0x0 contiki-native.a(autostart.o)
 *fill*         0x00000000006185d1        0x7 
 .bss           0x00000000006185d8       0x10 contiki-native.a(ctimer.o)
 .bss           0x00000000006185e8       0x10 contiki-native.a(etimer.o)
 *fill*         0x00000000006185f8        0x8 
 .bss           0x0000000000618600      0x343 contiki-native.a(process.o)
                0x0000000000618600                process_current
                0x0000000000618608                process_list
 *fill*         0x0000000000618943        0x5 
 .bss           0x0000000000618948        0x8 contiki-native.a(rtimer.o)
 .bss           0x0000000000618950        0x0 contiki-native.a(timer.o)
 *fill*         0x0000000000618950       0x10 
 .bss           0x0000000000618960      0x150 contiki-native.a(serial-line.o)
 .bss           0x0000000000618ab0        0x0 contiki-native.a(list.o)
 .bss           0x0000000000618ab0        0x0 contiki-native.a(ringbuf.o)
 .bss           0x0000000000618ab0       0x30 contiki-native.a(uip-ds6.o)
 .bss           0x0000000000618ae0      0xc40 contiki-native.a(uip-ds6-route.o)
 .bss           0x0000000000619720        0xd contiki-native.a(uip6.o)
                0x0000000000619720                uip_ext_opt_offset
                0x0000000000619721                uip_ext_len
                0x0000000000619722                uip_ext_bitmap
 *fill*         0x000000000061972d       0x13 
 .bss           0x0000000000619740      0x780 contiki-native.a(uip-ds6-nbr.o)
 .bss           0x0000000000619ec0       0x19 contiki-native.a(uip-nd6.o)
 *fill*         0x0000000000619ed9        0x7 
 .bss           0x0000000000619ee0      0x220 contiki-native.a(sicslowpan.o)
 .bss           0x000000000061a100      0x3f2 contiki-native.a(uip-packetqueue)
 *fill*         0x000000000061a4f2        0xe 
 .bss           0x000000000061a500      0x2e0 contiki-native.a(tcpip.o)
 .bss           0x000000000061a7e0      0x1a5 contiki-native.a(simple-udp.o)
 .bss           0x000000000061a985        0x0 contiki-native.a(uip-debug.o)
 .bss           0x000000000061a985        0x0 contiki-native.a(rpl-ext-header.)
 *fill*         0x000000000061a985        0x3 
 .bss           0x000000000061a988        0x4 contiki-native.a(rpl.o)
 .bss           0x000000000061a98c        0x0 contiki-native.a(rpl-mrhof.o)
 *fill*         0x000000000061a98c       0x14 
 .bss           0x000000000061a9a0      0x4b0 contiki-native.a(rpl-dag.o)
 *fill*         0x000000000061ae50       0x10 
 .bss           0x000000000061ae60      0x5e8 contiki-native.a(queuebuf.o)
 *fill*         0x000000000061b448       0x18 
 .bss           0x000000000061b460      0x2be contiki-native.a(nbr-table.o)
 *fill*         0x000000000061b71e        0x2 
 .bss           0x000000000061b720       0xd6 contiki-native.a(packetbuf.o)
 .bss           0x000000000061b7f6        0x0 contiki-native.a(netstack.o)
 .bss           0x000000000061b7f6        0x0 contiki-native.a(linkaddr.o)
 .bss           0x000000000061b7f6        0x0 contiki-native.a(nullmac.o)
 .bss           0x000000000061b7f6        0x0 contiki-native.a(nullrdc.o)
 .bss           0x000000000061b7f6        0x2 contiki-native.a(framer-802154.o)
 .bss           0x000000000061b7f8        0x0 contiki-native.a(frame802154.o)
 .bss           0x000000000061b7f8        0x0 contiki-native.a(mac.o)
 .bss           0x000000000061b7f8        0x0 contiki-native.a(framer.o)
 .bss           0x000000000061b7f8        0x0 contiki-native.a(nullsec.o)
 .bss           0x000000000061b7f8        0x0 contiki-native.a(clock.o)
 .bss           0x000000000061b7f8        0x0 contiki-native.a(rtimer-arch.o)
 .bss           0x000000000061b7f8        0x0 contiki-native.a(watchdog.o)
 .bss           0x000000000061b7f8        0x0 contiki-native.a(stimer.o)
 .bss           0x000000000061b7f8        0x0 contiki-native.a(nullradio.o)
 .bss           0x000000000061b7f8        0x0 contiki-native.a(memb.o)
 .bss           0x000000000061b7f8        0x0 contiki-native.a(random.o)
 *fill*         0x000000000061b7f8        0x8 
 .bss           0x000000000061b800       0x20 contiki-native.a(uip-icmp6.o)
 .bss           0x000000000061b820        0x0 contiki-native.a(uip-udp-packet.)
 .bss           0x000000000061b820        0x0 contiki-native.a(rpl-icmp6.o)
 .bss           0x000000000061b820       0x60 contiki-native.a(rpl-timers.o)
 .bss           0x000000000061b880        0x0 /usr/lib/x86_64-linux-gnu/libc_nonshared.a(elf-init.oS)
 .bss           0x000000000061b880        0x0 /usr/lib/gcc/x86_64-linux-gnu/5/crtend.o
 .bss           0x000000000061b880        0x0 /usr/lib/gcc/x86_64-linux-gnu/5/../../../x86_64-linux-gnu/crtn.o
 *(COMMON)
 COMMON         0x000000000061b880        0xc contiki-native.a(contiki-main.o)
                0x000000000061b880                contiki_argv
                0x000000000061b888                sensors_flags
 COMMON         0x000000000061b88c        0x1 contiki-native.a(sensors.o)
                0x000000000061b88c                sensors_event
 COMMON         0x000000000061b88d        0x1 contiki-native.a(serial-line.o)
                0x000000000061b88d                serial_line_event_message
 *fill*         0x000000000061b88e       0x12 
 COMMON         0x000000000061b8a0      0x1c1 contiki-native.a(uip-ds6.o)
                0x000000000061b8a0                uip_ds6_prefix_list
                0x000000000061b900                uip_ds6_timer_periodic
                0x000000000061b920                uip_ds6_netif_addr_list_offset
                0x000000000061b940                uip_ds6_if
                0x000000000061ba50                uip_ds6_timer_ra
                0x000000000061ba60                uip_ds6_addr_size
 *fill*         0x000000000061ba61       0x1f 
 COMMON         0x000000000061ba80      0xd38 contiki-native.a(uip6.o)
                0x000000000061ba80                uip_slen
                0x000000000061ba82                uip_acc32
                0x000000000061baa0                uip_conns
                0x000000000061c360                uip_icmp6_conns
                0x000000000061c370                uip_lladdr
                0x000000000061c378                uip_appdata
                0x000000000061c380                uip_flags
                0x000000000061c3a0                uip_aligned_buf
                0x000000000061c560                uip_listenports
                0x000000000061c5b0                uip_len
                0x000000000061c5b8                uip_sappdata
                0x000000000061c5c0                uip_udp_conns
                0x000000000061c7a0                uip_udp_conn
                0x000000000061c7a8                uip_next_hdr
                0x000000000061c7b0                uip_conn
 COMMON         0x000000000061c7b8        0x8 contiki-native.a(sicslowpan.o)
                0x000000000061c7b8                frag_sender
 COMMON         0x000000000061c7c0        0x2 contiki-native.a(tcpip.o)
                0x000000000061c7c0                tcpip_icmp6_event
                0x000000000061c7c1                tcpip_event
 *fill*         0x000000000061c7c2       0x1e 
 COMMON         0x000000000061c7e0      0x1f0 contiki-native.a(rpl-dag.o)
                0x000000000061c7e0                default_instance
                0x000000000061c800                instance_table
 COMMON         0x000000000061c9d0       0x30 contiki-native.a(packetbuf.o)
                0x000000000061c9d0                packetbuf_attrs
                0x000000000061c9f0                packetbuf_addrs
 COMMON         0x000000000061ca00        0x8 contiki-native.a(linkaddr.o)
                0x000000000061ca00                linkaddr_node_addr
                0x000000000061ca08                . = ALIGN ((. != 0x0)?0x8:0x1)

.lbss
 *(.dynlbss)
 *(.lbss .lbss.* .gnu.linkonce.lb.*)
 *(LARGE_COMMON)
                0x000000000061ca08                . = ALIGN (0x8)
                0x000000000061ca08                . = SEGMENT_START ("ldata-segment", .)

.lrodata
 *(.lrodata .lrodata.* .gnu.linkonce.lr.*)

.ldata          0x0000000000a1ca08        0x0
 *(.ldata .ldata.* .gnu.linkonce.l.*)
                0x0000000000a1ca08                . = ALIGN ((. != 0x0)?0x8:0x1)
                0x0000000000a1ca08                . = ALIGN (0x8)
                0x0000000000a1ca08                _end = .
                [!provide]                        PROVIDE (end, .)
                0x0000000000a1ca08                . = DATA_SEGMENT_END (.)

.stab
 *(.stab)

.stabstr
 *(.stabstr)

.stab.excl
 *(.stab.excl)

.stab.exclstr
 *(.stab.exclstr)

.stab.index
 *(.stab.index)

.stab.indexstr
 *(.stab.indexstr)

.comment        0x0000000000000000       0x35
 *(.comment)
 .comment       0x0000000000000000       0x35 /usr/lib/gcc/x86_64-linux-gnu/5/crtbegin.o
                                         0x36 (size before relaxing)
 .comment       0x0000000000000035       0x36 receiver.co
 .comment       0x0000000000000035       0x36 contiki-native.a(contiki-main.o)
 .comment       0x0000000000000035       0x36 contiki-native.a(button-sensor.o)
 .comment       0x0000000000000035       0x36 contiki-native.a(pir-sensor.o)
 .comment       0x0000000000000035       0x36 contiki-native.a(vib-sensor.o)
 .comment       0x0000000000000035       0x36 contiki-native.a(sensors.o)
 .comment       0x0000000000000035       0x36 contiki-native.a(autostart.o)
 .comment       0x0000000000000035       0x36 contiki-native.a(ctimer.o)
 .comment       0x0000000000000035       0x36 contiki-native.a(etimer.o)
 .comment       0x0000000000000035       0x36 contiki-native.a(process.o)
 .comment       0x0000000000000035       0x36 contiki-native.a(rtimer.o)
 .comment       0x0000000000000035       0x36 contiki-native.a(timer.o)
 .comment       0x0000000000000035       0x36 contiki-native.a(serial-line.o)
 .comment       0x0000000000000035       0x36 contiki-native.a(list.o)
 .comment       0x0000000000000035       0x36 contiki-native.a(ringbuf.o)
 .comment       0x0000000000000035       0x36 contiki-native.a(uip-ds6.o)
 .comment       0x0000000000000035       0x36 contiki-native.a(uip-ds6-route.o)
 .comment       0x0000000000000035       0x36 contiki-native.a(uip6.o)
 .comment       0x0000000000000035       0x36 contiki-native.a(uip-ds6-nbr.o)
 .comment       0x0000000000000035       0x36 contiki-native.a(uip-nd6.o)
 .comment       0x0000000000000035       0x36 contiki-native.a(sicslowpan.o)
 .comment       0x0000000000000035       0x36 contiki-native.a(uip-packetqueue)
 .comment       0x0000000000000035       0x36 contiki-native.a(tcpip.o)
 .comment       0x0000000000000035       0x36 contiki-native.a(simple-udp.o)
 .comment       0x0000000000000035       0x36 contiki-native.a(uip-debug.o)
 .comment       0x0000000000000035       0x36 contiki-native.a(rpl-ext-header.)
 .comment       0x0000000000000035       0x36 contiki-native.a(rpl.o)
 .comment       0x0000000000000035       0x36 contiki-native.a(rpl-mrhof.o)
 .comment       0x0000000000000035       0x36 contiki-native.a(rpl-dag.o)
 .comment       0x0000000000000035       0x36 contiki-native.a(queuebuf.o)
 .comment       0x0000000000000035       0x36 contiki-native.a(nbr-table.o)
 .comment       0x0000000000000035       0x36 contiki-native.a(packetbuf.o)
 .comment       0x0000000000000035       0x36 contiki-native.a(netstack.o)
 .comment       0x0000000000000035       0x36 contiki-native.a(linkaddr.o)
 .comment       0x0000000000000035       0x36 contiki-native.a(nullmac.o)
 .comment       0x0000000000000035       0x36 contiki-native.a(nullrdc.o)
 .comment       0x0000000000000035       0x36 contiki-native.a(framer-802154.o)
 .comment       0x0000000000000035       0x36 contiki-native.a(frame802154.o)
 .comment       0x0000000000000035       0x36 contiki-native.a(mac.o)
 .comment       0x0000000000000035       0x36 contiki-native.a(framer.o)
 .comment       0x0000000000000035       0x36 contiki-native.a(nullsec.o)
 .comment       0x0000000000000035       0x36 contiki-native.a(clock.o)
 .comment       0x0000000000000035       0x36 contiki-native.a(rtimer-arch.o)
 .comment       0x0000000000000035       0x36 contiki-native.a(watchdog.o)
 .comment       0x0000000000000035       0x36 contiki-native.a(stimer.o)
 .comment       0x0000000000000035       0x36 contiki-native.a(nullradio.o)
 .comment       0x0000000000000035       0x36 contiki-native.a(memb.o)
 .comment       0x0000000000000035       0x36 contiki-native.a(random.o)
 .comment       0x0000000000000035       0x36 contiki-native.a(uip-icmp6.o)
 .comment       0x0000000000000035       0x36 contiki-native.a(uip-udp-packet.)
 .comment       0x0000000000000035       0x36 contiki-native.a(rpl-icmp6.o)
 .comment       0x0000000000000035       0x36 contiki-native.a(rpl-timers.o)
 .comment       0x0000000000000035       0x36 /usr/lib/gcc/x86_64-linux-gnu/5/crtend.o

.debug
 *(.debug)

.line
 *(.line)

.debug_srcinfo
 *(.debug_srcinfo)

.debug_sfnames
 *(.debug_sfnames)

.debug_aranges  0x0000000000000000      0x9c0
 *(.debug_aranges)
 .debug_aranges
                0x0000000000000000       0x30 receiver.co
 .debug_aranges
                0x0000000000000030       0x30 contiki-native.a(contiki-main.o)
 .debug_aranges
                0x0000000000000060       0x30 contiki-native.a(button-sensor.o)
 .debug_aranges
                0x0000000000000090       0x30 contiki-native.a(pir-sensor.o)
 .debug_aranges
                0x00000000000000c0       0x30 contiki-native.a(vib-sensor.o)
 .debug_aranges
                0x00000000000000f0       0x30 contiki-native.a(sensors.o)
 .debug_aranges
                0x0000000000000120       0x30 contiki-native.a(autostart.o)
 .debug_aranges
                0x0000000000000150       0x30 contiki-native.a(ctimer.o)
 .debug_aranges
                0x0000000000000180       0x30 contiki-native.a(etimer.o)
 .debug_aranges
                0x00000000000001b0       0x30 contiki-native.a(process.o)
 .debug_aranges
                0x00000000000001e0       0x30 contiki-native.a(rtimer.o)
 .debug_aranges
                0x0000000000000210       0x30 contiki-native.a(timer.o)
 .debug_aranges
                0x0000000000000240       0x30 contiki-native.a(serial-line.o)
 .debug_aranges
                0x0000000000000270       0x30 contiki-native.a(list.o)
 .debug_aranges
                0x00000000000002a0       0x30 contiki-native.a(ringbuf.o)
 .debug_aranges
                0x00000000000002d0       0x30 contiki-native.a(uip-ds6.o)
 .debug_aranges
                0x0000000000000300       0x30 contiki-native.a(uip-ds6-route.o)
 .debug_aranges
                0x0000000000000330       0x30 contiki-native.a(uip6.o)
 .debug_aranges
                0x0000000000000360       0x30 contiki-native.a(uip-ds6-nbr.o)
 .debug_aranges
                0x0000000000000390       0x30 contiki-native.a(uip-nd6.o)
 .debug_aranges
                0x00000000000003c0       0x30 contiki-native.a(sicslowpan.o)
 .debug_aranges
                0x00000000000003f0       0x30 contiki-native.a(uip-packetqueue)
 .debug_aranges
                0x0000000000000420       0x30 contiki-native.a(tcpip.o)
 .debug_aranges
                0x0000000000000450       0x30 contiki-native.a(simple-udp.o)
 .debug_aranges
                0x0000000000000480       0x30 contiki-native.a(uip-debug.o)
 .debug_aranges
                0x00000000000004b0       0x30 contiki-native.a(rpl-ext-header.)
 .debug_aranges
                0x00000000000004e0       0x30 contiki-native.a(rpl.o)
 .debug_aranges
                0x0000000000000510       0x30 contiki-native.a(rpl-mrhof.o)
 .debug_aranges
                0x0000000000000540       0x30 contiki-native.a(rpl-dag.o)
 .debug_aranges
                0x0000000000000570       0x30 contiki-native.a(queuebuf.o)
 .debug_aranges
                0x00000000000005a0       0x30 contiki-native.a(nbr-table.o)
 .debug_aranges
                0x00000000000005d0       0x30 contiki-native.a(packetbuf.o)
 .debug_aranges
                0x0000000000000600       0x30 contiki-native.a(netstack.o)
 .debug_aranges
                0x0000000000000630       0x30 contiki-native.a(linkaddr.o)
 .debug_aranges
                0x0000000000000660       0x30 contiki-native.a(nullmac.o)
 .debug_aranges
                0x0000000000000690       0x30 contiki-native.a(nullrdc.o)
 .debug_aranges
                0x00000000000006c0       0x30 contiki-native.a(framer-802154.o)
 .debug_aranges
                0x00000000000006f0       0x30 contiki-native.a(frame802154.o)
 .debug_aranges
                0x0000000000000720       0x30 contiki-native.a(mac.o)
 .debug_aranges
                0x0000000000000750       0x30 contiki-native.a(framer.o)
 .debug_aranges
                0x0000000000000780       0x30 contiki-native.a(nullsec.o)
 .debug_aranges
                0x00000000000007b0       0x30 contiki-native.a(clock.o)
 .debug_aranges
                0x00000000000007e0       0x30 contiki-native.a(rtimer-arch.o)
 .debug_aranges
                0x0000000000000810       0x30 contiki-native.a(watchdog.o)
 .debug_aranges
                0x0000000000000840       0x30 contiki-native.a(stimer.o)
 .debug_aranges
                0x0000000000000870       0x30 contiki-native.a(nullradio.o)
 .debug_aranges
                0x00000000000008a0       0x30 contiki-native.a(memb.o)
 .debug_aranges
                0x00000000000008d0       0x30 contiki-native.a(random.o)
 .debug_aranges
                0x0000000000000900       0x30 contiki-native.a(uip-icmp6.o)
 .debug_aranges
                0x0000000000000930       0x30 contiki-native.a(uip-udp-packet.)
 .debug_aranges
                0x0000000000000960       0x30 contiki-native.a(rpl-icmp6.o)
 .debug_aranges
                0x0000000000000990       0x30 contiki-native.a(rpl-timers.o)

.debug_pubnames
 *(.debug_pubnames)

.debug_info     0x0000000000000000    0x21812
 *(.debug_info .gnu.linkonce.wi.*)
 .debug_info    0x0000000000000000      0xb36 receiver.co
 .debug_info    0x0000000000000b36     0x133e contiki-native.a(contiki-main.o)
 .debug_info    0x0000000000001e74      0x1de contiki-native.a(button-sensor.o)
 .debug_info    0x0000000000002052      0x200 contiki-native.a(pir-sensor.o)
 .debug_info    0x0000000000002252      0x1f1 contiki-native.a(vib-sensor.o)
 .debug_info    0x0000000000002443      0x4c7 contiki-native.a(sensors.o)
 .debug_info    0x000000000000290a      0x1f6 contiki-native.a(autostart.o)
 .debug_info    0x0000000000002b00      0x6ed contiki-native.a(ctimer.o)
 .debug_info    0x00000000000031ed      0x6ac contiki-native.a(etimer.o)
 .debug_info    0x0000000000003899      0x8e6 contiki-native.a(process.o)
 .debug_info    0x000000000000417f      0x221 contiki-native.a(rtimer.o)
 .debug_info    0x00000000000043a0      0x1e4 contiki-native.a(timer.o)
 .debug_info    0x0000000000004584      0x49f contiki-native.a(serial-line.o)
 .debug_info    0x0000000000004a23      0x3be contiki-native.a(list.o)
 .debug_info    0x0000000000004de1      0x1d5 contiki-native.a(ringbuf.o)
 .debug_info    0x0000000000004fb6     0x1340 contiki-native.a(uip-ds6.o)
 .debug_info    0x00000000000062f6     0x1a17 contiki-native.a(uip-ds6-route.o)
 .debug_info    0x0000000000007d0d     0x1a7c contiki-native.a(uip6.o)
 .debug_info    0x0000000000009789     0x11a3 contiki-native.a(uip-ds6-nbr.o)
 .debug_info    0x000000000000a92c     0x10f6 contiki-native.a(uip-nd6.o)
 .debug_info    0x000000000000ba22     0x1fbb contiki-native.a(sicslowpan.o)
 .debug_info    0x000000000000d9dd      0x781 contiki-native.a(uip-packetqueue)
 .debug_info    0x000000000000e15e     0x217b contiki-native.a(tcpip.o)
 .debug_info    0x00000000000102d9      0x8ca contiki-native.a(simple-udp.o)
 .debug_info    0x0000000000010ba3      0x626 contiki-native.a(uip-debug.o)
 .debug_info    0x00000000000111c9     0x11ce contiki-native.a(rpl-ext-header.)
 .debug_info    0x0000000000012397     0x1206 contiki-native.a(rpl.o)
 .debug_info    0x000000000001359d      0xd93 contiki-native.a(rpl-mrhof.o)
 .debug_info    0x0000000000014330     0x3201 contiki-native.a(rpl-dag.o)
 .debug_info    0x0000000000017531      0x8bd contiki-native.a(queuebuf.o)
 .debug_info    0x0000000000017dee      0xfae contiki-native.a(nbr-table.o)
 .debug_info    0x0000000000018d9c      0xa11 contiki-native.a(packetbuf.o)
 .debug_info    0x00000000000197ad      0x47c contiki-native.a(netstack.o)
 .debug_info    0x0000000000019c29      0x251 contiki-native.a(linkaddr.o)
 .debug_info    0x0000000000019e7a      0x3e3 contiki-native.a(nullmac.o)
 .debug_info    0x000000000001a25d      0x8b4 contiki-native.a(nullrdc.o)
 .debug_info    0x000000000001ab11      0x915 contiki-native.a(framer-802154.o)
 .debug_info    0x000000000001b426      0x6b5 contiki-native.a(frame802154.o)
 .debug_info    0x000000000001badb      0x154 contiki-native.a(mac.o)
 .debug_info    0x000000000001bc2f      0x205 contiki-native.a(framer.o)
 .debug_info    0x000000000001be34      0x3cb contiki-native.a(nullsec.o)
 .debug_info    0x000000000001c1ff      0x1d9 contiki-native.a(clock.o)
 .debug_info    0x000000000001c3d8      0x29c contiki-native.a(rtimer-arch.o)
 .debug_info    0x000000000001c674      0x124 contiki-native.a(watchdog.o)
 .debug_info    0x000000000001c798      0x206 contiki-native.a(stimer.o)
 .debug_info    0x000000000001c99e      0x526 contiki-native.a(nullradio.o)
 .debug_info    0x000000000001cec4      0x2d3 contiki-native.a(memb.o)
 .debug_info    0x000000000001d197      0x10f contiki-native.a(random.o)
 .debug_info    0x000000000001d2a6      0xc60 contiki-native.a(uip-icmp6.o)
 .debug_info    0x000000000001df06      0x4cf contiki-native.a(uip-udp-packet.)
 .debug_info    0x000000000001e3d5     0x2107 contiki-native.a(rpl-icmp6.o)
 .debug_info    0x00000000000204dc     0x1336 contiki-native.a(rpl-timers.o)

.debug_abbrev   0x0000000000000000     0x7371
 *(.debug_abbrev)
 .debug_abbrev  0x0000000000000000      0x2bc receiver.co
 .debug_abbrev  0x00000000000002bc      0x3f1 contiki-native.a(contiki-main.o)
 .debug_abbrev  0x00000000000006ad       0xe6 contiki-native.a(button-sensor.o)
 .debug_abbrev  0x0000000000000793      0x113 contiki-native.a(pir-sensor.o)
 .debug_abbrev  0x00000000000008a6      0x104 contiki-native.a(vib-sensor.o)
 .debug_abbrev  0x00000000000009aa      0x283 contiki-native.a(sensors.o)
 .debug_abbrev  0x0000000000000c2d      0x116 contiki-native.a(autostart.o)
 .debug_abbrev  0x0000000000000d43      0x1e9 contiki-native.a(ctimer.o)
 .debug_abbrev  0x0000000000000f2c      0x276 contiki-native.a(etimer.o)
 .debug_abbrev  0x00000000000011a2      0x33b contiki-native.a(process.o)
 .debug_abbrev  0x00000000000014dd      0x16a contiki-native.a(rtimer.o)
 .debug_abbrev  0x0000000000001647       0xec contiki-native.a(timer.o)
 .debug_abbrev  0x0000000000001733      0x20c contiki-native.a(serial-line.o)
 .debug_abbrev  0x000000000000193f      0x18b contiki-native.a(list.o)
 .debug_abbrev  0x0000000000001aca       0xea contiki-native.a(ringbuf.o)
 .debug_abbrev  0x0000000000001bb4      0x2d0 contiki-native.a(uip-ds6.o)
 .debug_abbrev  0x0000000000001e84      0x376 contiki-native.a(uip-ds6-route.o)
 .debug_abbrev  0x00000000000021fa      0x38e contiki-native.a(uip6.o)
 .debug_abbrev  0x0000000000002588      0x2d1 contiki-native.a(uip-ds6-nbr.o)
 .debug_abbrev  0x0000000000002859      0x35d contiki-native.a(uip-nd6.o)
 .debug_abbrev  0x0000000000002bb6      0x459 contiki-native.a(sicslowpan.o)
 .debug_abbrev  0x000000000000300f      0x218 contiki-native.a(uip-packetqueue)
 .debug_abbrev  0x0000000000003227      0x48c contiki-native.a(tcpip.o)
 .debug_abbrev  0x00000000000036b3      0x291 contiki-native.a(simple-udp.o)
 .debug_abbrev  0x0000000000003944      0x1b4 contiki-native.a(uip-debug.o)
 .debug_abbrev  0x0000000000003af8      0x348 contiki-native.a(rpl-ext-header.)
 .debug_abbrev  0x0000000000003e40      0x324 contiki-native.a(rpl.o)
 .debug_abbrev  0x0000000000004164      0x25f contiki-native.a(rpl-mrhof.o)
 .debug_abbrev  0x00000000000043c3      0x53e contiki-native.a(rpl-dag.o)
 .debug_abbrev  0x0000000000004901      0x24c contiki-native.a(queuebuf.o)
 .debug_abbrev  0x0000000000004b4d      0x2f7 contiki-native.a(nbr-table.o)
 .debug_abbrev  0x0000000000004e44      0x30b contiki-native.a(packetbuf.o)
 .debug_abbrev  0x000000000000514f      0x104 contiki-native.a(netstack.o)
 .debug_abbrev  0x0000000000005253      0x16d contiki-native.a(linkaddr.o)
 .debug_abbrev  0x00000000000053c0      0x192 contiki-native.a(nullmac.o)
 .debug_abbrev  0x0000000000005552      0x2ae contiki-native.a(nullrdc.o)
 .debug_abbrev  0x0000000000005800      0x21b contiki-native.a(framer-802154.o)
 .debug_abbrev  0x0000000000005a1b      0x248 contiki-native.a(frame802154.o)
 .debug_abbrev  0x0000000000005c63       0xbd contiki-native.a(mac.o)
 .debug_abbrev  0x0000000000005d20       0xe4 contiki-native.a(framer.o)
 .debug_abbrev  0x0000000000005e04      0x183 contiki-native.a(nullsec.o)
 .debug_abbrev  0x0000000000005f87       0xfb contiki-native.a(clock.o)
 .debug_abbrev  0x0000000000006082      0x12b contiki-native.a(rtimer-arch.o)
 .debug_abbrev  0x00000000000061ad       0x87 contiki-native.a(watchdog.o)
 .debug_abbrev  0x0000000000006234       0xd0 contiki-native.a(stimer.o)
 .debug_abbrev  0x0000000000006304      0x176 contiki-native.a(nullradio.o)
 .debug_abbrev  0x000000000000647a      0x157 contiki-native.a(memb.o)
 .debug_abbrev  0x00000000000065d1       0xa2 contiki-native.a(random.o)
 .debug_abbrev  0x0000000000006673      0x361 contiki-native.a(uip-icmp6.o)
 .debug_abbrev  0x00000000000069d4      0x23a contiki-native.a(uip-udp-packet.)
 .debug_abbrev  0x0000000000006c0e      0x456 contiki-native.a(rpl-icmp6.o)
 .debug_abbrev  0x0000000000007064      0x30d contiki-native.a(rpl-timers.o)

.debug_line     0x0000000000000000     0x73ea
 *(.debug_line .debug_line.* .debug_line_end)
 .debug_line    0x0000000000000000      0x224 receiver.co
 .debug_line    0x0000000000000224      0x4bd contiki-native.a(contiki-main.o)
 .debug_line    0x00000000000006e1       0xa1 contiki-native.a(button-sensor.o)
 .debug_line    0x0000000000000782       0x9f contiki-native.a(pir-sensor.o)
 .debug_line    0x0000000000000821       0x9f contiki-native.a(vib-sensor.o)
 .debug_line    0x00000000000008c0      0x17b contiki-native.a(sensors.o)
 .debug_line    0x0000000000000a3b       0xb8 contiki-native.a(autostart.o)
 .debug_line    0x0000000000000af3      0x181 contiki-native.a(ctimer.o)
 .debug_line    0x0000000000000c74      0x18d contiki-native.a(etimer.o)
 .debug_line    0x0000000000000e01      0x1ec contiki-native.a(process.o)
 .debug_line    0x0000000000000fed       0x9c contiki-native.a(rtimer.o)
 .debug_line    0x0000000000001089       0xdf contiki-native.a(timer.o)
 .debug_line    0x0000000000001168      0x127 contiki-native.a(serial-line.o)
 .debug_line    0x000000000000128f      0x108 contiki-native.a(list.o)
 .debug_line    0x0000000000001397       0xbd contiki-native.a(ringbuf.o)
 .debug_line    0x0000000000001454      0x42d contiki-native.a(uip-ds6.o)
 .debug_line    0x0000000000001881      0x41b contiki-native.a(uip-ds6-route.o)
 .debug_line    0x0000000000001c9c      0x784 contiki-native.a(uip6.o)
 .debug_line    0x0000000000002420      0x33d contiki-native.a(uip-ds6-nbr.o)
 .debug_line    0x000000000000275d      0x475 contiki-native.a(uip-nd6.o)
 .debug_line    0x0000000000002bd2      0x74e contiki-native.a(sicslowpan.o)
 .debug_line    0x0000000000003320      0x223 contiki-native.a(uip-packetqueue)
 .debug_line    0x0000000000003543      0x47a contiki-native.a(tcpip.o)
 .debug_line    0x00000000000039bd      0x1d4 contiki-native.a(simple-udp.o)
 .debug_line    0x0000000000003b91      0x193 contiki-native.a(uip-debug.o)
 .debug_line    0x0000000000003d24      0x3af contiki-native.a(rpl-ext-header.)
 .debug_line    0x00000000000040d3      0x355 contiki-native.a(rpl.o)
 .debug_line    0x0000000000004428      0x2d6 contiki-native.a(rpl-mrhof.o)
 .debug_line    0x00000000000046fe      0x7dc contiki-native.a(rpl-dag.o)
 .debug_line    0x0000000000004eda      0x136 contiki-native.a(queuebuf.o)
 .debug_line    0x0000000000005010      0x264 contiki-native.a(nbr-table.o)
 .debug_line    0x0000000000005274      0x1f1 contiki-native.a(packetbuf.o)
 .debug_line    0x0000000000005465      0x120 contiki-native.a(netstack.o)
 .debug_line    0x0000000000005585      0x114 contiki-native.a(linkaddr.o)
 .debug_line    0x0000000000005699      0x117 contiki-native.a(nullmac.o)
 .debug_line    0x00000000000057b0      0x1a1 contiki-native.a(nullrdc.o)
 .debug_line    0x0000000000005951      0x209 contiki-native.a(framer-802154.o)
 .debug_line    0x0000000000005b5a      0x20d contiki-native.a(frame802154.o)
 .debug_line    0x0000000000005d67       0x90 contiki-native.a(mac.o)
 .debug_line    0x0000000000005df7      0x120 contiki-native.a(framer.o)
 .debug_line    0x0000000000005f17      0x122 contiki-native.a(nullsec.o)
 .debug_line    0x0000000000006039       0xe4 contiki-native.a(clock.o)
 .debug_line    0x000000000000611d      0x127 contiki-native.a(rtimer-arch.o)
 .debug_line    0x0000000000006244       0x7e contiki-native.a(watchdog.o)
 .debug_line    0x00000000000062c2       0xad contiki-native.a(stimer.o)
 .debug_line    0x000000000000636f       0xd7 contiki-native.a(nullradio.o)
 .debug_line    0x0000000000006446      0x13c contiki-native.a(memb.o)
 .debug_line    0x0000000000006582       0x77 contiki-native.a(random.o)
 .debug_line    0x00000000000065f9      0x353 contiki-native.a(uip-icmp6.o)
 .debug_line    0x000000000000694c      0x184 contiki-native.a(uip-udp-packet.)
 .debug_line    0x0000000000006ad0      0x590 contiki-native.a(rpl-icmp6.o)
 .debug_line    0x0000000000007060      0x38a contiki-native.a(rpl-timers.o)

.debug_frame
 *(.debug_frame)

.debug_str      0x0000000000000000     0x4965
 *(.debug_str)
 .debug_str     0x0000000000000000      0x5a1 receiver.co
                                        0x69e (size before relaxing)
 .debug_str     0x00000000000005a1      0x3e5 contiki-native.a(contiki-main.o)
                                        0x810 (size before relaxing)
 .debug_str     0x0000000000000986       0x55 contiki-native.a(button-sensor.o)
                                        0x17d (size before relaxing)
 .debug_str     0x00000000000009db       0x5b contiki-native.a(pir-sensor.o)
                                        0x190 (size before relaxing)
 .debug_str     0x0000000000000a36       0x48 contiki-native.a(vib-sensor.o)
                                        0x17d (size before relaxing)
 .debug_str     0x0000000000000a7e       0xcf contiki-native.a(sensors.o)
                                        0x29f (size before relaxing)
 .debug_str     0x0000000000000b4d       0x45 contiki-native.a(autostart.o)
                                        0x1a9 (size before relaxing)
 .debug_str     0x0000000000000b92      0x151 contiki-native.a(ctimer.o)
                                        0x2f0 (size before relaxing)
 .debug_str     0x0000000000000ce3       0xf6 contiki-native.a(etimer.o)
                                        0x33a (size before relaxing)
 .debug_str     0x0000000000000dd9       0xf9 contiki-native.a(process.o)
                                        0x449 (size before relaxing)
 .debug_str     0x0000000000000ed2       0xe4 contiki-native.a(rtimer.o)
                                        0x1f6 (size before relaxing)
 .debug_str     0x0000000000000fb6       0x25 contiki-native.a(timer.o)
                                        0x188 (size before relaxing)
 .debug_str     0x0000000000000fdb       0xbf contiki-native.a(serial-line.o)
                                        0x2ae (size before relaxing)
 .debug_str     0x000000000000109a       0x8d contiki-native.a(list.o)
                                        0x153 (size before relaxing)
 .debug_str     0x0000000000001127       0x45 contiki-native.a(ringbuf.o)
                                        0x190 (size before relaxing)
 .debug_str     0x000000000000116c      0x379 contiki-native.a(uip-ds6.o)
                                        0x8bf (size before relaxing)
 .debug_str     0x00000000000014e5      0x5cf contiki-native.a(uip-ds6-route.o)
                                        0xb21 (size before relaxing)
 .debug_str     0x0000000000001ab4      0x520 contiki-native.a(uip6.o)
                                        0xb19 (size before relaxing)
 .debug_str     0x0000000000001fd4      0x3d3 contiki-native.a(uip-ds6-nbr.o)
                                        0xb10 (size before relaxing)
 .debug_str     0x00000000000023a7      0x185 contiki-native.a(uip-nd6.o)
                                        0x8d6 (size before relaxing)
 .debug_str     0x000000000000252c      0x553 contiki-native.a(sicslowpan.o)
                                        0xcf6 (size before relaxing)
 .debug_str     0x0000000000002a7f       0xae contiki-native.a(uip-packetqueue)
                                        0x4bd (size before relaxing)
 .debug_str     0x0000000000002b2d      0x3ed contiki-native.a(tcpip.o)
                                        0xf4d (size before relaxing)
 .debug_str     0x0000000000002f1a       0xcf contiki-native.a(simple-udp.o)
                                        0x46b (size before relaxing)
 .debug_str     0x0000000000002fe9       0x43 contiki-native.a(uip-debug.o)
                                        0x354 (size before relaxing)
 .debug_str     0x000000000000302c      0x11d contiki-native.a(rpl-ext-header.)
                                        0xbbd (size before relaxing)
 .debug_str     0x0000000000003149      0x189 contiki-native.a(rpl.o)
                                        0xab3 (size before relaxing)
 .debug_str     0x00000000000032d2       0xbf contiki-native.a(rpl-mrhof.o)
                                        0x84a (size before relaxing)
 .debug_str     0x0000000000003391      0x495 contiki-native.a(rpl-dag.o)
                                        0xf6c (size before relaxing)
 .debug_str     0x0000000000003826      0x1ca contiki-native.a(queuebuf.o)
                                        0x58f (size before relaxing)
 .debug_str     0x00000000000039f0      0x1b4 contiki-native.a(nbr-table.o)
                                        0x49b (size before relaxing)
 .debug_str     0x0000000000003ba4      0x141 contiki-native.a(packetbuf.o)
                                        0x5c0 (size before relaxing)
 .debug_str     0x0000000000003ce5      0x126 contiki-native.a(netstack.o)
                                        0x30b (size before relaxing)
 .debug_str     0x0000000000003e0b       0x47 contiki-native.a(linkaddr.o)
                                        0x1ae (size before relaxing)
 .debug_str     0x0000000000003e52       0x39 contiki-native.a(nullmac.o)
                                        0x258 (size before relaxing)
 .debug_str     0x0000000000003e8b       0xa4 contiki-native.a(nullrdc.o)
                                        0x68b (size before relaxing)
 .debug_str     0x0000000000003f2f      0x236 contiki-native.a(framer-802154.o)
                                        0x6b3 (size before relaxing)
 .debug_str     0x0000000000004165       0x88 contiki-native.a(frame802154.o)
                                        0x3cf (size before relaxing)
 .debug_str     0x00000000000041ed       0x2e contiki-native.a(mac.o)
                                        0x1bd (size before relaxing)
 .debug_str     0x000000000000421b       0x4d contiki-native.a(framer.o)
                                        0x22e (size before relaxing)
 .debug_str     0x0000000000004268       0x3d contiki-native.a(nullsec.o)
                                        0x408 (size before relaxing)
 .debug_str     0x00000000000042a5       0x78 contiki-native.a(clock.o)
                                        0x1be (size before relaxing)
 .debug_str     0x000000000000431d       0x9f contiki-native.a(rtimer-arch.o)
                                        0x271 (size before relaxing)
 .debug_str     0x00000000000043bc       0x67 contiki-native.a(watchdog.o)
                                        0x192 (size before relaxing)
 .debug_str     0x0000000000004423       0x51 contiki-native.a(stimer.o)
                                        0x18f (size before relaxing)
 .debug_str     0x0000000000004474       0x47 contiki-native.a(nullradio.o)
                                        0x2a6 (size before relaxing)
 .debug_str     0x00000000000044bb       0x32 contiki-native.a(memb.o)
                                        0x189 (size before relaxing)
 .debug_str     0x00000000000044ed       0x3d contiki-native.a(random.o)
                                        0x162 (size before relaxing)
 .debug_str     0x000000000000452a      0x1ad contiki-native.a(uip-icmp6.o)
                                        0x63f (size before relaxing)
 .debug_str     0x00000000000046d7       0x63 contiki-native.a(uip-udp-packet.)
                                        0x2d2 (size before relaxing)
 .debug_str     0x000000000000473a      0x12b contiki-native.a(rpl-icmp6.o)
                                        0xf2b (size before relaxing)