Archive member included because of file (symbol)

contiki-z1.a(contiki-z1-plat)
                              obj_z1/contiki-z1-main.o (init_platform)
contiki-z1.a(msp430.o)        obj_z1/contiki-z1-main.o (splhigh_)
contiki-z1.a(leds.o)          obj_z1/contiki-z1-main.o (leds_init)
contiki-z1.a(watchdog.o)      obj_z1/contiki-z1-main.o (watchdog_start)
contiki-z1.a(xmem.o)          obj_z1/contiki-z1-main.o (xmem_init)
contiki-z1.a(spi.o)           contiki-z1.a(xmem.o) (spi_init)
contiki-z1.a(cc2420.o)        obj_z1/contiki-z1-main.o (cc2420_set_pan_addr)
contiki-z1.a(cc2420-arch.o)   contiki-z1.a(cc2420.o) (cc2420_arch_init)
contiki-z1.a(node-id.o)       obj_z1/contiki-z1-main.o (node_id_restore)
contiki-z1.a(sensors.o)       contiki-z1.a(contiki-z1-plat) (sensors_process)
contiki-z1.a(button-sensor.o)
                              obj_z1/contiki-z1-main.o (button_sensor)
contiki-z1.a(uart0.o)         obj_z1/contiki-z1-main.o (uart0_active)
contiki-z1.a(uart0-putchar.o)
                              GPS_sensor.co (putchar)
contiki-z1.a(adxl345.o)       obj_z1/contiki-z1-main.o (accm_init)
contiki-z1.a(clock.o)         obj_z1/contiki-z1-main.o (clock_init)
contiki-z1.a(leds-arch.o)     contiki-z1.a(leds.o) (leds_arch_init)
contiki-z1.a(rtimer-arch.o)   obj_z1/contiki-z1-main.o (rtimer_arch_now)
contiki-z1.a(autostart.o)     obj_z1/contiki-z1-main.o (autostart_start)
contiki-z1.a(energest.o)      obj_z1/contiki-z1-main.o (energest_init)
contiki-z1.a(ctimer.o)        obj_z1/contiki-z1-main.o (ctimer_init)
contiki-z1.a(etimer.o)        contiki-z1.a(clock.o) (etimer_request_poll)
contiki-z1.a(process.o)       contiki-z1.a(ctimer.o) (process_current)
contiki-z1.a(rtimer.o)        obj_z1/contiki-z1-main.o (rtimer_init)
contiki-z1.a(timer.o)         contiki-z1.a(button-sensor.o) (timer_set)
contiki-z1.a(list.o)          contiki-z1.a(ctimer.o) (list_init)
contiki-z1.a(uip-ds6.o)       GPS_sensor.co (uip_ds6_if)
contiki-z1.a(uip-ds6-route.o)
                              contiki-z1.a(uip-ds6.o) (uip_ds6_route_init)
contiki-z1.a(uip6.o)          GPS_sensor.co (uip_lladdr)
contiki-z1.a(uip-ds6-nbr.o)   contiki-z1.a(uip-ds6.o) (uip_ds6_neighbors_init)
contiki-z1.a(uip-nd6.o)       contiki-z1.a(uip-ds6-nbr.o) (uip_nd6_ns_output)
contiki-z1.a(sicslowpan.o)    obj_z1/contiki-z1-main.o (sicslowpan_driver)
contiki-z1.a(tcpip.o)         contiki-z1.a(sicslowpan.o) (tcpip_set_outputfunc)
contiki-z1.a(simple-udp.o)    GPS_sensor.co (simple_udp_sendto)
contiki-z1.a(uip-debug.o)     GPS_sensor.co (uip_debug_ipaddr_print)
contiki-z1.a(rpl-ext-header.)
                              contiki-z1.a(uip6.o) (rpl_verify_header)
contiki-z1.a(rpl.o)           contiki-z1.a(uip-ds6-nbr.o) (rpl_link_neighbor_callback)
contiki-z1.a(rpl-mrhof.o)     contiki-z1.a(rpl.o) (rpl_mrhof)
contiki-z1.a(rpl-dag.o)       contiki-z1.a(rpl-mrhof.o) (rpl_get_nbr)
contiki-z1.a(queuebuf.o)      obj_z1/contiki-z1-main.o (queuebuf_init)
contiki-z1.a(nbr-table.o)     contiki-z1.a(uip-ds6-route.o) (nbr_table_register)
contiki-z1.a(packetbuf.o)     contiki-z1.a(queuebuf.o) (packetbuf_copyto)
contiki-z1.a(linkaddr.o)      obj_z1/contiki-z1-main.o (linkaddr_copy)
contiki-z1.a(framer-802154.o)
                              contiki-z1.a(sicslowpan.o) (framer_802154)
contiki-z1.a(frame802154.o)   contiki-z1.a(framer-802154.o) (frame802154_hdrlen)
contiki-z1.a(csma.o)          obj_z1/contiki-z1-main.o (csma_driver)
contiki-z1.a(framer.o)        contiki-z1.a(framer-802154.o) (framer_canonical_create_and_secure)
contiki-z1.a(contikimac.o)    obj_z1/contiki-z1-main.o (contikimac_driver)
contiki-z1.a(nullsec.o)       contiki-z1.a(sicslowpan.o) (nullsec_driver)
contiki-z1.a(i2cmaster.o)     contiki-z1.a(adxl345.o) (i2c_receiveinit)
contiki-z1.a(stimer.o)        contiki-z1.a(uip-ds6.o) (stimer_set)
contiki-z1.a(memb.o)          contiki-z1.a(uip-ds6-route.o) (memb_init)
contiki-z1.a(random.o)        contiki-z1.a(uip-ds6.o) (random_rand)
contiki-z1.a(uip-icmp6.o)     contiki-z1.a(uip6.o) (uip_icmp6_input)
contiki-z1.a(uip-udp-packet.)
                              contiki-z1.a(simple-udp.o) (uip_udp_packet_sendto)
contiki-z1.a(rpl-icmp6.o)     contiki-z1.a(rpl-ext-header.) (dao_output_target)
contiki-z1.a(rpl-timers.o)    contiki-z1.a(rpl.o) (rpl_reset_periodic_timer)
contiki-z1.a(mac-sequence.o)  contiki-z1.a(contikimac.o) (mac_sequence_is_duplicate)
contiki-z1.a(mac.o)           contiki-z1.a(csma.o) (mac_call_sent_callback)
/usr/lib/gcc/msp430/4.6.3/mcpu-430x/mmpy-16/libgcc.a(_mulsi3.o)
                              contiki-z1.a(rpl.o) (__mulsi3)
/usr/lib/gcc/msp430/4.6.3/mcpu-430x/mmpy-16/libgcc.a(_udivmod16.o)
                              contiki-z1.a(rpl-dag.o) (__udivhi3)
/usr/lib/gcc/msp430/4.6.3/mcpu-430x/mmpy-16/libgcc.a(_divmod16.o)
                              contiki-z1.a(sicslowpan.o) (__divhi3)
/usr/lib/gcc/msp430/4.6.3/mcpu-430x/mmpy-16/libgcc.a(_udivmod32.o)
                              obj_z1/contiki-z1-main.o (__udivsi3)
[...]
Memory Configuration

Name             Origin             Length             Attributes
sfr              0x0000000000000000 0x0000000000000010
peripheral_8bit  0x0000000000000010 0x00000000000000f0
peripheral_16bit 0x0000000000000100 0x0000000000000100
ram_mirror       0x0000000000000200 0x0000000000000800 xw
infomem          0x0000000000001000 0x0000000000000100
infod            0x0000000000001000 0x0000000000000040
infoc            0x0000000000001040 0x0000000000000040
infob            0x0000000000001080 0x0000000000000040
infoa            0x00000000000010c0 0x0000000000000040
ram              0x0000000000001100 0x0000000000002000 xw
rom              0x0000000000003100 0x000000000000cebe xr
vectors          0x000000000000ffc0 0x0000000000000040
far_rom          0x0000000000010000 0x000000000000a000
bsl              0x0000000000000000 0x0000000000000000
ram2             0x0000000000000000 0x0000000000000000 xw
usbram           0x0000000000000000 0x0000000000000000 xw
*default*        0x0000000000000000 0xffffffffffffffff

Linker script and memory map

LOAD /usr/lib/gcc/msp430/4.6.3/mcpu-430x/mmpy-16/crt0ivtbl32.o
                0x0000000000000041                __P1SEL2 = 0x41
                0x0000000000000045                __P5SEL2 = 0x45
LOAD GPS_sensor.co
LOAD obj_z1/contiki-z1-main.o
LOAD contiki-z1.a
LOAD /usr/lib/gcc/msp430/4.6.3/mcpu-430x/mmpy-16/libgcc.a
LOAD /usr/lib/gcc/msp430/4.6.3/../../../../msp430/lib/mcpu-430x/mmpy-16/libc.a
LOAD /usr/lib/gcc/msp430/4.6.3/mcpu-430x/mmpy-16/libgcc.a
LOAD /usr/lib/gcc/msp430/4.6.3/mcpu-430x/mmpy-16/libcrt0.a
                0x0000000000000040                PROVIDE (__info_segment_size, 0x40)
                0x0000000000001000                PROVIDE (__infod, 0x1000)
                0x0000000000001040                PROVIDE (__infoc, 0x1040)
                0x0000000000001080                PROVIDE (__infob, 0x1080)
                0x00000000000010c0                PROVIDE (__infoa, 0x10c0)
                0x0000000000000000                __IE1 = 0x0
                0x0000000000000002                __IFG1 = 0x2
                0x0000000000000001                __IE2 = 0x1
                0x0000000000000003                __IFG2 = 0x3
                0x0000000000000006                __UC1IE = 0x6
                0x0000000000000007                __UC1IFG = 0x7
                0x00000000000001a0                __ADC12CTL0 = 0x1a0
                0x00000000000001a2                __ADC12CTL1 = 0x1a2
                0x00000000000001a4                __ADC12IFG = 0x1a4
                0x00000000000001a6                __ADC12IE = 0x1a6
                0x00000000000001a8                __ADC12IV = 0x1a8
                0x0000000000000140                __ADC12MEM0 = 0x140
                0x0000000000000142                __ADC12MEM1 = 0x142
                0x0000000000000144                __ADC12MEM2 = 0x144
                0x0000000000000146                __ADC12MEM3 = 0x146
                0x0000000000000148                __ADC12MEM4 = 0x148
                0x000000000000014a                __ADC12MEM5 = 0x14a
                0x000000000000014c                __ADC12MEM6 = 0x14c
                0x000000000000014e                __ADC12MEM7 = 0x14e
                0x0000000000000150                __ADC12MEM8 = 0x150
                0x0000000000000152                __ADC12MEM9 = 0x152
                0x0000000000000154                __ADC12MEM10 = 0x154
                0x0000000000000156                __ADC12MEM11 = 0x156
                0x0000000000000158                __ADC12MEM12 = 0x158
                0x000000000000015a                __ADC12MEM13 = 0x15a
                0x000000000000015c                __ADC12MEM14 = 0x15c
                0x000000000000015e                __ADC12MEM15 = 0x15e
                0x0000000000000080                __ADC12MCTL0 = 0x80
                0x0000000000000081                __ADC12MCTL1 = 0x81
                0x0000000000000082                __ADC12MCTL2 = 0x82
                0x0000000000000083                __ADC12MCTL3 = 0x83
                0x0000000000000084                __ADC12MCTL4 = 0x84
                0x0000000000000085                __ADC12MCTL5 = 0x85
                0x0000000000000086                __ADC12MCTL6 = 0x86
                0x0000000000000087                __ADC12MCTL7 = 0x87
                0x0000000000000088                __ADC12MCTL8 = 0x88
                0x0000000000000089                __ADC12MCTL9 = 0x89
                0x000000000000008a                __ADC12MCTL10 = 0x8a
                0x000000000000008b                __ADC12MCTL11 = 0x8b
                0x000000000000008c                __ADC12MCTL12 = 0x8c
                0x000000000000008d                __ADC12MCTL13 = 0x8d
                0x000000000000008e                __ADC12MCTL14 = 0x8e
                0x000000000000008f                __ADC12MCTL15 = 0x8f
                0x0000000000000056                __DCOCTL = 0x56
                0x0000000000000057                __BCSCTL1 = 0x57
                0x0000000000000058                __BCSCTL2 = 0x58
                0x0000000000000053                __BCSCTL3 = 0x53
                0x0000000000000059                __CACTL1 = 0x59
                0x000000000000005a                __CACTL2 = 0x5a
                0x000000000000005b                __CAPD = 0x5b
                0x00000000000001c0                __DAC12_0CTL = 0x1c0
                0x00000000000001c2                __DAC12_1CTL = 0x1c2
                0x00000000000001c8                __DAC12_0DAT = 0x1c8
                0x00000000000001ca                __DAC12_1DAT = 0x1ca
                0x0000000000000122                __DMACTL0 = 0x122
                0x0000000000000124                __DMACTL1 = 0x124
                0x0000000000000126                __DMAIV = 0x126
                0x00000000000001d0                __DMA0CTL = 0x1d0
                0x00000000000001dc                __DMA1CTL = 0x1dc
                0x00000000000001e8                __DMA2CTL = 0x1e8
                0x00000000000001d2                __DMA0SA = 0x1d2
                0x00000000000001d2                __DMA0SAL = 0x1d2
                0x00000000000001d6                __DMA0DA = 0x1d6
                0x00000000000001d6                __DMA0DAL = 0x1d6
                0x00000000000001da                __DMA0SZ = 0x1da
                0x00000000000001de                __DMA1SA = 0x1de
                0x00000000000001de                __DMA1SAL = 0x1de
                0x00000000000001e2                __DMA1DA = 0x1e2
                0x00000000000001e2                __DMA1DAL = 0x1e2
                0x00000000000001e6                __DMA1SZ = 0x1e6
                0x00000000000001ea                __DMA2SA = 0x1ea
                0x00000000000001ea                __DMA2SAL = 0x1ea
                0x00000000000001ee                __DMA2DA = 0x1ee
                0x00000000000001ee                __DMA2DAL = 0x1ee
                0x00000000000001f2                __DMA2SZ = 0x1f2
                0x0000000000000128                __FCTL1 = 0x128
                0x000000000000012a                __FCTL2 = 0x12a
                0x000000000000012c                __FCTL3 = 0x12c
                0x00000000000001be                __FCTL4 = 0x1be
                0x0000000000000130                __MPY = 0x130
                0x0000000000000132                __MPYS = 0x132
                0x0000000000000134                __MAC = 0x134
                0x0000000000000136                __MACS = 0x136
                0x0000000000000138                __OP2 = 0x138
                0x000000000000013a                __RESLO = 0x13a
                0x000000000000013c                __RESHI = 0x13c
                0x000000000000013e                __SUMEXT = 0x13e
                0x0000000000000020                __P1IN = 0x20
                0x0000000000000021                __P1OUT = 0x21
                0x0000000000000022                __P1DIR = 0x22
                0x0000000000000023                __P1IFG = 0x23
                0x0000000000000024                __P1IES = 0x24
                0x0000000000000025                __P1IE = 0x25
                0x0000000000000026                __P1SEL = 0x26
                0x0000000000000027                __P1REN = 0x27
                0x0000000000000028                __P2IN = 0x28
                0x0000000000000029                __P2OUT = 0x29
                0x000000000000002a                __P2DIR = 0x2a
                0x000000000000002b                __P2IFG = 0x2b
                0x000000000000002c                __P2IES = 0x2c
                0x000000000000002d                __P2IE = 0x2d
                0x000000000000002e                __P2SEL = 0x2e
                0x000000000000002f                __P2REN = 0x2f
                0x0000000000000018                __P3IN = 0x18
                0x0000000000000019                __P3OUT = 0x19
                0x000000000000001a                __P3DIR = 0x1a
                0x000000000000001b                __P3SEL = 0x1b
                0x0000000000000010                __P3REN = 0x10
                0x000000000000001c                __P4IN = 0x1c
                0x000000000000001d                __P4OUT = 0x1d
                0x000000000000001e                __P4DIR = 0x1e
                0x000000000000001f                __P4SEL = 0x1f
                0x0000000000000011                __P4REN = 0x11
                0x0000000000000030                __P5IN = 0x30
                0x0000000000000031                __P5OUT = 0x31
                0x0000000000000032                __P5DIR = 0x32
                0x0000000000000033                __P5SEL = 0x33
                0x0000000000000012                __P5REN = 0x12
                0x0000000000000034                __P6IN = 0x34
                0x0000000000000035                __P6OUT = 0x35
                0x0000000000000036                __P6DIR = 0x36
                0x0000000000000037                __P6SEL = 0x37
                0x0000000000000013                __P6REN = 0x13
                0x0000000000000038                __P7IN = 0x38
                0x000000000000003a                __P7OUT = 0x3a
                0x000000000000003c                __P7DIR = 0x3c
                0x000000000000003e                __P7SEL = 0x3e
                0x0000000000000014                __P7REN = 0x14
                0x0000000000000039                __P8IN = 0x39
                0x000000000000003b                __P8OUT = 0x3b
                0x000000000000003d                __P8DIR = 0x3d
                0x000000000000003f                __P8SEL = 0x3f
                0x0000000000000015                __P8REN = 0x15
                0x0000000000000038                __PAIN = 0x38
                0x000000000000003a                __PAOUT = 0x3a
                0x000000000000003c                __PADIR = 0x3c
                0x000000000000003e                __PASEL = 0x3e
                0x0000000000000014                __PAREN = 0x14
                0x0000000000000055                __SVSCTL = 0x55
                0x000000000000012e                __TAIV = 0x12e
                0x0000000000000160                __TACTL = 0x160
                0x0000000000000162                __TACCTL0 = 0x162
                0x0000000000000164                __TACCTL1 = 0x164
                0x0000000000000166                __TACCTL2 = 0x166
                0x0000000000000170                __TAR = 0x170
                0x0000000000000172                __TACCR0 = 0x172
                0x0000000000000174                __TACCR1 = 0x174
                0x0000000000000176                __TACCR2 = 0x176
                0x000000000000011e                __TBIV = 0x11e
                0x0000000000000180                __TBCTL = 0x180
                0x0000000000000182                __TBCCTL0 = 0x182
                0x0000000000000184                __TBCCTL1 = 0x184
                0x0000000000000186                __TBCCTL2 = 0x186
                0x0000000000000188                __TBCCTL3 = 0x188
                0x000000000000018a                __TBCCTL4 = 0x18a
                0x000000000000018c                __TBCCTL5 = 0x18c
                0x000000000000018e                __TBCCTL6 = 0x18e
                0x0000000000000190                __TBR = 0x190
                0x0000000000000192                __TBCCR0 = 0x192
                0x0000000000000194                __TBCCR1 = 0x194
                0x0000000000000196                __TBCCR2 = 0x196
                0x0000000000000198                __TBCCR3 = 0x198
                0x000000000000019a                __TBCCR4 = 0x19a
                0x000000000000019c                __TBCCR5 = 0x19c
                0x000000000000019e                __TBCCR6 = 0x19e
                0x0000000000000060                __UCA0CTL0 = 0x60
                0x0000000000000061                __UCA0CTL1 = 0x61
                0x0000000000000062                __UCA0BR0 = 0x62
                0x0000000000000063                __UCA0BR1 = 0x63
                0x0000000000000064                __UCA0MCTL = 0x64
                0x0000000000000065                __UCA0STAT = 0x65
                0x0000000000000066                __UCA0RXBUF = 0x66
                0x0000000000000067                __UCA0TXBUF = 0x67
                0x000000000000005d                __UCA0ABCTL = 0x5d
                0x000000000000005e                __UCA0IRTCTL = 0x5e
                0x000000000000005f                __UCA0IRRCTL = 0x5f
                0x0000000000000068                __UCB0CTL0 = 0x68
                0x0000000000000069                __UCB0CTL1 = 0x69
                0x000000000000006a                __UCB0BR0 = 0x6a
                0x000000000000006b                __UCB0BR1 = 0x6b
                0x000000000000006c                __UCB0I2CIE = 0x6c
                0x000000000000006d                __UCB0STAT = 0x6d
                0x000000000000006e                __UCB0RXBUF = 0x6e
                0x000000000000006f                __UCB0TXBUF = 0x6f
                0x0000000000000118                __UCB0I2COA = 0x118
                0x000000000000011a                __UCB0I2CSA = 0x11a
                0x00000000000000d0                __UCA1CTL0 = 0xd0
                0x00000000000000d1                __UCA1CTL1 = 0xd1
                0x00000000000000d2                __UCA1BR0 = 0xd2
                0x00000000000000d3                __UCA1BR1 = 0xd3
                0x00000000000000d4                __UCA1MCTL = 0xd4
                0x00000000000000d5                __UCA1STAT = 0xd5
                0x00000000000000d6                __UCA1RXBUF = 0xd6
                0x00000000000000d7                __UCA1TXBUF = 0xd7
                0x00000000000000cd                __UCA1ABCTL = 0xcd
                0x00000000000000ce                __UCA1IRTCTL = 0xce
                0x00000000000000cf                __UCA1IRRCTL = 0xcf
                0x00000000000000d8                __UCB1CTL0 = 0xd8
                0x00000000000000d9                __UCB1CTL1 = 0xd9
                0x00000000000000da                __UCB1BR0 = 0xda
                0x00000000000000db                __UCB1BR1 = 0xdb
                0x00000000000000dc                __UCB1I2CIE = 0xdc
                0x00000000000000dd                __UCB1STAT = 0xdd
                0x00000000000000de                __UCB1RXBUF = 0xde
                0x00000000000000df                __UCB1TXBUF = 0xdf
                0x000000000000017c                __UCB1I2COA = 0x17c
                0x000000000000017e                __UCB1I2CSA = 0x17e
                0x0000000000000120                __WDTCTL = 0x120
                0x00000000000010c0                __TLV_CHECKSUM = 0x10c0
                0x00000000000010f6                __TLV_DCO_30_TAG = 0x10f6
                0x00000000000010f7                __TLV_DCO_30_LEN = 0x10f7
                0x00000000000010da                __TLV_ADC12_1_TAG = 0x10da
                0x00000000000010db                __TLV_ADC12_1_LEN = 0x10db
                0x00000000000010f8                __CALDCO_16MHZ = 0x10f8
                0x00000000000010f9                __CALBC1_16MHZ = 0x10f9
                0x00000000000010fa                __CALDCO_12MHZ = 0x10fa
                0x00000000000010fb                __CALBC1_12MHZ = 0x10fb
                0x00000000000010fc                __CALDCO_8MHZ = 0x10fc
                0x00000000000010fd                __CALBC1_8MHZ = 0x10fd
                0x00000000000010fe                __CALDCO_1MHZ = 0x10fe
                0x00000000000010ff                __CALBC1_1MHZ = 0x10ff

.hash
 *(.hash)

.dynsym
 *(.dynsym)

.dynstr
 *(.dynstr)

.gnu.version
 *(.gnu.version)

.gnu.version_d
 *(.gnu.version_d)

.gnu.version_r
 *(.gnu.version_r)

.rel.init
 *(.rel.init)

.rela.init
 *(.rela.init)

.rel.fini
 *(.rel.fini)

.rela.fini
 *(.rela.fini)

.rel.text
 *(.rel.text .rel.text.* .rel.gnu.linkonce.t.*)

.rela.text
 *(.rela.text .rela.text.* .rela.gnu.linkonce.t.*)

.rel.rodata
 *(.rel.rodata .rel.rodata.* .rel.gnu.linkonce.r.*)

.rela.rodata
 *(.rela.rodata .rela.rodata.* .rela.gnu.linkonce.r.*)

.rel.data
 *(.rel.data .rel.data.* .rel.gnu.linkonce.d.*)

.rela.data
 *(.rela.data .rela.data.* .rela.gnu.linkonce.d.*)

.rel.bss
 *(.rel.bss .rel.bss.* .rel.gnu.linkonce.b.*)

.rela.bss
 *(.rela.bss .rela.bss.* .rela.gnu.linkonce.b.*)

.rel.ctors
 *(.rel.ctors)

.rela.ctors
 *(.rela.ctors)

.rel.dtors
 *(.rel.dtors)

.rela.dtors
 *(.rela.dtors)

.rel.got
 *(.rel.got)

.rela.got
 *(.rela.got)

.rel.plt
 *(.rel.plt)

.rela.plt
 *(.rela.plt)

.text           0x0000000000003100     0xb72e
                0x0000000000003100                . = ALIGN (0x2)
 *(.init .init.*)
 *(.init0)
 .init0         0x0000000000003100        0x0 /usr/lib/gcc/msp430/4.6.3/mcpu-430x/mmpy-16/libcrt0.a(_reset_vector__.o)
                0x0000000000003100                _reset_vector__
 *(.init1)
 .init1         0x0000000000003100        0xc /usr/lib/gcc/msp430/4.6.3/mcpu-430x/mmpy-16/libcrt0.a(__watchdog_support.o)
                0x0000000000003100                __watchdog_support
 *(.init2)
 .init2         0x000000000000310c        0x4 /usr/lib/gcc/msp430/4.6.3/mcpu-430x/mmpy-16/libcrt0.a(__init_stack.o)
                0x000000000000310c                __init_stack
 *(.init3)
 .init3         0x0000000000003110        0x0 /usr/lib/gcc/msp430/4.6.3/mcpu-430x/mmpy-16/libcrt0.a(__low_level_init.o)
                0x0000000000003110                __low_level_init
 *(.init4)
 .init4         0x0000000000003110       0x18 /usr/lib/gcc/msp430/4.6.3/mcpu-430x/mmpy-16/libcrt0.a(_copy_data.o)
                0x0000000000003110                __do_copy_data
 .init4         0x0000000000003128       0x16 /usr/lib/gcc/msp430/4.6.3/mcpu-430x/mmpy-16/libcrt0.a(_clear_bss.o)
                0x0000000000003128                __do_clear_bss
 *(.init5)
 *(.init6)
 *(.init7)
 *(.init8)
 *(.init9)
 .init9         0x000000000000313e      0x35c obj_z1/contiki-z1-main.o
                0x000000000000313e                main
 *(.fini9)
 .fini9         0x000000000000349a        0x0 /usr/lib/gcc/msp430/4.6.3/mcpu-430x/mmpy-16/libcrt0.a(__stop_progExec__.o)
                0x000000000000349a                __stop_progExec__
 *(.fini8)
 *(.fini7)
 *(.fini6)
 *(.fini5)
 *(.fini4)
 *(.fini3)
 *(.fini2)
 *(.fini1)
 *(.fini0)
 .fini0         0x000000000000349a        0x6 /usr/lib/gcc/msp430/4.6.3/mcpu-430x/mmpy-16/libcrt0.a(_endless_loop__.o)
                0x000000000000349a                _endless_loop__
 *(.fini .fini.*)
                0x00000000000034a0                . = ALIGN (0x2)
                0x00000000000034a0                __ctors_start = .
 *(.ctors)
                0x00000000000034a0                __ctors_end = .
                0x00000000000034a0                __dtors_start = .
 *(.dtors)
                0x00000000000034a0                __dtors_end = .
                0x00000000000034a0                . = ALIGN (0x2)
 *(.text .text.* .gnu.linkonce.t.*)
 .text          0x00000000000034a0        0x4 /usr/lib/gcc/msp430/4.6.3/mcpu-430x/mmpy-16/crt0ivtbl32.o
                0x00000000000034a0                __isr_14
                0x00000000000034a0                __isr_4
                0x00000000000034a0                __isr_29
                0x00000000000034a0                __isr_11
                0x00000000000034a0                __isr_5
                0x00000000000034a0                __isr_2
                0x00000000000034a0                __isr_10
                0x00000000000034a0                __isr_7
                0x00000000000034a0                __isr_0
                0x00000000000034a0                __isr_28
                0x00000000000034a0                __isr_8
                0x00000000000034a0                __isr_20
                0x00000000000034a0                __isr_3
                0x00000000000034a0                __isr_12
                0x00000000000034a0                __isr_13
                0x00000000000034a0                __isr_27
                0x00000000000034a0                __isr_9
                0x00000000000034a0                __isr_30
                0x00000000000034a0                __isr_6
                0x00000000000034a0                __isr_22
                0x00000000000034a0                __isr_1
                0x00000000000034a0                __isr_15
                0x00000000000034a0                __isr_21
 .text.crt0     0x00000000000034a4        0x0 /usr/lib/gcc/msp430/4.6.3/mcpu-430x/mmpy-16/crt0ivtbl32.o
 .text          0x00000000000034a4      0x230 GPS_sensor.co
 .text          0x00000000000036d4        0x6 obj_z1/contiki-z1-main.o
                0x00000000000036d4                uip_log
 .text          0x00000000000036da        0xc contiki-z1.a(contiki-z1-plat)
                0x00000000000036da                init_platform
 .text          0x00000000000036e6       0xcc contiki-z1.a(msp430.o)
                0x00000000000036e6                msp430_init_dco
                0x000000000000370e                splhigh_
                0x0000000000003716                msp430_sync_dco
                0x0000000000003788                msp430_cpu_init
 .text          0x00000000000037b2      0x146 contiki-z1.a(leds.o)
                0x00000000000038a0                leds_init
                0x00000000000038aa                leds_get
                0x00000000000038b0                leds_set
                0x00000000000038b6                leds_on
                0x00000000000038c0                leds_off
                0x00000000000038ce                leds_toggle
                0x00000000000038d8                leds_blink
 .text          0x00000000000038f8       0x5c contiki-z1.a(watchdog.o)
                0x00000000000038f8                __isr_26
                0x00000000000038f8                watchdog_interrupt
                0x00000000000038fe                watchdog_start
                0x0000000000003912                watchdog_periodic
                0x0000000000003924                watchdog_stop
                0x000000000000393a                watchdog_init
                0x000000000000394e                watchdog_reboot
 .text          0x0000000000003954      0x350 contiki-z1.a(xmem.o)
                0x00000000000039cc                xmem_init
                0x00000000000039ea                xmem_pread
                0x0000000000003aba                xmem_pwrite
                0x0000000000003bee                xmem_erase
 .text          0x0000000000003ca4       0x38 contiki-z1.a(spi.o)
                0x0000000000003ca4                spi_init
 .text          0x0000000000003cdc      0xa12 contiki-z1.a(cc2420.o)
                0x000000000000406c                cc2420_on
                0x000000000000408e                cc2420_off
                0x00000000000042a0                cc2420_get_channel
                0x00000000000042a6                cc2420_set_channel
                0x00000000000042e0                cc2420_set_pan_addr
                0x000000000000432c                cc2420_interrupt
                0x0000000000004344                cc2420_set_txpower
                0x0000000000004352                cc2420_get_txpower
                0x0000000000004488                cc2420_rssi
                0x0000000000004576                cc2420_set_cca_threshold
                0x0000000000004610                cc2420_init
 .text          0x00000000000046ee       0x1a contiki-z1.a(cc2420-arch.o)
                0x00000000000046ee                cc2420_arch_init
 .text          0x0000000000004708       0x9a contiki-z1.a(node-id.o)
                0x0000000000004708                node_id_restore
                0x0000000000004754                node_id_burn
 .text          0x00000000000047a2      0x158 contiki-z1.a(sensors.o)
                0x0000000000004860                sensors_first
                0x0000000000004866                sensors_next
                0x0000000000004892                sensors_changed
                0x00000000000048bc                sensors_find
 .text          0x00000000000048fa      0x100 contiki-z1.a(button-sensor.o)
                0x0000000000004984                irq_p2
                0x0000000000004984                __isr_19
 .text          0x00000000000049fa       0xd8 contiki-z1.a(uart0.o)
                0x00000000000049fa                uart0_active
                0x0000000000004a08                uart0_set_input
                0x0000000000004a0e                uart0_writeb
                0x0000000000004a26                uart0_init
                0x0000000000004a6c                __isr_23
                0x0000000000004a6c                uart0_rx_interrupt
 .text          0x0000000000004ad2       0x10 contiki-z1.a(uart0-putchar.o)
                0x0000000000004ad2                putchar
 .text          0x0000000000004ae2      0x318 contiki-z1.a(adxl345.o)
                0x0000000000004ae2                accm_write_reg
                0x0000000000004b10                accm_write_stream
                0x0000000000004b3a                accm_read_reg
                0x0000000000004be4                accm_read_stream
                0x0000000000004c36                accm_read_axis
                0x0000000000004c5c                accm_set_grange
                0x0000000000004c80                accm_init
                0x0000000000004d0a                accm_set_irq
                0x0000000000004d36                port1_isr
                0x0000000000004d36                __isr_18
 .text          0x0000000000004dfa      0x1e8 contiki-z1.a(clock.o)
                0x0000000000004dfa                __isr_24
                0x0000000000004dfa                timera1
                0x0000000000004f04                clock_time
                0x0000000000004f1e                clock_set
                0x0000000000004f34                clock_fine_max
                0x0000000000004f3a                clock_fine
                0x0000000000004f46                clock_init
                0x0000000000004f6e                clock_delay
                0x0000000000004f7a                clock_wait
                0x0000000000004fa2                clock_set_seconds
                0x0000000000004fba                clock_seconds
                0x0000000000004fd4                clock_counter
 .text          0x0000000000004fe2       0x78 contiki-z1.a(leds-arch.o)
                0x0000000000004fe2                leds_arch_init
                0x0000000000004ff0                leds_arch_get
                0x0000000000005020                leds_arch_set
 .text          0x000000000000505a       0x7e contiki-z1.a(rtimer-arch.o)
                0x000000000000505a                rtimer_arch_init
                0x0000000000005068                rtimer_arch_now
                0x0000000000005076                __isr_25
                0x0000000000005076                timera0
                0x00000000000050d2                rtimer_arch_schedule
 .text          0x00000000000050d8       0x2a contiki-z1.a(autostart.o)
                0x00000000000050d8                autostart_start
                0x00000000000050ee                autostart_exit
 .text          0x0000000000005102       0xae contiki-z1.a(energest.o)
                0x0000000000005102                energest_init
                0x000000000000512a                energest_type_time
                0x0000000000005166                energest_leveldevice_leveltime
                0x000000000000516c                energest_type_set
                0x0000000000005178                energest_flush
 .text          0x00000000000051b0      0x1ae contiki-z1.a(ctimer.o)
                0x000000000000524c                ctimer_init
                0x0000000000005264                ctimer_set
                0x00000000000052ac                ctimer_reset
                0x00000000000052d8                ctimer_restart
                0x0000000000005304                ctimer_stop
                0x000000000000532c                ctimer_expired
 .text          0x000000000000535e      0x252 contiki-z1.a(etimer.o)
                0x00000000000053ce                etimer_request_poll
                0x00000000000054d8                etimer_set
                0x00000000000054ea                etimer_reset
                0x00000000000054fc                etimer_restart
                0x000000000000550e                etimer_adjust
                0x0000000000005528                etimer_expired
                0x0000000000005536                etimer_expiration_time
                0x000000000000554a                etimer_start_time
                0x0000000000005552                etimer_pending
                0x000000000000555e                etimer_next_expiration_time
                0x0000000000005574                etimer_stop
 .text          0x00000000000055b0      0x2a0 contiki-z1.a(process.o)
                0x00000000000056b0                process_alloc_event
                0x00000000000056be                process_exit
                0x00000000000056c8                process_init
                0x00000000000056e4                process_run
                0x0000000000005788                process_nevents
                0x0000000000005796                process_post
                0x00000000000057e6                process_post_synch
                0x00000000000057f8                process_start
                0x000000000000582a                process_poll
                0x0000000000005842                process_is_running
 .text          0x0000000000005850       0x50 contiki-z1.a(rtimer.o)
                0x0000000000005850                rtimer_init
                0x0000000000005856                rtimer_set
                0x000000000000587a                rtimer_run_next
 .text          0x00000000000058a0       0x8c contiki-z1.a(timer.o)
                0x00000000000058a0                timer_set
                0x00000000000058bc                timer_reset
                0x00000000000058ca                timer_restart
                0x00000000000058de                timer_expired
                0x0000000000005908                timer_remaining
 .text          0x000000000000592c       0xf6 contiki-z1.a(list.o)
                0x000000000000592c                list_init
                0x0000000000005932                list_head
                0x0000000000005936                list_copy
                0x000000000000593c                list_tail
                0x000000000000594e                list_chop
                0x0000000000005972                list_pop
                0x0000000000005980                list_remove
                0x00000000000059b4                list_push
                0x00000000000059ca                list_add
                0x00000000000059f0                list_length
                0x0000000000005a00                list_insert
                0x0000000000005a16                list_item_next
 .text          0x0000000000005a22      0x68c contiki-z1.a(uip-ds6.o)
                0x0000000000005a22                uip_ds6_list_loop
                0x0000000000005a88                uip_ds6_prefix_add
                0x0000000000005af8                uip_ds6_prefix_rm
                0x0000000000005b02                uip_ds6_prefix_lookup
                0x0000000000005b2a                uip_ds6_is_addr_onlink
                0x0000000000005b6c                uip_ds6_addr_lookup
                0x0000000000005b96                uip_ds6_get_link_local
                0x0000000000005bd4                uip_ds6_get_global
                0x0000000000005c12                uip_ds6_maddr_add
                0x0000000000005c5a                uip_ds6_addr_add
                0x0000000000005d0e                uip_ds6_maddr_rm
                0x0000000000005d18                uip_ds6_maddr_lookup
                0x0000000000005d42                uip_ds6_addr_rm
                0x0000000000005d96                uip_ds6_periodic
                0x0000000000005de0                uip_ds6_aaddr_add
                0x0000000000005e26                uip_ds6_aaddr_rm
                0x0000000000005e30                uip_ds6_aaddr_lookup
                0x0000000000005e58                uip_ds6_set_addr_iid
                0x0000000000005e6c                get_match_length
                0x0000000000005ea6                uip_ds6_select_src
                0x0000000000005f40                uip_ds6_compute_reachable_time
                0x0000000000005f76                uip_ds6_init
 .text          0x00000000000060ae      0x472 contiki-z1.a(uip-ds6-route.o)
                0x00000000000060ee                uip_ds6_notification_add
                0x0000000000006106                uip_ds6_notification_rm
                0x0000000000006112                uip_ds6_route_init
                0x0000000000006148                uip_ds6_route_nexthop
                0x0000000000006162                uip_ds6_route_head
                0x000000000000616c                uip_ds6_route_next
                0x000000000000617a                uip_ds6_route_num_routes
                0x0000000000006180                uip_ds6_route_lookup
                0x00000000000061ee                uip_ds6_route_rm
                0x00000000000062c8                uip_ds6_route_add
                0x00000000000063c0                uip_ds6_route_rm_by_nexthop
                0x00000000000063d4                uip_ds6_defrt_rm
                0x0000000000006418                uip_ds6_defrt_lookup
                0x000000000000644a                uip_ds6_defrt_add
                0x00000000000064b2                uip_ds6_defrt_choose
                0x00000000000064e8                uip_ds6_defrt_periodic
 .text          0x0000000000006520     0x1380 contiki-z1.a(uip6.o)
                0x0000000000006674                uip_add32
                0x00000000000066d8                uip_chksum
                0x00000000000066f0                uip_icmp6chksum
                0x00000000000066fa                uip_tcpchksum
                0x0000000000006704                uip_udpchksum
                0x000000000000670e                uip_init
                0x0000000000006770                uip_connect
                0x000000000000688c                remove_ext_hdr
                0x00000000000068e2                uip_udp_new
                0x00000000000069a6                uip_unlisten
                0x00000000000069d0                uip_listen
                0x00000000000069fc                uip_process
                0x0000000000007802                uip_htons
                0x000000000000780e                uip_htonl
                0x0000000000007838                uip_send
 .text.unlikely
                0x00000000000078a0       0x2e contiki-z1.a(uip6.o)
 .text          0x00000000000078ce      0x29e contiki-z1.a(uip-ds6-nbr.o)
                0x00000000000078ce                uip_ds6_nbr_rm
                0x00000000000078e8                uip_ds6_neighbors_init
                0x00000000000078f6                uip_ds6_nbr_add
                0x000000000000794a                uip_ds6_nbr_get_ipaddr
                0x000000000000794c                uip_ds6_nbr_get_ll
                0x0000000000007958                uip_ds6_nbr_num
                0x000000000000797c                uip_ds6_nbr_lookup
                0x00000000000079ba                uip_ds6_nbr_ll_lookup
                0x00000000000079c6                uip_ds6_nbr_ipaddr_from_lladdr
                0x00000000000079cc                uip_ds6_nbr_lladdr_from_ipaddr
                0x00000000000079de                uip_ds6_link_neighbor_callback
                0x0000000000007a04                uip_ds6_neighbor_periodic
                0x0000000000007b20                uip_ds6_get_least_lifetime_neighbor
 .text          0x0000000000007b6c      0x556 contiki-z1.a(uip-nd6.o)
                0x0000000000007f5c                uip_nd6_ns_output
                0x00000000000080b0                uip_nd6_init
 .text          0x00000000000080c2      0xefc contiki-z1.a(sicslowpan.o)
                0x000000000000886a                sicslowpan_init
                0x0000000000008fac                rime_sniffer_add
                0x0000000000008fb2                rime_sniffer_remove
                0x0000000000008fb8                sicslowpan_get_last_rssi
 .text          0x0000000000008fbe      0x4ca contiki-z1.a(tcpip.o)
                0x0000000000008fd4                tcpip_output
                0x0000000000008fe4                tcpip_set_outputfunc
                0x0000000000008fea                tcp_unlisten
                0x000000000000901c                tcp_listen
                0x0000000000009050                tcp_attach
                0x000000000000905c                udp_attach
                0x0000000000009068                udp_new
                0x0000000000009082                udp_broadcast_new
                0x00000000000090c8                tcpip_input
                0x00000000000090de                tcpip_ipv6_output
                0x00000000000093d8                tcpip_poll_udp
                0x00000000000093e6                tcpip_poll_tcp
                0x00000000000093f4                tcp_connect
                0x0000000000009416                tcpip_uipcall
 .text          0x0000000000009488      0x19a contiki-z1.a(simple-udp.o)
                0x0000000000009524                simple_udp_send
                0x000000000000954e                simple_udp_sendto
                0x0000000000009576                simple_udp_sendto_port
                0x000000000000959c                simple_udp_register
 .text          0x0000000000009622       0xac contiki-z1.a(uip-debug.o)
                0x0000000000009622                uip_debug_ipaddr_print
                0x0000000000009692                uip_debug_lladdr_print
 .text          0x00000000000096ce      0x336 contiki-z1.a(rpl-ext-header.)
                0x00000000000096ce                rpl_verify_header
                0x0000000000009780                rpl_update_header_empty
                0x00000000000098a2                rpl_update_header_final
                0x0000000000009936                rpl_remove_header
                0x0000000000009980                rpl_invert_header
                0x00000000000099f2                rpl_insert_header
 .text          0x0000000000009a04      0x254 contiki-z1.a(rpl.o)
                0x0000000000009a04                rpl_get_mode
                0x0000000000009a0a                rpl_set_mode
                0x0000000000009a46                rpl_purge_routes
                0x0000000000009adc                rpl_remove_routes
                0x0000000000009afe                rpl_remove_routes_by_nexthop
                0x0000000000009b3c                rpl_add_route
                0x0000000000009b7c                rpl_link_neighbor_callback
                0x0000000000009bf0                rpl_ipv6_neighbor_callback
                0x0000000000009c0e                rpl_init
 .text          0x0000000000009c58      0x170 contiki-z1.a(rpl-mrhof.o)
 .text          0x0000000000009dc8      0xfc8 contiki-z1.a(rpl-dag.o)
                0x0000000000009f30                rpl_get_nbr
                0x0000000000009f4e                rpl_print_neighbor_list
                0x000000000000a036                rpl_dag_init
                0x000000000000a044                rpl_get_parent
                0x000000000000a050                rpl_get_parent_rank
                0x000000000000a068                rpl_get_parent_link_metric
                0x000000000000a080                rpl_get_parent_ipaddr
                0x000000000000a090                rpl_set_prefix
                0x000000000000a104                rpl_set_default_route
                0x000000000000a15a                rpl_alloc_instance
                0x000000000000a18e                rpl_set_default_instance
                0x000000000000a194                rpl_get_default_instance
                0x000000000000a19a                rpl_add_parent
                0x000000000000a1e8                rpl_find_parent
                0x000000000000a202                rpl_find_parent_any_dag
                0x000000000000a224                rpl_select_parent
                0x000000000000a29a                rpl_select_dag
                0x000000000000a40c                rpl_nullify_parent
                0x000000000000a45c                rpl_remove_parent
                0x000000000000a4a6                rpl_free_dag
                0x000000000000a4dc                rpl_free_instance
                0x000000000000a544                rpl_move_parent
                0x000000000000a596                rpl_get_any_dag
                0x000000000000a5ae                rpl_get_instance
                0x000000000000a5c8                rpl_alloc_dag
                0x000000000000a624                rpl_repair_root
                0x000000000000a674                rpl_set_root
                0x000000000000a78e                rpl_find_of
                0x000000000000a79e                rpl_join_instance
                0x000000000000a8c6                rpl_local_repair
                0x000000000000a92a                rpl_process_parent_event
                0x000000000000a970                rpl_recalculate_ranks
                0x000000000000a9b8                rpl_add_dag
                0x000000000000aaba                rpl_process_dio
                0x000000000000ad84                rpl_lock_parent
 .text          0x000000000000ad90      0x13c contiki-z1.a(queuebuf.o)
                0x000000000000ad90                queuebuf_init
                0x000000000000ada2                queuebuf_numfree
                0x000000000000adac                queuebuf_new_from_packetbuf
                0x000000000000adfa                queuebuf_update_attr_from_packetbuf
                0x000000000000ae0c                queuebuf_update_from_packetbuf
                0x000000000000ae2e                queuebuf_free
                0x000000000000ae58                queuebuf_to_packetbuf
                0x000000000000ae8a                queuebuf_dataptr
                0x000000000000aea6                queuebuf_datalen
                0x000000000000aeae                queuebuf_addr
                0x000000000000aebc                queuebuf_attr
                0x000000000000aeca                queuebuf_debug_print
 .text          0x000000000000aecc      0x464 contiki-z1.a(nbr-table.o)
                0x000000000000b052                nbr_table_register
                0x000000000000b078                nbr_table_next
                0x000000000000b0f0                nbr_table_head
                0x000000000000b122                nbr_table_add_lladdr
                0x000000000000b24e                nbr_table_get_from_lladdr
                0x000000000000b292                nbr_table_remove
                0x000000000000b2bc                nbr_table_lock
                0x000000000000b2cc                nbr_table_unlock
                0x000000000000b2dc                nbr_table_get_lladdr
 .text          0x000000000000b330      0x1e2 contiki-z1.a(packetbuf.o)
                0x000000000000b330                packetbuf_clear_hdr
                0x000000000000b338                packetbuf_compact
                0x000000000000b366                packetbuf_copyto_hdr
                0x000000000000b382                packetbuf_copyto
                0x000000000000b3c8                packetbuf_hdr_remove
                0x000000000000b3ce                packetbuf_hdrreduce
                0x000000000000b3e8                packetbuf_set_datalen
                0x000000000000b3ee                packetbuf_dataptr
                0x000000000000b3fc                packetbuf_hdrptr
                0x000000000000b406                packetbuf_datalen
                0x000000000000b40c                packetbuf_hdrlen
                0x000000000000b41c                packetbuf_totlen
                0x000000000000b428                packetbuf_hdralloc
                0x000000000000b452                packetbuf_attr_clear
                0x000000000000b47a                packetbuf_clear
                0x000000000000b494                packetbuf_copyfrom
                0x000000000000b4be                packetbuf_attr_copyto
                0x000000000000b4e0                packetbuf_attr_copyfrom
                0x000000000000b504                packetbuf_holds_broadcast
 .text          0x000000000000b512       0x26 contiki-z1.a(linkaddr.o)
                0x000000000000b512                linkaddr_copy
                0x000000000000b51a                linkaddr_cmp
                0x000000000000b52c                linkaddr_set_node_addr
 .text          0x000000000000b538      0x1b4 contiki-z1.a(framer-802154.o)
 .text          0x000000000000b6ec      0x35a contiki-z1.a(frame802154.o)
                0x000000000000b780                frame802154_hdrlen
                0x000000000000b7ae                frame802154_create
                0x000000000000b8c0                frame802154_parse
 .text          0x000000000000ba46      0x376 contiki-z1.a(csma.o)
 .text          0x000000000000bdbc       0x20 contiki-z1.a(framer.o)
                0x000000000000bdbc                framer_canonical_create_and_secure
 .text          0x000000000000bddc      0x602 contiki-z1.a(contikimac.o)
                0x000000000000c3da                contikimac_debug_print
 .text          0x000000000000c3de       0x1c contiki-z1.a(nullsec.o)
 .text          0x000000000000c3fa      0x1b2 contiki-z1.a(i2cmaster.o)
                0x000000000000c3fa                i2c_setrate
                0x000000000000c400                i2c_receiveinit
                0x000000000000c438                i2c_transmitinit
                0x000000000000c46a                i2c_receive_n
                0x000000000000c4ae                i2c_busy
                0x000000000000c4b8                i2c_enable
                0x000000000000c4dc                i2c_disable
                0x000000000000c4f6                i2c_transmit_n
                0x000000000000c50a                __isr_16
                0x000000000000c50a                i2c_tx_interrupt
                0x000000000000c594                i2c_rx_interrupt
                0x000000000000c594                __isr_17
 .text          0x000000000000c5ac       0xa4 contiki-z1.a(stimer.o)
                0x000000000000c5ac                stimer_set
                0x000000000000c5c8                stimer_reset
                0x000000000000c5d6                stimer_restart
                0x000000000000c5ea                stimer_expired
                0x000000000000c61a                stimer_remaining
                0x000000000000c63e                stimer_elapsed
 .text          0x000000000000c650      0x102 contiki-z1.a(memb.o)
                0x000000000000c650                memb_init
                0x000000000000c686                memb_alloc
                0x000000000000c6c4                memb_free
                0x000000000000c6fe                memb_inmemb
                0x000000000000c72c                memb_numfree
 .text          0x000000000000c752        0xc contiki-z1.a(random.o)
                0x000000000000c752                random_init
                0x000000000000c758                random_rand
 .text          0x000000000000c75e      0x4a0 contiki-z1.a(uip-icmp6.o)
                0x000000000000c990                uip_icmp6_input
                0x000000000000c9d0                uip_icmp6_register_input_handler
                0x000000000000c9dc                uip_icmp6_error_output
                0x000000000000cb42                uip_icmp6_send
                0x000000000000cbc8                uip_icmp6_echo_reply_callback_add
                0x000000000000cbe0                uip_icmp6_echo_reply_callback_rm
                0x000000000000cbec                uip_icmp6_init
 .text          0x000000000000cbfe       0x84 contiki-z1.a(uip-udp-packet.)
                0x000000000000cbfe                uip_udp_packet_send
                0x000000000000cc2c                uip_udp_packet_sendto
 .text          0x000000000000cc82      0xa06 contiki-z1.a(rpl-icmp6.o)
                0x000000000000cfb8                dis_output
                0x000000000000d008                dio_output
                0x000000000000d272                dao_output_target
                0x000000000000d344                dao_output
                0x000000000000d3ae                dao_ack_output
                0x000000000000d666                rpl_icmp6_register_handlers
 .text          0x000000000000d688      0x44c contiki-z1.a(rpl-timers.o)
                0x000000000000d8f0                rpl_reset_periodic_timer
                0x000000000000d94c                rpl_reset_dio_timer
                0x000000000000d964                rpl_schedule_dao
                0x000000000000d970                rpl_schedule_dao_immediately
                0x000000000000d97a                rpl_cancel_dao
                0x000000000000d994                rpl_schedule_probing
 .text          0x000000000000dad4       0xa8 contiki-z1.a(mac-sequence.o)
                0x000000000000dad4                mac_sequence_is_duplicate
                0x000000000000db10                mac_sequence_register_seqno
 .text          0x000000000000db7c       0x14 contiki-z1.a(mac.o)
                0x000000000000db7c                mac_call_sent_callback
 .text          0x000000000000db90        0x0 /usr/lib/gcc/msp430/4.6.3/mcpu-430x/mmpy-16/libgcc.a(_mulsi3.o)
 .text.libgcc   0x000000000000db90       0x2a /usr/lib/gcc/msp430/4.6.3/mcpu-430x/mmpy-16/libgcc.a(_mulsi3.o)
                0x000000000000db90                __mulsi3
 .text          0x000000000000dbba        0x0 /usr/lib/gcc/msp430/4.6.3/mcpu-430x/mmpy-16/libgcc.a(_udivmod16.o)
 .text.libgcc   0x000000000000dbba       0x22 /usr/lib/gcc/msp430/4.6.3/mcpu-430x/mmpy-16/libgcc.a(_udivmod16.o)
                0x000000000000dbba                __udivhi3
                0x000000000000dbba                __ext_udivmod16
                0x000000000000dbd4                __umodhi3
 .text          0x000000000000dbdc        0x0 /usr/lib/gcc/msp430/4.6.3/mcpu-430x/mmpy-16/libgcc.a(_divmod16.o)
 .text.libgcc   0x000000000000dbdc       0x3a /usr/lib/gcc/msp430/4.6.3/mcpu-430x/mmpy-16/libgcc.a(_divmod16.o)
                0x000000000000dbdc                __ext_divmod16
                0x000000000000dbdc                __divhi3
                0x000000000000dc0e                __modhi3
 .text          0x000000000000dc16        0x0 /usr/lib/gcc/msp430/4.6.3/mcpu-430x/mmpy-16/libgcc.a(_udivmod32.o)
 .text.libgcc   0x000000000000dc16       0x38 /usr/lib/gcc/msp430/4.6.3/mcpu-430x/mmpy-16/libgcc.a(_udivmod32.o)
                0x000000000000dc16                __udivsi3
                0x000000000000dc16                __ext_udivmod32
                0x000000000000dc44                __umodsi3
 .text          0x000000000000dc4e       0x28 /usr/lib/gcc/msp430/4.6.3/../../../../msp430/lib/mcpu-430x/mmpy-16/libc.a(strncmp.o)
                0x000000000000dc4e                strncmp
 .text          0x000000000000dc76       0x20 /usr/lib/gcc/msp430/4.6.3/../../../../msp430/lib/mcpu-430x/mmpy-16/libc.a(memcmp.o)
                0x000000000000dc76                memcmp
 .text          0x000000000000dc96       0xe4 /usr/lib/gcc/msp430/4.6.3/../../../../msp430/lib/mcpu-430x/mmpy-16/libc.a(memcpy.o)
                0x000000000000dc96                memcpy
 .text          0x000000000000dd7a       0xe4 /usr/lib/gcc/msp430/4.6.3/../../../../msp430/lib/mcpu-430x/mmpy-16/libc.a(memmove.o)
                0x000000000000dd7a                memmove
 .text          0x000000000000de5e       0x5c /usr/lib/gcc/msp430/4.6.3/../../../../msp430/lib/mcpu-430x/mmpy-16/libc.a(memset.o)
                0x000000000000de5e                memset
 .text          0x000000000000deba       0x1e /usr/lib/gcc/msp430/4.6.3/../../../../msp430/lib/mcpu-430x/mmpy-16/libc.a(printf.o)
                0x000000000000deba                printf
                0x000000000000deca                vprintf
 .text          0x000000000000ded8      0x818 /usr/lib/gcc/msp430/4.6.3/../../../../msp430/lib/mcpu-430x/mmpy-16/libc.a(vuprintf.o)
                0x000000000000e054                vuprintf
 .text          0x000000000000e6f0       0x2c /usr/lib/gcc/msp430/4.6.3/../../../../msp430/lib/mcpu-430x/mmpy-16/libc.a(puts.o)
                0x000000000000e6f0                puts
 .text          0x000000000000e71c       0x54 /usr/lib/gcc/msp430/4.6.3/../../../../msp430/lib/mcpu-430x/mmpy-16/libc.a(rand.o)
                0x000000000000e71c                rand_r
                0x000000000000e740                rand
                0x000000000000e766                srand
 .text          0x000000000000e770        0x0 /usr/lib/gcc/msp430/4.6.3/mcpu-430x/mmpy-16/libgcc.a(_udivmod64.o)
 .text.libgcc   0x000000000000e770       0xbc /usr/lib/gcc/msp430/4.6.3/mcpu-430x/mmpy-16/libgcc.a(_udivmod64.o)
                0x000000000000e770                __xabi_udivmod64
                0x000000000000e7c2                __udivdi3
                0x000000000000e7dc                __umoddi3
                0x000000000000e7fe                __udivmoddi4
 .text          0x000000000000e82c        0x0 /usr/lib/gcc/msp430/4.6.3/mcpu-430x/mmpy-16/libcrt0.a(_reset_vector__.o)
 .text          0x000000000000e82c        0x0 /usr/lib/gcc/msp430/4.6.3/mcpu-430x/mmpy-16/libcrt0.a(__watchdog_support.o)
 .text          0x000000000000e82c        0x0 /usr/lib/gcc/msp430/4.6.3/mcpu-430x/mmpy-16/libcrt0.a(__init_stack.o)
 .text          0x000000000000e82c        0x0 /usr/lib/gcc/msp430/4.6.3/mcpu-430x/mmpy-16/libcrt0.a(__low_level_init.o)
 .text          0x000000000000e82c        0x0 /usr/lib/gcc/msp430/4.6.3/mcpu-430x/mmpy-16/libcrt0.a(_copy_data.o)
 .text          0x000000000000e82c        0x0 /usr/lib/gcc/msp430/4.6.3/mcpu-430x/mmpy-16/libcrt0.a(_clear_bss.o)
 .text          0x000000000000e82c        0x0 /usr/lib/gcc/msp430/4.6.3/mcpu-430x/mmpy-16/libcrt0.a(__stop_progExec__.o)
 .text          0x000000000000e82c        0x0 /usr/lib/gcc/msp430/4.6.3/mcpu-430x/mmpy-16/libcrt0.a(_endless_loop__.o)
 .text          0x000000000000e82c        0x0 /usr/lib/gcc/msp430/4.6.3/mcpu-430x/mmpy-16/libcrt0.a(_unexpected_.o)
 .text.crt0     0x000000000000e82c        0x2 /usr/lib/gcc/msp430/4.6.3/mcpu-430x/mmpy-16/libcrt0.a(_unexpected_.o)
                0x000000000000e82c                _unexpected_
                0x000000000000e82e                . = ALIGN (0x2)

.rodata         0x000000000000e82e      0x3dc
                0x000000000000e82e                . = ALIGN (0x2)
 *(.rodata .rodata.* .gnu.linkonce.r.*)
 .rodata        0x000000000000e82e       0xae GPS_sensor.co
                0x000000000000e8c4                autostart_processes
 .rodata        0x000000000000e8dc      0x107 obj_z1/contiki-z1-main.o
 .rodata        0x000000000000e9e3       0x2c contiki-z1.a(xmem.o)
 *fill*         0x000000000000ea0f        0x1 00
 .rodata        0x000000000000ea10       0x5a contiki-z1.a(cc2420.o)
                0x000000000000ea2c                cc2420_aes_128_driver
                0x000000000000ea30                cc2420_driver
 .rodata        0x000000000000ea6a        0x8 contiki-z1.a(sensors.o)
 .rodata        0x000000000000ea72       0x10 contiki-z1.a(button-sensor.o)
                0x000000000000ea7a                button_sensor
 .rodata        0x000000000000ea82       0x16 contiki-z1.a(adxl345.o)
 .rodata        0x000000000000ea98        0xf contiki-z1.a(ctimer.o)
 .rodata        0x000000000000eaa7        0xc contiki-z1.a(etimer.o)
 *fill*         0x000000000000eab3        0x1 00
 .rodata        0x000000000000eab4       0x20 contiki-z1.a(uip6.o)
 .rodata        0x000000000000ead4       0x24 contiki-z1.a(sicslowpan.o)
                0x000000000000eae0                sicslowpan_driver
                0x000000000000eae6                llprefix
                0x000000000000eae8                unc_mxconf
                0x000000000000eaec                unc_ctxconf
                0x000000000000eaf0                unc_llconf
 .rodata        0x000000000000eaf8        0xd contiki-z1.a(tcpip.o)
 .rodata        0x000000000000eb05       0x13 contiki-z1.a(simple-udp.o)
 .rodata        0x000000000000eb18       0x29 contiki-z1.a(uip-debug.o)
 .rodata        0x000000000000eb41       0x6a contiki-z1.a(rpl-dag.o)
 *fill*         0x000000000000ebab        0x1 00
 .rodata        0x000000000000ebac        0x8 contiki-z1.a(linkaddr.o)
                0x000000000000ebac                linkaddr_null
 .rodata        0x000000000000ebb4        0x8 contiki-z1.a(framer-802154.o)
                0x000000000000ebb4                framer_802154
 .rodata        0x000000000000ebbc        0x2 contiki-z1.a(frame802154.o)
 .rodata        0x000000000000ebbe       0x14 contiki-z1.a(csma.o)
                0x000000000000ebc4                csma_driver
 .rodata        0x000000000000ebd2       0x1c contiki-z1.a(contikimac.o)
                0x000000000000ebde                contikimac_driver
 .rodata        0x000000000000ebee       0x14 contiki-z1.a(nullsec.o)
                0x000000000000ebf6                nullsec_driver
 .rodata        0x000000000000ec02        0x7 /usr/lib/gcc/msp430/4.6.3/../../../../msp430/lib/mcpu-430x/mmpy-16/libc.a(vuprintf.o)
                0x000000000000ec0a                . = ALIGN (0x2)
 *fill*         0x000000000000ec09        0x1 00
                0x000000000000ec0a                _etext = .

.data           0x0000000000001100      0x116 load address 0x000000000000ec0a
                0x0000000000001100                . = ALIGN (0x2)
                0x0000000000001100                PROVIDE (__data_start, .)
 *(.data .data.* .gnu.linkonce.d.*)
 .data          0x0000000000001100        0x0 /usr/lib/gcc/msp430/4.6.3/mcpu-430x/mmpy-16/crt0ivtbl32.o
 .data          0x0000000000001100        0xa GPS_sensor.co
                0x0000000000001100                Sensor_process
 .data          0x000000000000110a        0x4 obj_z1/contiki-z1-main.o
                0x000000000000110a                sensors
 .data          0x000000000000110e        0x0 contiki-z1.a(contiki-z1-plat)
 .data          0x000000000000110e        0x2 contiki-z1.a(msp430.o)
 .data          0x0000000000001110        0x0 contiki-z1.a(leds.o)
 .data          0x0000000000001110        0x0 contiki-z1.a(watchdog.o)
 .data          0x0000000000001110        0x0 contiki-z1.a(xmem.o)
 .data          0x0000000000001110        0x0 contiki-z1.a(spi.o)
 .data          0x0000000000001110        0xa contiki-z1.a(cc2420.o)
                0x0000000000001110                cc2420_process
 .data          0x000000000000111a        0x0 contiki-z1.a(cc2420-arch.o)
 .data          0x000000000000111a        0x0 contiki-z1.a(node-id.o)
 .data          0x000000000000111a        0xa contiki-z1.a(sensors.o)
                0x000000000000111a                sensors_process
 .data          0x0000000000001124        0x0 contiki-z1.a(button-sensor.o)
 .data          0x0000000000001124        0x0 contiki-z1.a(uart0.o)
 .data          0x0000000000001124        0x0 contiki-z1.a(uart0-putchar.o)
 .data          0x0000000000001124       0x20 contiki-z1.a(adxl345.o)
                0x0000000000001124                accmeter_process
 .data          0x0000000000001144        0x0 contiki-z1.a(clock.o)
 .data          0x0000000000001144        0x0 contiki-z1.a(leds-arch.o)
 .data          0x0000000000001144        0x0 contiki-z1.a(rtimer-arch.o)
 .data          0x0000000000001144        0x0 contiki-z1.a(autostart.o)
 .data          0x0000000000001144        0x0 contiki-z1.a(energest.o)
 .data          0x0000000000001144        0xa contiki-z1.a(ctimer.o)
                0x0000000000001144                ctimer_process
 .data          0x000000000000114e        0xa contiki-z1.a(etimer.o)
                0x000000000000114e                etimer_process
 .data          0x0000000000001158        0x0 contiki-z1.a(process.o)
 .data          0x0000000000001158        0x0 contiki-z1.a(rtimer.o)
 .data          0x0000000000001158        0x0 contiki-z1.a(timer.o)
 .data          0x0000000000001158        0x0 contiki-z1.a(list.o)
 .data          0x0000000000001158        0x0 contiki-z1.a(uip-ds6.o)
 .data          0x0000000000001158       0x20 contiki-z1.a(uip-ds6-route.o)
 .data          0x0000000000001178        0x0 contiki-z1.a(uip6.o)
 .data          0x0000000000001178        0xa contiki-z1.a(uip-ds6-nbr.o)
                0x0000000000001178                ds6_neighbors
 .data          0x0000000000001182        0xc contiki-z1.a(uip-nd6.o)
 .data          0x000000000000118e        0x0 contiki-z1.a(sicslowpan.o)
 .data          0x000000000000118e        0xa contiki-z1.a(tcpip.o)
                0x000000000000118e                tcpip_process
 .data          0x0000000000001198        0xa contiki-z1.a(simple-udp.o)
                0x0000000000001198                simple_udp_process
 .data          0x00000000000011a2        0x0 contiki-z1.a(uip-debug.o)
 .data          0x00000000000011a2        0x0 contiki-z1.a(rpl-ext-header.)
 .data          0x00000000000011a2        0x0 contiki-z1.a(rpl.o)
 .data          0x00000000000011a2        0xe contiki-z1.a(rpl-mrhof.o)
                0x00000000000011a2                rpl_mrhof
 .data          0x00000000000011b0        0xa contiki-z1.a(rpl-dag.o)
                0x00000000000011b0                rpl_parents
 .data          0x00000000000011ba       0x10 contiki-z1.a(queuebuf.o)
 .data          0x00000000000011ca        0x8 contiki-z1.a(nbr-table.o)
 .data          0x00000000000011d2        0x0 contiki-z1.a(packetbuf.o)
 .data          0x00000000000011d2        0x0 contiki-z1.a(linkaddr.o)
 .data          0x00000000000011d2        0x0 contiki-z1.a(framer-802154.o)
 .data          0x00000000000011d2        0x0 contiki-z1.a(frame802154.o)
 .data          0x00000000000011d2       0x18 contiki-z1.a(csma.o)
 .data          0x00000000000011ea        0x0 contiki-z1.a(framer.o)
 .data          0x00000000000011ea        0x0 contiki-z1.a(contikimac.o)
 .data          0x00000000000011ea        0x0 contiki-z1.a(nullsec.o)
 .data          0x00000000000011ea        0x1 contiki-z1.a(i2cmaster.o)
                0x00000000000011ea                prescale_lsb
 .data          0x00000000000011eb        0x0 contiki-z1.a(stimer.o)
 .data          0x00000000000011eb        0x0 contiki-z1.a(memb.o)
 .data          0x00000000000011eb        0x0 contiki-z1.a(random.o)
 *fill*         0x00000000000011eb        0x1 00
 .data          0x00000000000011ec        0xc contiki-z1.a(uip-icmp6.o)
 .data          0x00000000000011f8        0x0 contiki-z1.a(uip-udp-packet.)
 .data          0x00000000000011f8       0x1a contiki-z1.a(rpl-icmp6.o)
 .data          0x0000000000001212        0x0 contiki-z1.a(rpl-timers.o)
 .data          0x0000000000001212        0x0 contiki-z1.a(mac-sequence.o)
 .data          0x0000000000001212        0x0 contiki-z1.a(mac.o)
 .data          0x0000000000001212        0x0 /usr/lib/gcc/msp430/4.6.3/mcpu-430x/mmpy-16/libgcc.a(_mulsi3.o)
 .data          0x0000000000001212        0x0 /usr/lib/gcc/msp430/4.6.3/mcpu-430x/mmpy-16/libgcc.a(_udivmod16.o)
 .data          0x0000000000001212        0x0 /usr/lib/gcc/msp430/4.6.3/mcpu-430x/mmpy-16/libgcc.a(_divmod16.o)
 .data          0x0000000000001212        0x0 /usr/lib/gcc/msp430/4.6.3/mcpu-430x/mmpy-16/libgcc.a(_udivmod32.o)
 .data          0x0000000000001212        0x0 /usr/lib/gcc/msp430/4.6.3/../../../../msp430/lib/mcpu-430x/mmpy-16/libc.a(strncmp.o)
 .data          0x0000000000001212        0x0 /usr/lib/gcc/msp430/4.6.3/../../../../msp430/lib/mcpu-430x/mmpy-16/libc.a(memcmp.o)
 .data          0x0000000000001212        0x0 /usr/lib/gcc/msp430/4.6.3/../../../../msp430/lib/mcpu-430x/mmpy-16/libc.a(memcpy.o)
 .data          0x0000000000001212        0x0 /usr/lib/gcc/msp430/4.6.3/../../../../msp430/lib/mcpu-430x/mmpy-16/libc.a(memmove.o)
 .data          0x0000000000001212        0x0 /usr/lib/gcc/msp430/4.6.3/../../../../msp430/lib/mcpu-430x/mmpy-16/libc.a(memset.o)
 .data          0x0000000000001212        0x0 /usr/lib/gcc/msp430/4.6.3/../../../../msp430/lib/mcpu-430x/mmpy-16/libc.a(printf.o)
 .data          0x0000000000001212        0x0 /usr/lib/gcc/msp430/4.6.3/../../../../msp430/lib/mcpu-430x/mmpy-16/libc.a(vuprintf.o)
 .data          0x0000000000001212        0x0 /usr/lib/gcc/msp430/4.6.3/../../../../msp430/lib/mcpu-430x/mmpy-16/libc.a(puts.o)
 .data          0x0000000000001212        0x4 /usr/lib/gcc/msp430/4.6.3/../../../../msp430/lib/mcpu-430x/mmpy-16/libc.a(rand.o)
 .data          0x0000000000001216        0x0 /usr/lib/gcc/msp430/4.6.3/mcpu-430x/mmpy-16/libgcc.a(_udivmod64.o)
 .data          0x0000000000001216        0x0 /usr/lib/gcc/msp430/4.6.3/mcpu-430x/mmpy-16/libcrt0.a(_reset_vector__.o)
 .data          0x0000000000001216        0x0 /usr/lib/gcc/msp430/4.6.3/mcpu-430x/mmpy-16/libcrt0.a(__watchdog_support.o)
 .data          0x0000000000001216        0x0 /usr/lib/gcc/msp430/4.6.3/mcpu-430x/mmpy-16/libcrt0.a(__init_stack.o)
 .data          0x0000000000001216        0x0 /usr/lib/gcc/msp430/4.6.3/mcpu-430x/mmpy-16/libcrt0.a(__low_level_init.o)
 .data          0x0000000000001216        0x0 /usr/lib/gcc/msp430/4.6.3/mcpu-430x/mmpy-16/libcrt0.a(_copy_data.o)
 .data          0x0000000000001216        0x0 /usr/lib/gcc/msp430/4.6.3/mcpu-430x/mmpy-16/libcrt0.a(_clear_bss.o)
 .data          0x0000000000001216        0x0 /usr/lib/gcc/msp430/4.6.3/mcpu-430x/mmpy-16/libcrt0.a(__stop_progExec__.o)
 .data          0x0000000000001216        0x0 /usr/lib/gcc/msp430/4.6.3/mcpu-430x/mmpy-16/libcrt0.a(_endless_loop__.o)
 .data          0x0000000000001216        0x0 /usr/lib/gcc/msp430/4.6.3/mcpu-430x/mmpy-16/libcrt0.a(_unexpected_.o)
                0x0000000000001216                . = ALIGN (0x2)
                0x0000000000001216                _edata = .
                0x000000000000ec0a                PROVIDE (__data_load_start, LOADADDR (.data))
                0x0000000000000116                PROVIDE (__data_size, SIZEOF (.data))

.bss            0x0000000000001216     0x13ba load address 0x000000000000ed20
                0x0000000000001216                PROVIDE (__bss_start, .)
 *(.bss .bss.*)
 .bss           0x0000000000001216        0x0 /usr/lib/gcc/msp430/4.6.3/mcpu-430x/mmpy-16/crt0ivtbl32.o
 .bss           0x0000000000001216       0x52 GPS_sensor.co
 .bss           0x0000000000001268        0x4 obj_z1/contiki-z1-main.o
 .bss           0x000000000000126c        0x0 contiki-z1.a(contiki-z1-plat)
 .bss           0x000000000000126c        0x0 contiki-z1.a(msp430.o)
 .bss           0x000000000000126c        0x1 contiki-z1.a(leds.o)
 *fill*         0x000000000000126d        0x1 00
 .bss           0x000000000000126e        0x2 contiki-z1.a(watchdog.o)
 .bss           0x0000000000001270        0x0 contiki-z1.a(xmem.o)
 .bss           0x0000000000001270        0x2 contiki-z1.a(spi.o)
                0x0000000000001270                spi_busy
 .bss           0x0000000000001272        0x8 contiki-z1.a(cc2420.o)
 .bss           0x000000000000127a        0x0 contiki-z1.a(cc2420-arch.o)
 .bss           0x000000000000127a        0x2 contiki-z1.a(node-id.o)
                0x000000000000127a                node_id
 .bss           0x000000000000127c        0x6 contiki-z1.a(sensors.o)
 .bss           0x0000000000001282        0x8 contiki-z1.a(button-sensor.o)
 .bss           0x000000000000128a        0x4 contiki-z1.a(uart0.o)
 .bss           0x000000000000128e        0x0 contiki-z1.a(uart0-putchar.o)
 .bss           0x000000000000128e       0x16 contiki-z1.a(adxl345.o)
 .bss           0x00000000000012a4        0xa contiki-z1.a(clock.o)
 .bss           0x00000000000012ae        0x0 contiki-z1.a(leds-arch.o)
 .bss           0x00000000000012ae        0x0 contiki-z1.a(rtimer-arch.o)
 .bss           0x00000000000012ae        0x0 contiki-z1.a(autostart.o)
 .bss           0x00000000000012ae        0x0 contiki-z1.a(energest.o)
 .bss           0x00000000000012ae        0x4 contiki-z1.a(ctimer.o)
 .bss           0x00000000000012b2        0x6 contiki-z1.a(etimer.o)
 .bss           0x00000000000012b8       0x42 contiki-z1.a(process.o)
                0x00000000000012b8                process_current
                0x00000000000012ba                process_list
 .bss           0x00000000000012fa        0x2 contiki-z1.a(rtimer.o)
 .bss           0x00000000000012fc        0x0 contiki-z1.a(timer.o)
 .bss           0x00000000000012fc        0x0 contiki-z1.a(list.o)
 .bss           0x00000000000012fc       0x18 contiki-z1.a(uip-ds6.o)
 .bss           0x0000000000001314      0x29c contiki-z1.a(uip-ds6-route.o)
 .bss           0x00000000000015b0       0x12 contiki-z1.a(uip6.o)
                0x00000000000015b0                uip_ext_opt_offset
                0x00000000000015b2                uip_ext_len
                0x00000000000015b4                uip_ext_bitmap
 .bss           0x00000000000015c2      0x23a contiki-z1.a(uip-ds6-nbr.o)
 .bss           0x00000000000017fc        0xa contiki-z1.a(uip-nd6.o)
 .bss           0x0000000000001806       0xc0 contiki-z1.a(sicslowpan.o)
 .bss           0x00000000000018c6       0x36 contiki-z1.a(tcpip.o)
 .bss           0x00000000000018fc       0x8e contiki-z1.a(simple-udp.o)
 .bss           0x000000000000198a        0x0 contiki-z1.a(uip-debug.o)
 .bss           0x000000000000198a        0x0 contiki-z1.a(rpl-ext-header.)
 .bss           0x000000000000198a        0x2 contiki-z1.a(rpl.o)
 .bss           0x000000000000198c        0x0 contiki-z1.a(rpl-mrhof.o)
 .bss           0x000000000000198c       0xb4 contiki-z1.a(rpl-dag.o)
 .bss           0x0000000000001a40      0x2d0 contiki-z1.a(queuebuf.o)
 .bss           0x0000000000001d10       0xda contiki-z1.a(nbr-table.o)
 .bss           0x0000000000001dea       0xb8 contiki-z1.a(packetbuf.o)
 .bss           0x0000000000001ea2        0x0 contiki-z1.a(linkaddr.o)
 .bss           0x0000000000001ea2        0x2 contiki-z1.a(framer-802154.o)
 .bss           0x0000000000001ea4        0x0 contiki-z1.a(frame802154.o)
 .bss           0x0000000000001ea4       0x8c contiki-z1.a(csma.o)
 .bss           0x0000000000001f30        0x0 contiki-z1.a(framer.o)
 .bss           0x0000000000001f30       0x2a contiki-z1.a(contikimac.o)
 .bss           0x0000000000001f5a        0x0 contiki-z1.a(nullsec.o)
 .bss           0x0000000000001f5a        0x4 contiki-z1.a(i2cmaster.o)
                0x0000000000001f5a                prescale_msb
 .bss           0x0000000000001f5e        0x0 contiki-z1.a(stimer.o)
 .bss           0x0000000000001f5e        0x0 contiki-z1.a(memb.o)
 .bss           0x0000000000001f5e        0x0 contiki-z1.a(random.o)
 .bss           0x0000000000001f5e       0x14 contiki-z1.a(uip-icmp6.o)
 .bss           0x0000000000001f72        0x0 contiki-z1.a(uip-udp-packet.)
 .bss           0x0000000000001f72        0x0 contiki-z1.a(rpl-icmp6.o)
 .bss           0x0000000000001f72       0x18 contiki-z1.a(rpl-timers.o)
 .bss           0x0000000000001f8a       0xa0 contiki-z1.a(mac-sequence.o)
 .bss           0x000000000000202a        0x0 contiki-z1.a(mac.o)
 .bss           0x000000000000202a        0x0 /usr/lib/gcc/msp430/4.6.3/mcpu-430x/mmpy-16/libgcc.a(_mulsi3.o)
 .bss           0x000000000000202a        0x0 /usr/lib/gcc/msp430/4.6.3/mcpu-430x/mmpy-16/libgcc.a(_udivmod16.o)
 .bss           0x000000000000202a        0x0 /usr/lib/gcc/msp430/4.6.3/mcpu-430x/mmpy-16/libgcc.a(_divmod16.o)
 .bss           0x000000000000202a        0x0 /usr/lib/gcc/msp430/4.6.3/mcpu-430x/mmpy-16/libgcc.a(_udivmod32.o)
 .bss           0x000000000000202a        0x0 /usr/lib/gcc/msp430/4.6.3/../../../../msp430/lib/mcpu-430x/mmpy-16/libc.a(strncmp.o)
 .bss           0x000000000000202a        0x0 /usr/lib/gcc/msp430/4.6.3/../../../../msp430/lib/mcpu-430x/mmpy-16/libc.a(memcmp.o)
 .bss           0x000000000000202a        0x0 /usr/lib/gcc/msp430/4.6.3/../../../../msp430/lib/mcpu-430x/mmpy-16/libc.a(memcpy.o)
 .bss           0x000000000000202a        0x0 /usr/lib/gcc/msp430/4.6.3/../../../../msp430/lib/mcpu-430x/mmpy-16/libc.a(memmove.o)
 .bss           0x000000000000202a        0x0 /usr/lib/gcc/msp430/4.6.3/../../../../msp430/lib/mcpu-430x/mmpy-16/libc.a(memset.o)
 .bss           0x000000000000202a        0x0 /usr/lib/gcc/msp430/4.6.3/../../../../msp430/lib/mcpu-430x/mmpy-16/libc.a(printf.o)
 .bss           0x000000000000202a        0x0 /usr/lib/gcc/msp430/4.6.3/../../../../msp430/lib/mcpu-430x/mmpy-16/libc.a(vuprintf.o)
 .bss           0x000000000000202a        0x0 /usr/lib/gcc/msp430/4.6.3/../../../../msp430/lib/mcpu-430x/mmpy-16/libc.a(puts.o)
 .bss           0x000000000000202a        0x0 /usr/lib/gcc/msp430/4.6.3/../../../../msp430/lib/mcpu-430x/mmpy-16/libc.a(rand.o)
 .bss           0x000000000000202a        0x0 /usr/lib/gcc/msp430/4.6.3/mcpu-430x/mmpy-16/libgcc.a(_udivmod64.o)
 .bss           0x000000000000202a        0x0 /usr/lib/gcc/msp430/4.6.3/mcpu-430x/mmpy-16/libcrt0.a(_reset_vector__.o)
 .bss           0x000000000000202a        0x0 /usr/lib/gcc/msp430/4.6.3/mcpu-430x/mmpy-16/libcrt0.a(__watchdog_support.o)
 .bss           0x000000000000202a        0x0 /usr/lib/gcc/msp430/4.6.3/mcpu-430x/mmpy-16/libcrt0.a(__init_stack.o)
 .bss           0x000000000000202a        0x0 /usr/lib/gcc/msp430/4.6.3/mcpu-430x/mmpy-16/libcrt0.a(__low_level_init.o)
 .bss           0x000000000000202a        0x0 /usr/lib/gcc/msp430/4.6.3/mcpu-430x/mmpy-16/libcrt0.a(_copy_data.o)
 .bss           0x000000000000202a        0x0 /usr/lib/gcc/msp430/4.6.3/mcpu-430x/mmpy-16/libcrt0.a(_clear_bss.o)
 .bss           0x000000000000202a        0x0 /usr/lib/gcc/msp430/4.6.3/mcpu-430x/mmpy-16/libcrt0.a(__stop_progExec__.o)
 .bss           0x000000000000202a        0x0 /usr/lib/gcc/msp430/4.6.3/mcpu-430x/mmpy-16/libcrt0.a(_endless_loop__.o)
 .bss           0x000000000000202a        0x0 /usr/lib/gcc/msp430/4.6.3/mcpu-430x/mmpy-16/libcrt0.a(_unexpected_.o)
 *(COMMON)
 COMMON         0x000000000000202a        0x2 obj_z1/contiki-z1-main.o
                0x000000000000202a                sensors_flags
 COMMON         0x000000000000202c       0x10 contiki-z1.a(cc2420.o)
                0x000000000000202c                cc2420_last_rssi
                0x000000000000202e                cc2420_sfd_start_time
                0x0000000000002030                cc2420_time_of_departure
                0x0000000000002032                cc2420_time_of_arrival
                0x0000000000002034                cc2420_last_correlation
                0x0000000000002036                cc2420_authority_level_of_sender
                0x0000000000002038                cc2420_sfd_counter
                0x000000000000203a                cc2420_sfd_end_time
 COMMON         0x000000000000203c        0x8 contiki-z1.a(node-id.o)
                0x000000000000203c                node_mac
 COMMON         0x0000000000002044        0x1 contiki-z1.a(sensors.o)
                0x0000000000002044                sensors_event
 *fill*         0x0000000000002045        0x1 00
 COMMON         0x0000000000002046        0x7 contiki-z1.a(adxl345.o)
                0x0000000000002046                accm_int2_cb
                0x0000000000002048                int2_event
                0x000000000000204a                accm_int1_cb
                0x000000000000204c                int1_event
 *fill*         0x000000000000204d        0x1 00
 COMMON         0x000000000000204e       0x56 contiki-z1.a(energest.o)
                0x000000000000204e                energest_total_time
                0x000000000000207e                energest_total_count
                0x0000000000002080                energest_current_mode
                0x000000000000208c                energest_current_time
 COMMON         0x00000000000020a4        0x1 contiki-z1.a(process.o)
                0x00000000000020a4                process_maxevents
 *fill*         0x00000000000020a5        0x1 00
 COMMON         0x00000000000020a6      0x15c contiki-z1.a(uip-ds6.o)
                0x00000000000020a6                uip_ds6_timer_ra
                0x00000000000020ae                uip_ds6_if
                0x000000000000219a                uip_ds6_netif_addr_list_offset
                0x000000000000219b                uip_ds6_addr_size
                0x000000000000219c                uip_ds6_prefix_list
                0x00000000000021f6                uip_ds6_timer_periodic
 COMMON         0x0000000000002202      0x2a0 contiki-z1.a(uip6.o)
                0x0000000000002202                uip_len
                0x0000000000002204                uip_sappdata
                0x0000000000002206                uip_acc32
                0x000000000000220a                uip_lladdr
                0x0000000000002212                uip_aligned_buf
                0x000000000000229e                uip_flags
                0x00000000000022a0                uip_next_hdr
                0x00000000000022a2                uip_udp_conn
                0x00000000000022a4                uip_appdata
                0x00000000000022a6                uip_conn
                0x00000000000022a8                uip_conns
                0x0000000000002358                uip_listenports
                0x0000000000002368                uip_slen
                0x000000000000236a                uip_udp_conns
 COMMON         0x00000000000024a2        0x8 contiki-z1.a(sicslowpan.o)
                0x00000000000024a2                frag_sender
 COMMON         0x00000000000024aa        0x1 contiki-z1.a(tcpip.o)
                0x00000000000024aa                tcpip_event
 *fill*         0x00000000000024ab        0x1 00
 COMMON         0x00000000000024ac       0xde contiki-z1.a(rpl-dag.o)
                0x00000000000024ac                default_instance
                0x00000000000024ae                instance_table
 COMMON         0x000000000000258a       0x2e contiki-z1.a(packetbuf.o)
                0x000000000000258a                packetbuf_addrs
                0x000000000000259a                packetbuf_attrs
 COMMON         0x00000000000025b8        0x8 contiki-z1.a(linkaddr.o)
                0x00000000000025b8                linkaddr_node_addr
 COMMON         0x00000000000025c0       0x10 contiki-z1.a(i2cmaster.o)
                0x00000000000025c0                transmit_data1
                0x00000000000025c1                rx_byte_ctr
                0x00000000000025c2                tx_buf_ptr
                0x00000000000025c4                tx_byte_ctr
                0x00000000000025c6                i
                0x00000000000025c8                receive_data
                0x00000000000025ca                rx_buf
                0x00000000000025cc                transmit_data2
                0x00000000000025ce                rx_buf_ptr
                0x00000000000025d0                . = ALIGN (0x2)
                0x00000000000025d0                PROVIDE (__bss_end, .)
                0x00000000000013ba                PROVIDE (__bss_size, SIZEOF (.bss))

.noinit         0x00000000000025d0        0x2 load address 0x000000000000ed20
                0x00000000000025d0                PROVIDE (__noinit_start, .)
 *(.noinit .noinit.*)
 .noinit.crt0   0x00000000000025d0        0x2 /usr/lib/gcc/msp430/4.6.3/mcpu-430x/mmpy-16/libcrt0.a(__watchdog_support.o)
                0x00000000000025d0                __wdt_clear_value
                0x00000000000025d2                . = ALIGN (0x2)
                0x00000000000025d2                PROVIDE (__noinit_end, .)
                0x00000000000025d2                . = ALIGN (0x2)
                0x00000000000025d2                _end = .

.infomem        0x0000000000001000        0x0
 *(.infomem)
                0x0000000000001000                . = ALIGN (0x2)
 *(.infomem.*)

.infomemnobits  0x0000000000001000        0x0
 *(.infomemnobits)
                0x0000000000001000                . = ALIGN (0x2)
 *(.infomemnobits.*)

.infoa
 *(.infoa .infoa.*)

.infob
 *(.infob .infob.*)

.infoc
 *(.infoc .infoc.*)

.infod
 *(.infod .infod.*)

.vectors        0x000000000000ffc0       0x40
                0x000000000000ffc0                PROVIDE (__vectors_start, .)
 *(.vectors*)
 .vectors       0x000000000000ffc0       0x40 /usr/lib/gcc/msp430/4.6.3/mcpu-430x/mmpy-16/crt0ivtbl32.o
                0x000000000000ffc0                __ivtbl_32
                0x0000000000010000                _vectors_end = .

.fartext        0x0000000000010000        0x0
                0x0000000000010000                . = ALIGN (0x2)
 *(.fartext)
                0x0000000000010000                . = ALIGN (0x2)
 *(.fartext.*)
                0x0000000000010000                _efartext = .

.profiler
 *(.profiler)

.stab           0x0000000000000000    0x294f0
 *(.stab)
 .stab          0x0000000000000000     0x1248 GPS_sensor.co
 .stab          0x0000000000001248     0x1674 obj_z1/contiki-z1-main.o
                                       0x1b24 (size before relaxing)
 .stab          0x00000000000028bc      0x228 contiki-z1.a(contiki-z1-plat)
                                        0x5a0 (size before relaxing)
 .stab          0x0000000000002ae4      0x4a4 contiki-z1.a(msp430.o)
                                        0x7f8 (size before relaxing)
 .stab          0x0000000000002f88      0x5dc contiki-z1.a(leds.o)
                                        0x828 (size before relaxing)
 .stab          0x0000000000003564      0x3fc contiki-z1.a(watchdog.o)
                                        0x750 (size before relaxing)
 .stab          0x0000000000003960      0x9fc contiki-z1.a(xmem.o)
                                        0xf3c (size before relaxing)
 .stab          0x000000000000435c      0x288 contiki-z1.a(spi.o)
                                        0x5dc (size before relaxing)
 .stab          0x00000000000045e4     0x25f8 contiki-z1.a(cc2420.o)
                                       0x2cac (size before relaxing)
 .stab          0x0000000000006bdc      0x93c contiki-z1.a(cc2420-arch.o)
                                       0x16a4 (size before relaxing)
 .stab          0x0000000000007518      0x300 contiki-z1.a(node-id.o)
                                        0x6d8 (size before relaxing)
 .stab          0x0000000000007818      0x654 contiki-z1.a(sensors.o)
                                        0xb70 (size before relaxing)
 .stab          0x0000000000007e6c      0x468 contiki-z1.a(button-sensor.o)
                                        0x7d4 (size before relaxing)
 .stab          0x00000000000082d4      0x51c contiki-z1.a(uart0.o)
                                        0xa2c (size before relaxing)
 .stab          0x00000000000087f0      0x264 contiki-z1.a(uart0-putchar.o)
                                        0x78c (size before relaxing)
 .stab          0x0000000000008a54      0xb10 contiki-z1.a(adxl345.o)
                                       0x1128 (size before relaxing)
 .stab          0x0000000000009564      0x948 contiki-z1.a(clock.o)
                                        0xc9c (size before relaxing)
 .stab          0x0000000000009eac      0x3a8 contiki-z1.a(leds-arch.o)
                                        0x6fc (size before relaxing)
 .stab          0x000000000000a254      0x3cc contiki-z1.a(rtimer-arch.o)
                                        0x720 (size before relaxing)
 .stab          0x000000000000a620      0x294 contiki-z1.a(autostart.o)
                                        0x534 (size before relaxing)
 .stab          0x000000000000a8b4      0x474 contiki-z1.a(energest.o)
                                        0x6fc (size before relaxing)
 .stab          0x000000000000ad28      0x7a4 contiki-z1.a(ctimer.o)
                                        0xb10 (size before relaxing)
 .stab          0x000000000000b4cc      0xa38 contiki-z1.a(etimer.o)
                                        0xd08 (size before relaxing)
 .stab          0x000000000000bf04      0xb7c contiki-z1.a(process.o)
                                       0x1014 (size before relaxing)
 .stab          0x000000000000ca80      0x3d8 contiki-z1.a(rtimer.o)
                                        0x6c0 (size before relaxing)
 .stab          0x000000000000ce58      0x354 contiki-z1.a(timer.o)
                                        0x594 (size before relaxing)
 .stab          0x000000000000d1ac      0x7f8 contiki-z1.a(list.o)
                                        0x804 (size before relaxing)
 .stab          0x000000000000d9a4     0x1404 contiki-z1.a(uip-ds6.o)
                                       0x1f74 (size before relaxing)
 .stab          0x000000000000eda8     0x1260 contiki-z1.a(uip-ds6-route.o)
                                       0x1de8 (size before relaxing)
 .stab          0x0000000000010008     0x2bbc contiki-z1.a(uip6.o)
                                       0x3780 (size before relaxing)
 .stab          0x0000000000012bc4      0xde0 contiki-z1.a(uip-ds6-nbr.o)
                                       0x1818 (size before relaxing)
 .stab          0x00000000000139a4      0xd20 contiki-z1.a(uip-nd6.o)
                                       0x18fc (size before relaxing)
 .stab          0x00000000000146c4     0x1f8c contiki-z1.a(sicslowpan.o)
                                       0x2ef8 (size before relaxing)
 .stab          0x0000000000016650     0x14ac contiki-z1.a(tcpip.o)
                                       0x26f4 (size before relaxing)
 .stab          0x0000000000017afc      0x8c4 contiki-z1.a(simple-udp.o)
                                       0x19d4 (size before relaxing)
 .stab          0x00000000000183c0      0x444 contiki-z1.a(uip-debug.o)
                                        0xbd0 (size before relaxing)
 .stab          0x0000000000018804      0xb4c contiki-z1.a(rpl-ext-header.)
                                       0x180c (size before relaxing)
 .stab          0x0000000000019350      0xa68 contiki-z1.a(rpl.o)
                                       0x17b8 (size before relaxing)
 .stab          0x0000000000019db8      0x8ac contiki-z1.a(rpl-mrhof.o)
                                       0x159c (size before relaxing)
 .stab          0x000000000001a664     0x2f10 contiki-z1.a(rpl-dag.o)
                                       0x3c18 (size before relaxing)
 .stab          0x000000000001d574      0xaa4 contiki-z1.a(queuebuf.o)
                                       0x1bb4 (size before relaxing)
 .stab          0x000000000001e018      0xd80 contiki-z1.a(nbr-table.o)
                                       0x1428 (size before relaxing)
 .stab          0x000000000001ed98      0xdb0 contiki-z1.a(packetbuf.o)
                                       0x1ed8 (size before relaxing)
 .stab          0x000000000001fb48      0x2c4 contiki-z1.a(linkaddr.o)
                                        0x6c0 (size before relaxing)
 .stab          0x000000000001fe0c      0x930 contiki-z1.a(framer-802154.o)
                                        0xf54 (size before relaxing)
 .stab          0x000000000002073c      0x924 contiki-z1.a(frame802154.o)
                                       0x10f8 (size before relaxing)
 .stab          0x0000000000021060     0x1050 contiki-z1.a(csma.o)
                                       0x1590 (size before relaxing)
 .stab          0x00000000000220b0      0x3fc contiki-z1.a(framer.o)
                                        0xc54 (size before relaxing)
 .stab          0x00000000000224ac     0x1794 contiki-z1.a(contikimac.o)
                                       0x2208 (size before relaxing)
 .stab          0x0000000000023c40      0x75c contiki-z1.a(nullsec.o)
                                        0xda4 (size before relaxing)
 .stab          0x000000000002439c      0x894 contiki-z1.a(i2cmaster.o)
                                        0xbe8 (size before relaxing)
 .stab          0x0000000000024c30      0x3c0 contiki-z1.a(stimer.o)
                                        0x600 (size before relaxing)
 .stab          0x0000000000024ff0      0x5c4 contiki-z1.a(memb.o)
                                        0xaf8 (size before relaxing)
 .stab          0x00000000000255b4      0x228 contiki-z1.a(random.o)
                                        0x624 (size before relaxing)
 .stab          0x00000000000257dc      0xcf0 contiki-z1.a(uip-icmp6.o)
                                       0x1968 (size before relaxing)
 .stab          0x00000000000264cc      0x444 contiki-z1.a(uip-udp-packet.)
                                        0xc00 (size before relaxing)
 .stab          0x0000000000026910     0x17ac contiki-z1.a(rpl-icmp6.o)
                                       0x25b0 (size before relaxing)
 .stab          0x00000000000280bc      0xbdc contiki-z1.a(rpl-timers.o)
                                       0x18cc (size before relaxing)
 .stab          0x0000000000028c98      0x660 contiki-z1.a(mac-sequence.o)
                                       0x1788 (size before relaxing)
 .stab          0x00000000000292f8      0x1f8 contiki-z1.a(mac.o)
                                        0x4ec (size before relaxing)

.stabstr        0x0000000000000000    0x1c99a
 *(.stabstr)
 .stabstr       0x0000000000000000    0x1c99a GPS_sensor.co

.stab.excl
 *(.stab.excl)

.stab.exclstr
 *(.stab.exclstr)

.stab.index
 *(.stab.index)

.stab.indexstr
 *(.stab.indexstr)

.comment
 *(.comment)

.debug
 *(.debug)

.line
 *(.line)

.debug_srcinfo
 *(.debug_srcinfo)

.debug_sfnames
 *(.debug_sfnames)

.debug_aranges  0x0000000000000000      0x190
 *(.debug_aranges)
 .debug_aranges
                0x0000000000000000       0x14 /usr/lib/gcc/msp430/4.6.3/mcpu-430x/mmpy-16/libgcc.a(_mulsi3.o)
 .debug_aranges
                0x0000000000000014       0x14 /usr/lib/gcc/msp430/4.6.3/mcpu-430x/mmpy-16/libgcc.a(_udivmod16.o)
 .debug_aranges
                0x0000000000000028       0x14 /usr/lib/gcc/msp430/4.6.3/mcpu-430x/mmpy-16/libgcc.a(_divmod16.o)
 .debug_aranges
                0x000000000000003c       0x14 /usr/lib/gcc/msp430/4.6.3/mcpu-430x/mmpy-16/libgcc.a(_udivmod32.o)
 .debug_aranges
                0x0000000000000050       0x14 /usr/lib/gcc/msp430/4.6.3/../../../../msp430/lib/mcpu-430x/mmpy-16/libc.a(strncmp.o)
 .debug_aranges
                0x0000000000000064       0x14 /usr/lib/gcc/msp430/4.6.3/../../../../msp430/lib/mcpu-430x/mmpy-16/libc.a(memcmp.o)
 .debug_aranges
                0x0000000000000078       0x14 /usr/lib/gcc/msp430/4.6.3/../../../../msp430/lib/mcpu-430x/mmpy-16/libc.a(memcpy.o)
 .debug_aranges
                0x000000000000008c       0x14 /usr/lib/gcc/msp430/4.6.3/../../../../msp430/lib/mcpu-430x/mmpy-16/libc.a(memmove.o)
 .debug_aranges
                0x00000000000000a0       0x14 /usr/lib/gcc/msp430/4.6.3/../../../../msp430/lib/mcpu-430x/mmpy-16/libc.a(memset.o)
 .debug_aranges
                0x00000000000000b4       0x14 /usr/lib/gcc/msp430/4.6.3/../../../../msp430/lib/mcpu-430x/mmpy-16/libc.a(printf.o)
 .debug_aranges
                0x00000000000000c8       0x14 /usr/lib/gcc/msp430/4.6.3/../../../../msp430/lib/mcpu-430x/mmpy-16/libc.a(vuprintf.o)
 .debug_aranges
                0x00000000000000dc       0x14 /usr/lib/gcc/msp430/4.6.3/../../../../msp430/lib/mcpu-430x/mmpy-16/libc.a(puts.o)
 .debug_aranges
                0x00000000000000f0       0x14 /usr/lib/gcc/msp430/4.6.3/../../../../msp430/lib/mcpu-430x/mmpy-16/libc.a(rand.o)
 .debug_aranges
                0x0000000000000104       0x14 /usr/lib/gcc/msp430/4.6.3/mcpu-430x/mmpy-16/libgcc.a(_udivmod64.o)
 .debug_aranges
                0x0000000000000118       0x14 /usr/lib/gcc/msp430/4.6.3/mcpu-430x/mmpy-16/libcrt0.a(__watchdog_support.o)
 .debug_aranges
                0x000000000000012c       0x14 /usr/lib/gcc/msp430/4.6.3/mcpu-430x/mmpy-16/libcrt0.a(__init_stack.o)
 .debug_aranges
                0x0000000000000140       0x14 /usr/lib/gcc/msp430/4.6.3/mcpu-430x/mmpy-16/libcrt0.a(_copy_data.o)
 .debug_aranges
                0x0000000000000154       0x14 /usr/lib/gcc/msp430/4.6.3/mcpu-430x/mmpy-16/libcrt0.a(_clear_bss.o)
 .debug_aranges
                0x0000000000000168       0x14 /usr/lib/gcc/msp430/4.6.3/mcpu-430x/mmpy-16/libcrt0.a(_endless_loop__.o)
 .debug_aranges
                0x000000000000017c       0x14 /usr/lib/gcc/msp430/4.6.3/mcpu-430x/mmpy-16/libcrt0.a(_unexpected_.o)

.debug_pubnames
 *(.debug_pubnames)

.debug_info     0x0000000000000000     0x15b2
 *(.debug_info)
 .debug_info    0x0000000000000000       0xe0 /usr/lib/gcc/msp430/4.6.3/mcpu-430x/mmpy-16/libgcc.a(_mulsi3.o)
 .debug_info    0x00000000000000e0       0xe0 /usr/lib/gcc/msp430/4.6.3/mcpu-430x/mmpy-16/libgcc.a(_udivmod16.o)
 .debug_info    0x00000000000001c0       0xe0 /usr/lib/gcc/msp430/4.6.3/mcpu-430x/mmpy-16/libgcc.a(_divmod16.o)
 .debug_info    0x00000000000002a0       0xe0 /usr/lib/gcc/msp430/4.6.3/mcpu-430x/mmpy-16/libgcc.a(_udivmod32.o)
 .debug_info    0x0000000000000380       0xbb /usr/lib/gcc/msp430/4.6.3/../../../../msp430/lib/mcpu-430x/mmpy-16/libc.a(strncmp.o)
 .debug_info    0x000000000000043b       0xe8 /usr/lib/gcc/msp430/4.6.3/../../../../msp430/lib/mcpu-430x/mmpy-16/libc.a(memcmp.o)