Archive member included to satisfy reference by file (symbol)

contiki-native.a(contiki-main.o)
                              /usr/lib/gcc/x86_64-linux-gnu/5/../../../x86_64-linux-gnu/crt1.o (main)
contiki-native.a(leds.o)      GPS_sensor.co (leds_toggle)
contiki-native.a(leds-arch.o)
                              contiki-native.a(leds.o) (leds_arch_init)
contiki-native.a(button-sensor.o)
                              contiki-native.a(contiki-main.o) (button_sensor)
contiki-native.a(pir-sensor.o)
                              contiki-native.a(contiki-main.o) (pir_sensor)
contiki-native.a(vib-sensor.o)
                              contiki-native.a(contiki-main.o) (vib_sensor)
contiki-native.a(sensors.o)   contiki-native.a(button-sensor.o) (sensors_changed)
contiki-native.a(autostart.o)
                              contiki-native.a(contiki-main.o) (autostart_start)
contiki-native.a(ctimer.o)    contiki-native.a(contiki-main.o) (ctimer_init)
contiki-native.a(etimer.o)    contiki-native.a(contiki-main.o) (etimer_request_poll)
contiki-native.a(process.o)   contiki-native.a(ctimer.o) (process_current)
contiki-native.a(rtimer.o)    contiki-native.a(contiki-main.o) (rtimer_init)
contiki-native.a(timer.o)     contiki-native.a(etimer.o) (timer_set)
contiki-native.a(serial-line.o)
                              contiki-native.a(contiki-main.o) (serial_line_input_byte)
contiki-native.a(list.o)      contiki-native.a(ctimer.o) (list_init)
contiki-native.a(ringbuf.o)   contiki-native.a(serial-line.o) (ringbuf_init)
contiki-native.a(uip-ds6.o)   GPS_sensor.co (uip_ds6_if)
contiki-native.a(uip-ds6-route.o)
                              contiki-native.a(uip-ds6.o) (uip_ds6_route_init)
contiki-native.a(uip6.o)      GPS_sensor.co (uip_lladdr)
contiki-native.a(uip-ds6-nbr.o)
                              contiki-native.a(uip-ds6.o) (uip_ds6_neighbors_init)
contiki-native.a(uip-nd6.o)   contiki-native.a(uip-ds6-nbr.o) (uip_nd6_ns_output)
contiki-native.a(sicslowpan.o)
                              contiki-native.a(contiki-main.o) (sicslowpan_driver)
contiki-native.a(uip-packetqueue)
                              contiki-native.a(uip-ds6-nbr.o) (uip_packetqueue_new)
contiki-native.a(tcpip.o)     contiki-native.a(sicslowpan.o) (tcpip_set_outputfunc)
contiki-native.a(simple-udp.o)
                              GPS_sensor.co (simple_udp_sendto)
contiki-native.a(uip-debug.o)
                              GPS_sensor.co (uip_debug_ipaddr_print)
contiki-native.a(rpl-ext-header.)
                              contiki-native.a(uip6.o) (rpl_verify_header)
contiki-native.a(rpl.o)       contiki-native.a(uip-ds6-nbr.o) (rpl_link_neighbor_callback)
contiki-native.a(rpl-mrhof.o)
                              contiki-native.a(rpl.o) (rpl_mrhof)
contiki-native.a(rpl-dag.o)   contiki-native.a(rpl-mrhof.o) (rpl_get_nbr)
contiki-native.a(queuebuf.o)  contiki-native.a(contiki-main.o) (queuebuf_init)
contiki-native.a(nbr-table.o)
                              contiki-native.a(uip-ds6-route.o) (nbr_table_register)
contiki-native.a(packetbuf.o)
                              contiki-native.a(queuebuf.o) (packetbuf_copyto)
contiki-native.a(netstack.o)  contiki-native.a(contiki-main.o) (netstack_init)
contiki-native.a(linkaddr.o)  contiki-native.a(sicslowpan.o) (linkaddr_copy)
contiki-native.a(nullmac.o)   contiki-native.a(contiki-main.o) (nullmac_driver)
contiki-native.a(nullrdc.o)   contiki-native.a(contiki-main.o) (nullrdc_driver)
contiki-native.a(framer-802154.o)
                              contiki-native.a(sicslowpan.o) (framer_802154)
contiki-native.a(frame802154.o)
                              contiki-native.a(framer-802154.o) (frame802154_hdrlen)
contiki-native.a(mac.o)       contiki-native.a(nullrdc.o) (mac_call_sent_callback)
contiki-native.a(framer.o)    contiki-native.a(framer-802154.o) (framer_canonical_create_and_secure)
contiki-native.a(nullsec.o)   contiki-native.a(sicslowpan.o) (nullsec_driver)
contiki-native.a(clock.o)     contiki-native.a(etimer.o) (clock_time)
contiki-native.a(rtimer-arch.o)
                              contiki-native.a(rtimer.o) (rtimer_arch_init)
contiki-native.a(watchdog.o)  contiki-native.a(sicslowpan.o) (watchdog_periodic)
contiki-native.a(stimer.o)    contiki-native.a(uip-ds6.o) (stimer_set)
contiki-native.a(nullradio.o)
                              contiki-native.a(netstack.o) (nullradio_driver)
contiki-native.a(memb.o)      contiki-native.a(uip-ds6-route.o) (memb_init)
contiki-native.a(random.o)    contiki-native.a(uip-ds6.o) (random_rand)
contiki-native.a(uip-icmp6.o)
                              contiki-native.a(uip6.o) (uip_icmp6_input)
contiki-native.a(uip-udp-packet.)
                              contiki-native.a(simple-udp.o) (uip_udp_packet_sendto)
contiki-native.a(rpl-icmp6.o)
                              contiki-native.a(rpl-ext-header.) (dao_output_target)
contiki-native.a(rpl-timers.o)
                              contiki-native.a(rpl.o) (rpl_reset_periodic_timer)
[...]
Memory Configuration

Name             Origin             Length             Attributes
*default*        0x0000000000000000 0xffffffffffffffff

Linker script and memory map

LOAD /usr/lib/gcc/x86_64-linux-gnu/5/../../../x86_64-linux-gnu/crt1.o
LOAD /usr/lib/gcc/x86_64-linux-gnu/5/../../../x86_64-linux-gnu/crti.o
LOAD /usr/lib/gcc/x86_64-linux-gnu/5/crtbegin.o
LOAD GPS_sensor.co
LOAD contiki-native.a
LOAD /usr/lib/gcc/x86_64-linux-gnu/5/../../../x86_64-linux-gnu/libncurses.so
LOAD /lib/x86_64-linux-gnu/libncurses.so.5
LOAD /usr/lib/gcc/x86_64-linux-gnu/5/../../../x86_64-linux-gnu/libtinfo.so
LOAD /usr/lib/gcc/x86_64-linux-gnu/5/libgcc.a
LOAD /usr/lib/gcc/x86_64-linux-gnu/5/libgcc_s.so
LOAD /usr/lib/gcc/x86_64-linux-gnu/5/../../../x86_64-linux-gnu/libc.so
START GROUP
LOAD /lib/x86_64-linux-gnu/libc.so.6
LOAD /usr/lib/x86_64-linux-gnu/libc_nonshared.a
LOAD /lib/x86_64-linux-gnu/ld-linux-x86-64.so.2
END GROUP
LOAD /usr/lib/gcc/x86_64-linux-gnu/5/libgcc.a
LOAD /usr/lib/gcc/x86_64-linux-gnu/5/libgcc_s.so
LOAD /usr/lib/gcc/x86_64-linux-gnu/5/crtend.o
LOAD /usr/lib/gcc/x86_64-linux-gnu/5/../../../x86_64-linux-gnu/crtn.o
                [!provide]                        PROVIDE (__executable_start, 0x400000)
                0x0000000000400238                . = (0x400000 + SIZEOF_HEADERS)

.interp         0x0000000000400238       0x1c
 *(.interp)
 .interp        0x0000000000400238       0x1c /usr/lib/gcc/x86_64-linux-gnu/5/../../../x86_64-linux-gnu/crt1.o

.note.ABI-tag   0x0000000000400254       0x20
 .note.ABI-tag  0x0000000000400254       0x20 /usr/lib/gcc/x86_64-linux-gnu/5/../../../x86_64-linux-gnu/crt1.o

.note.gnu.build-id
                0x0000000000400274       0x24
 *(.note.gnu.build-id)
 .note.gnu.build-id
                0x0000000000400274       0x24 /usr/lib/gcc/x86_64-linux-gnu/5/../../../x86_64-linux-gnu/crt1.o

.hash
 *(.hash)

.gnu.hash       0x0000000000400298      0xc74
 *(.gnu.hash)
 .gnu.hash      0x0000000000400298      0xc74 /usr/lib/gcc/x86_64-linux-gnu/5/../../../x86_64-linux-gnu/crt1.o

.dynsym         0x0000000000400f10     0x2868
 *(.dynsym)
 .dynsym        0x0000000000400f10     0x2868 /usr/lib/gcc/x86_64-linux-gnu/5/../../../x86_64-linux-gnu/crt1.o

.dynstr         0x0000000000403778     0x1ae4
 *(.dynstr)
 .dynstr        0x0000000000403778     0x1ae4 /usr/lib/gcc/x86_64-linux-gnu/5/../../../x86_64-linux-gnu/crt1.o

.gnu.version    0x000000000040525c      0x35e
 *(.gnu.version)
 .gnu.version   0x000000000040525c      0x35e /usr/lib/gcc/x86_64-linux-gnu/5/../../../x86_64-linux-gnu/crt1.o

.gnu.version_d  0x00000000004055c0        0x0
 *(.gnu.version_d)
 .gnu.version_d
                0x00000000004055c0        0x0 /usr/lib/gcc/x86_64-linux-gnu/5/../../../x86_64-linux-gnu/crt1.o

.gnu.version_r  0x00000000004055c0       0x50
 *(.gnu.version_r)
 .gnu.version_r
                0x00000000004055c0       0x50 /usr/lib/gcc/x86_64-linux-gnu/5/../../../x86_64-linux-gnu/crt1.o

.rela.dyn       0x0000000000405610       0x48
 *(.rela.init)
 *(.rela.text .rela.text.* .rela.gnu.linkonce.t.*)
 .rela.text     0x0000000000405610        0x0 /usr/lib/gcc/x86_64-linux-gnu/5/../../../x86_64-linux-gnu/crt1.o
 *(.rela.fini)
 *(.rela.rodata .rela.rodata.* .rela.gnu.linkonce.r.*)
 .rela.rodata   0x0000000000405610        0x0 /usr/lib/gcc/x86_64-linux-gnu/5/../../../x86_64-linux-gnu/crt1.o
 *(.rela.data .rela.data.* .rela.gnu.linkonce.d.*)
 .rela.data     0x0000000000405610        0x0 /usr/lib/gcc/x86_64-linux-gnu/5/../../../x86_64-linux-gnu/crt1.o
 *(.rela.tdata .rela.tdata.* .rela.gnu.linkonce.td.*)
 *(.rela.tbss .rela.tbss.* .rela.gnu.linkonce.tb.*)
 *(.rela.ctors)
 *(.rela.dtors)
 *(.rela.got)
 .rela.got      0x0000000000405610       0x18 /usr/lib/gcc/x86_64-linux-gnu/5/../../../x86_64-linux-gnu/crt1.o
 *(.rela.bss .rela.bss.* .rela.gnu.linkonce.b.*)
 .rela.bss      0x0000000000405628       0x30 /usr/lib/gcc/x86_64-linux-gnu/5/../../../x86_64-linux-gnu/crt1.o
 *(.rela.ldata .rela.ldata.* .rela.gnu.linkonce.l.*)
 *(.rela.lbss .rela.lbss.* .rela.gnu.linkonce.lb.*)
 *(.rela.lrodata .rela.lrodata.* .rela.gnu.linkonce.lr.*)
 *(.rela.ifunc)

.rela.plt       0x0000000000405658      0x240
 *(.rela.plt)
 .rela.plt      0x0000000000405658      0x240 /usr/lib/gcc/x86_64-linux-gnu/5/../../../x86_64-linux-gnu/crt1.o
                [!provide]                        PROVIDE (__rela_iplt_start, .)
 *(.rela.iplt)
 .rela.iplt     0x0000000000405898        0x0 /usr/lib/gcc/x86_64-linux-gnu/5/../../../x86_64-linux-gnu/crt1.o
                [!provide]                        PROVIDE (__rela_iplt_end, .)

.init           0x0000000000405898       0x1a
 *(SORT(.init))
 .init          0x0000000000405898       0x15 /usr/lib/gcc/x86_64-linux-gnu/5/../../../x86_64-linux-gnu/crti.o
                0x0000000000405898                _init
 .init          0x00000000004058ad        0x5 /usr/lib/gcc/x86_64-linux-gnu/5/../../../x86_64-linux-gnu/crtn.o

.plt            0x00000000004058c0      0x190
 *(.plt)
 .plt           0x00000000004058c0      0x190 /usr/lib/gcc/x86_64-linux-gnu/5/../../../x86_64-linux-gnu/crt1.o
                0x00000000004058d0                putchar@@GLIBC_2.2.5
                0x00000000004058e0                __errno_location@@GLIBC_2.2.5
                0x00000000004058f0                strncmp@@GLIBC_2.2.5
                0x0000000000405900                puts@@GLIBC_2.2.5
                0x0000000000405910                __stack_chk_fail@@GLIBC_2.4
                0x0000000000405920                gettimeofday@@GLIBC_2.2.5
                0x0000000000405930                memset@@GLIBC_2.2.5
                0x0000000000405940                read@@GLIBC_2.2.5
                0x0000000000405950                __libc_start_main@@GLIBC_2.2.5
                0x0000000000405960                srand@@GLIBC_2.2.5
                0x0000000000405970                memcmp@@GLIBC_2.2.5
                0x0000000000405980                signal@@GLIBC_2.2.5
                0x0000000000405990                __memmove_chk@@GLIBC_2.3.4
                0x00000000004059a0                __memcpy_chk@@GLIBC_2.3.4
                0x00000000004059b0                memcpy@@GLIBC_2.14
                0x00000000004059c0                select@@GLIBC_2.2.5
                0x00000000004059d0                setitimer@@GLIBC_2.2.5
                0x00000000004059e0                __printf_chk@@GLIBC_2.3.4
                0x00000000004059f0                setvbuf@@GLIBC_2.2.5
                0x0000000000405a00                memmove@@GLIBC_2.2.5
                0x0000000000405a10                perror@@GLIBC_2.2.5
                0x0000000000405a20                exit@@GLIBC_2.2.5
                0x0000000000405a30                __fprintf_chk@@GLIBC_2.3.4
                0x0000000000405a40                rand@@GLIBC_2.2.5
 *(.iplt)
 .iplt          0x0000000000405a50        0x0 /usr/lib/gcc/x86_64-linux-gnu/5/../../../x86_64-linux-gnu/crt1.o

.plt.got        0x0000000000405a50        0x8
 *(.plt.got)
 .plt.got       0x0000000000405a50        0x8 /usr/lib/gcc/x86_64-linux-gnu/5/../../../x86_64-linux-gnu/crt1.o

.plt.bnd
 *(.plt.bnd)

.text           0x0000000000405a60     0xced2
 *(.text.unlikely .text.*_unlikely .text.unlikely.*)
 .text.unlikely
                0x0000000000405a60        0x0 /usr/lib/gcc/x86_64-linux-gnu/5/crtbegin.o
 .text.unlikely
                0x0000000000405a60        0x0 /usr/lib/x86_64-linux-gnu/libc_nonshared.a(elf-init.oS)
 *(.text.exit .text.exit.*)
 *(.text.startup .text.startup.*)
 *(.text.hot .text.hot.*)
 *(.text .stub .text.* .gnu.linkonce.t.*)
 .text          0x0000000000405a60       0x2a /usr/lib/gcc/x86_64-linux-gnu/5/../../../x86_64-linux-gnu/crt1.o
                0x0000000000405a60                _start
 .text          0x0000000000405a8a        0x0 /usr/lib/gcc/x86_64-linux-gnu/5/../../../x86_64-linux-gnu/crti.o
 *fill*         0x0000000000405a8a        0x6 
 .text          0x0000000000405a90       0xc6 /usr/lib/gcc/x86_64-linux-gnu/5/crtbegin.o
 .text          0x0000000000405b56      0x3d6 GPS_sensor.co
 .text          0x0000000000405f2c      0x418 contiki-native.a(contiki-main.o)
                0x0000000000405f8c                select_set_callback
                0x000000000040602c                main
                0x00000000004062f3                log_message
                0x000000000040631d                uip_log
 .text          0x0000000000406344       0xc2 contiki-native.a(leds.o)
                0x000000000040635d                leds_init
                0x0000000000406372                leds_get
                0x0000000000406380                leds_set
                0x0000000000406392                leds_on
                0x00000000004063ab                leds_off
                0x00000000004063c6                leds_toggle
                0x00000000004063df                leds_blink
 .text          0x0000000000406406       0x18 contiki-native.a(leds-arch.o)
                0x0000000000406406                leds_arch_init
                0x000000000040640e                leds_arch_get
                0x0000000000406416                leds_arch_set
 .text          0x000000000040641e       0x25 contiki-native.a(button-sensor.o)
                0x0000000000406430                button_press
 .text          0x0000000000406443       0x2c contiki-native.a(pir-sensor.o)
                0x0000000000406456                pir_sensor_changed
 .text          0x000000000040646f       0x2d contiki-native.a(vib-sensor.o)
                0x0000000000406482                vib_sensor_changed
 .text          0x000000000040649c      0x27e contiki-native.a(sensors.o)
                0x00000000004065e9                sensors_first
                0x00000000004065f1                sensors_next
                0x0000000000406642                sensors_changed
                0x00000000004066a1                sensors_find
 .text          0x000000000040671a       0x69 contiki-native.a(autostart.o)
                0x000000000040671a                autostart_start
                0x0000000000406751                autostart_exit
 .text          0x0000000000406783      0x27b contiki-native.a(ctimer.o)
                0x000000000040685d                ctimer_init
                0x0000000000406886                ctimer_set
                0x00000000004068e0                ctimer_reset
                0x0000000000406928                ctimer_restart
                0x0000000000406970                ctimer_stop
                0x00000000004069a7                ctimer_expired
 .text          0x00000000004069fe      0x2f7 contiki-native.a(etimer.o)
                0x0000000000406a63                etimer_request_poll
                0x0000000000406c02                etimer_set
                0x0000000000406c15                etimer_reset
                0x0000000000406c28                etimer_restart
                0x0000000000406c3b                etimer_adjust
                0x0000000000406c4f                etimer_expired
                0x0000000000406c5b                etimer_expiration_time
                0x0000000000406c63                etimer_start_time
                0x0000000000406c67                etimer_pending
                0x0000000000406c76                etimer_next_expiration_time
                0x0000000000406c8c                etimer_stop
 .text          0x0000000000406cf5      0x3cb contiki-native.a(process.o)
                0x0000000000406e7a                process_alloc_event
                0x0000000000406e8b                process_exit
                0x0000000000406ea0                process_init
                0x0000000000406ecc                process_run
                0x0000000000406fc8                process_nevents
                0x0000000000406fdc                process_post
                0x0000000000407028                process_post_synch
                0x0000000000407042                process_start
                0x0000000000407098                process_poll
                0x00000000004070b5                process_is_running
 .text          0x00000000004070c0       0x87 contiki-native.a(rtimer.o)
                0x00000000004070c0                rtimer_init
                0x00000000004070ce                rtimer_set
                0x0000000000407108                rtimer_run_next
 .text          0x0000000000407147       0x59 contiki-native.a(timer.o)
                0x0000000000407147                timer_set
                0x0000000000407159                timer_reset
                0x0000000000407161                timer_restart
                0x000000000040716f                timer_expired
                0x000000000040718b                timer_remaining
 .text          0x00000000004071a0      0x187 contiki-native.a(serial-line.o)
                0x0000000000407291                serial_line_input_byte
                0x00000000004072fb                serial_line_init
 .text          0x0000000000407327      0x144 contiki-native.a(list.o)
                0x0000000000407327                list_init
                0x000000000040732f                list_head
                0x0000000000407333                list_copy
                0x000000000040733a                list_tail
                0x0000000000407357                list_chop
                0x000000000040738a                list_pop
                0x000000000040739a                list_remove
                0x00000000004073dc                list_add
                0x0000000000407409                list_push
                0x0000000000407423                list_length
                0x0000000000407443                list_insert
                0x000000000040745c                list_item_next
 .text          0x000000000040746b       0x9b contiki-native.a(ringbuf.o)
                0x000000000040746b                ringbuf_init
                0x000000000040747d                ringbuf_put
                0x00000000004074b9                ringbuf_get
                0x00000000004074ed                ringbuf_size
                0x00000000004074f5                ringbuf_elements
 .text          0x0000000000407506      0x8ea contiki-native.a(uip-ds6.o)
                0x0000000000407506                uip_ds6_list_loop
                0x0000000000407591                uip_ds6_prefix_add
                0x0000000000407627                uip_ds6_prefix_rm
                0x0000000000407631                uip_ds6_prefix_lookup
                0x000000000040766a                uip_ds6_is_addr_onlink
                0x00000000004076c9                uip_ds6_addr_lookup
                0x0000000000407704                uip_ds6_get_link_local
                0x000000000040774d                uip_ds6_get_global
                0x0000000000407796                uip_ds6_maddr_add
                0x00000000004077f2                uip_ds6_addr_add
                0x00000000004078f5                uip_ds6_maddr_rm
                0x00000000004078ff                uip_ds6_maddr_lookup
                0x000000000040793a                uip_ds6_addr_rm
                0x00000000004079c7                uip_ds6_periodic
                0x0000000000407a33                uip_ds6_aaddr_add
                0x0000000000407a8f                uip_ds6_aaddr_rm
                0x0000000000407a99                uip_ds6_aaddr_lookup
                0x0000000000407ad4                uip_ds6_set_addr_iid
                0x0000000000407ae0                get_match_length
                0x0000000000407b3b                uip_ds6_select_src
                0x0000000000407c18                uip_ds6_compute_reachable_time
                0x0000000000407c54                uip_ds6_init
 .text          0x0000000000407df0      0x6a4 contiki-native.a(uip-ds6-route.o)
                0x0000000000407e51                uip_ds6_notification_add
                0x0000000000407e76                uip_ds6_notification_rm
                0x0000000000407e8c                uip_ds6_route_init
                0x0000000000407ed6                uip_ds6_route_nexthop
                0x0000000000407f02                uip_ds6_route_head
                0x0000000000407f15                uip_ds6_route_next
                0x0000000000407f30                uip_ds6_route_num_routes
                0x0000000000407f37                uip_ds6_route_lookup
                0x0000000000407fdc                uip_ds6_route_rm
                0x0000000000408114                uip_ds6_route_add
                0x000000000040829f                uip_ds6_route_rm_by_nexthop
                0x00000000004082c2                uip_ds6_defrt_rm
                0x000000000040831d                uip_ds6_defrt_lookup
                0x0000000000408375                uip_ds6_defrt_add
                0x00000000004083f5                uip_ds6_defrt_choose
                0x0000000000408445                uip_ds6_defrt_periodic
 .text          0x0000000000408494     0x1d87 contiki-native.a(uip6.o)
                0x00000000004086c4                uip_add32
                0x000000000040878c                uip_chksum
                0x00000000004087a1                uip_icmp6chksum
                0x00000000004087ad                uip_tcpchksum
                0x00000000004087b9                uip_udpchksum
                0x00000000004087c5                uip_init
                0x0000000000408833                uip_connect
                0x0000000000408979                remove_ext_hdr
                0x0000000000408a06                uip_udp_new
                0x0000000000408b59                uip_unlisten
                0x0000000000408bcf                uip_listen
                0x0000000000408c43                uip_process
                0x000000000040a17e                uip_htons
                0x000000000040a185                uip_htonl
                0x000000000040a1a8                uip_send
 .text          0x000000000040a21b      0x419 contiki-native.a(uip-ds6-nbr.o)
                0x000000000040a21b                uip_ds6_nbr_rm
                0x000000000040a247                uip_ds6_neighbors_init
                0x000000000040a261                uip_ds6_nbr_add
                0x000000000040a2dd                uip_ds6_nbr_get_ipaddr
                0x000000000040a2e1                uip_ds6_nbr_get_ll
                0x000000000040a2f9                uip_ds6_nbr_num
                0x000000000040a332                uip_ds6_nbr_lookup
                0x000000000040a39e                uip_ds6_nbr_ll_lookup
                0x000000000040a3b6                uip_ds6_nbr_ipaddr_from_lladdr
                0x000000000040a3c4                uip_ds6_nbr_lladdr_from_ipaddr
                0x000000000040a3e6                uip_ds6_link_neighbor_callback
                0x000000000040a41f                uip_ds6_neighbor_periodic
                0x000000000040a5c4                uip_ds6_get_least_lifetime_neighbor
 .text          0x000000000040a634      0x986 contiki-native.a(uip-nd6.o)
                0x000000000040ad73                uip_nd6_ns_output
                0x000000000040af9d                uip_nd6_init
 .text          0x000000000040afba     0x1671 contiki-native.a(sicslowpan.o)
                0x000000000040afba                sicslowpan_init
                0x000000000040c610                rime_sniffer_add
                0x000000000040c618                rime_sniffer_remove
                0x000000000040c624                sicslowpan_get_last_rssi
 .text          0x000000000040c62b       0xd6 contiki-native.a(uip-packetqueue)
                0x000000000040c645                uip_packetqueue_new
                0x000000000040c64d                uip_packetqueue_alloc
                0x000000000040c698                uip_packetqueue_free
                0x000000000040c6c7                uip_packetqueue_buf
                0x000000000040c6da                uip_packetqueue_buflen
                0x000000000040c6f0                uip_packetqueue_set_buflen
 .text          0x000000000040c701      0x964 contiki-native.a(tcpip.o)
                0x000000000040c722                tcpip_output
                0x000000000040c73f                tcpip_set_outputfunc
                0x000000000040c747                tcp_unlisten
                0x000000000040c7bc                tcp_listen
                0x000000000040c845                tcp_attach
                0x000000000040c855                udp_attach
                0x000000000040c865                udp_new
                0x000000000040c887                udp_broadcast_new
                0x000000000040c907                icmp6_new
                0x000000000040c932                tcpip_icmp6_call
                0x000000000040c95d                tcpip_input
                0x000000000040c98a                tcpip_ipv6_output
                0x000000000040cf4a                tcpip_poll_udp
                0x000000000040cf65                tcpip_poll_tcp
                0x000000000040cf80                tcp_connect
                0x000000000040cfba                tcpip_uipcall
 .text          0x000000000040d065      0x230 contiki-native.a(simple-udp.o)
                0x000000000040d14e                simple_udp_send
                0x000000000040d188                simple_udp_sendto
                0x000000000040d1be                simple_udp_sendto_port
                0x000000000040d1ec                simple_udp_register
 .text          0x000000000040d295      0x13d contiki-native.a(uip-debug.o)
                0x000000000040d295                uip_debug_ipaddr_print
                0x000000000040d351                uip_debug_lladdr_print
 .text          0x000000000040d3d2      0x538 contiki-native.a(rpl-ext-header.)
                0x000000000040d3d2                rpl_verify_header
                0x000000000040d4d2                rpl_update_header_empty
                0x000000000040d6ea                rpl_update_header_final
                0x000000000040d7cb                rpl_remove_header
                0x000000000040d84a                rpl_invert_header
                0x000000000040d8e8                rpl_insert_header
 .text          0x000000000040d90a      0x363 contiki-native.a(rpl.o)
                0x000000000040d90a                rpl_get_mode
                0x000000000040d911                rpl_set_mode
                0x000000000040d965                rpl_purge_routes
                0x000000000040da1d                rpl_remove_routes
                0x000000000040da4f                rpl_remove_routes_by_nexthop
                0x000000000040daaf                rpl_add_route
                0x000000000040daeb                rpl_link_neighbor_callback
                0x000000000040dbac                rpl_ipv6_neighbor_callback
                0x000000000040dbdb                rpl_init
 .text          0x000000000040dc6d      0x186 contiki-native.a(rpl-mrhof.o)
 .text          0x000000000040ddf3     0x17c0 contiki-native.a(rpl-dag.o)
                0x000000000040df8b                rpl_get_nbr
                0x000000000040dfbe                rpl_print_neighbor_list
                0x000000000040e130                rpl_dag_init
                0x000000000040e14a                rpl_get_parent
                0x000000000040e162                rpl_get_parent_rank
                0x000000000040e18a                rpl_get_parent_link_metric
                0x000000000040e1b2                rpl_get_parent_ipaddr
                0x000000000040e1d2                rpl_set_prefix
                0x000000000040e2b3                rpl_set_default_route
                0x000000000040e31a                rpl_alloc_instance
                0x000000000040e35e                rpl_set_default_instance
                0x000000000040e366                rpl_get_default_instance
                0x000000000040e36e                rpl_add_parent
                0x000000000040e3d8                rpl_find_parent
                0x000000000040e3ff                rpl_find_parent_any_dag
                0x000000000040e436                rpl_select_parent
                0x000000000040e4d4                rpl_select_dag
                0x000000000040e726                rpl_nullify_parent
                0x000000000040e798                rpl_remove_parent
                0x000000000040e80f                rpl_free_dag
                0x000000000040e849                rpl_free_instance
                0x000000000040e8da                rpl_move_parent
                0x000000000040e94b                rpl_get_any_dag
                0x000000000040e96f                rpl_get_instance
                0x000000000040e994                rpl_repair_root
                0x000000000040ea10                rpl_alloc_dag
                0x000000000040eab5                rpl_set_root
                0x000000000040ec30                rpl_find_of
                0x000000000040ec46                rpl_join_instance
                0x000000000040ee00                rpl_local_repair
                0x000000000040ee7e                rpl_process_parent_event
                0x000000000040ef20                rpl_add_dag
                0x000000000040f07c                rpl_recalculate_ranks
                0x000000000040f0d5                rpl_process_dio
                0x000000000040f59b                rpl_lock_parent
 .text          0x000000000040f5b3      0x1ab contiki-native.a(queuebuf.o)
                0x000000000040f5b3                queuebuf_init
                0x000000000040f5d0                queuebuf_numfree
                0x000000000040f5e3                queuebuf_new_from_packetbuf
                0x000000000040f656                queuebuf_update_attr_from_packetbuf
                0x000000000040f675                queuebuf_update_from_packetbuf
                0x000000000040f69d                queuebuf_free
                0x000000000040f6ce                queuebuf_to_packetbuf
                0x000000000040f70a                queuebuf_dataptr
                0x000000000040f72b                queuebuf_datalen
                0x000000000040f736                queuebuf_addr
                0x000000000040f74c                queuebuf_attr
                0x000000000040f75c                queuebuf_debug_print
 .text          0x000000000040f75e      0x505 contiki-native.a(nbr-table.o)
                0x000000000040f8a9                nbr_table_register
                0x000000000040f8da                nbr_table_next
                0x000000000040f94e                nbr_table_head
                0x000000000040f9a2                nbr_table_add_lladdr
                0x000000000040fb8c                nbr_table_get_from_lladdr
                0x000000000040fbcc                nbr_table_remove
                0x000000000040fc0b                nbr_table_lock
                0x000000000040fc22                nbr_table_unlock
                0x000000000040fc39                nbr_table_get_lladdr
 .text          0x000000000040fc63      0x37f contiki-native.a(packetbuf.o)
                0x000000000040fc63                packetbuf_clear_hdr
                0x000000000040fc6b                packetbuf_compact
                0x000000000040fcc5                packetbuf_copyto_hdr
                0x000000000040fcef                packetbuf_copyto
                0x000000000040fd68                packetbuf_hdr_remove
                0x000000000040fd70                packetbuf_hdrreduce
                0x000000000040fd9a                packetbuf_set_datalen
                0x000000000040fda2                packetbuf_dataptr
                0x000000000040fdb0                packetbuf_hdrptr
                0x000000000040fdbe                packetbuf_datalen
                0x000000000040fdc6                packetbuf_hdrlen
                0x000000000040fdde                packetbuf_totlen
                0x000000000040fdee                packetbuf_hdralloc
                0x000000000040fe2e                packetbuf_attr_clear
                0x000000000040fe6d                packetbuf_clear
                0x000000000040fe9f                packetbuf_copyfrom
                0x000000000040fedf                packetbuf_attr_copyto
                0x000000000040ff29                packetbuf_attr_copyfrom
                0x000000000040ff73                packetbuf_set_attr
                0x000000000040ff85                packetbuf_attr
                0x000000000040ff92                packetbuf_set_addr
                0x000000000040ffb7                packetbuf_addr
                0x000000000040ffca                packetbuf_holds_broadcast
 .text          0x000000000040ffe2       0x21 contiki-native.a(netstack.o)
                0x000000000040ffe2                netstack_init
 .text          0x0000000000410003       0x31 contiki-native.a(linkaddr.o)
                0x0000000000410003                linkaddr_copy
                0x000000000041000a                linkaddr_cmp
                0x0000000000410025                linkaddr_set_node_addr
 .text          0x0000000000410034       0x44 contiki-native.a(nullmac.o)
 .text          0x0000000000410078      0x13d contiki-native.a(nullrdc.o)
 .text          0x00000000004101b5      0x2c2 contiki-native.a(framer-802154.o)
 .text          0x0000000000410477      0x437 contiki-native.a(frame802154.o)
                0x00000000004104e5                frame802154_hdrlen
                0x000000000041053d                frame802154_create
                0x0000000000410686                frame802154_parse
 .text          0x00000000004108ae       0x1b contiki-native.a(mac.o)
                0x00000000004108ae                mac_call_sent_callback
 .text          0x00000000004108c9       0x24 contiki-native.a(framer.o)
                0x00000000004108c9                framer_canonical_create_and_secure
 .text          0x00000000004108ed       0x54 contiki-native.a(nullsec.o)
 .text          0x0000000000410941       0xa8 contiki-native.a(clock.o)
                0x0000000000410941                clock_time
                0x00000000004109a8                clock_seconds
                0x00000000004109e7                clock_delay
 .text          0x00000000004109e9       0xbe contiki-native.a(rtimer-arch.o)
                0x0000000000410a01                rtimer_arch_init
                0x0000000000410a19                rtimer_arch_schedule
 .text          0x0000000000410aa7       0x16 contiki-native.a(watchdog.o)
                0x0000000000410aa7                watchdog_init
                0x0000000000410aa9                watchdog_start
                0x0000000000410aab                watchdog_periodic
                0x0000000000410aad                watchdog_stop
                0x0000000000410aaf                watchdog_reboot
 .text          0x0000000000410abd       0x70 contiki-native.a(stimer.o)
                0x0000000000410abd                stimer_set
                0x0000000000410acf                stimer_reset
                0x0000000000410ad7                stimer_restart
                0x0000000000410ae5                stimer_expired
                0x0000000000410b0a                stimer_remaining
                0x0000000000410b1f                stimer_elapsed
 .text          0x0000000000410b2d       0x54 contiki-native.a(nullradio.o)
 .text          0x0000000000410b81      0x138 contiki-native.a(memb.o)
                0x0000000000410b81                memb_init
                0x0000000000410bb4                memb_alloc
                0x0000000000410c08                memb_free
                0x0000000000410c64                memb_inmemb
                0x0000000000410c8c                memb_numfree
 .text          0x0000000000410cb9       0x1f contiki-native.a(random.o)
                0x0000000000410cb9                random_init
                0x0000000000410cca                random_rand
 .text          0x0000000000410cd8      0x738 contiki-native.a(uip-icmp6.o)
                0x000000000041104a                uip_icmp6_input
                0x00000000004110b4                uip_icmp6_register_input_handler
                0x00000000004110ca                uip_icmp6_error_output
                0x00000000004112f8                uip_icmp6_send
                0x00000000004113b8                uip_icmp6_echo_reply_callback_add
                0x00000000004113dd                uip_icmp6_echo_reply_callback_rm
                0x00000000004113f3                uip_icmp6_init
 .text          0x0000000000411410       0xce contiki-native.a(uip-udp-packet.)
                0x0000000000411410                uip_udp_packet_send
                0x000000000041146e                uip_udp_packet_sendto
 .text          0x00000000004114de      0xebb contiki-native.a(rpl-icmp6.o)
                0x0000000000411937                dis_output
                0x00000000004119cd                dio_output
                0x0000000000411d9b                dao_output_target
                0x0000000000411eb1                dao_output
                0x0000000000411f3b                dao_ack_output
                0x0000000000412368                rpl_icmp6_register_handlers
 .text          0x0000000000412399      0x527 contiki-native.a(rpl-timers.o)
                0x0000000000412669                rpl_reset_periodic_timer
                0x00000000004126bb                rpl_reset_dio_timer
                0x00000000004126e6                rpl_schedule_dao
                0x00000000004126f9                rpl_schedule_dao_immediately
                0x000000000041270c                rpl_cancel_dao
                0x000000000041272a                rpl_schedule_probing
 .text          0x00000000004128c0       0x72 /usr/lib/x86_64-linux-gnu/libc_nonshared.a(elf-init.oS)
                0x00000000004128c0                __libc_csu_init
                0x0000000000412930                __libc_csu_fini
 .text          0x0000000000412932        0x0 /usr/lib/gcc/x86_64-linux-gnu/5/crtend.o
 .text          0x0000000000412932        0x0 /usr/lib/gcc/x86_64-linux-gnu/5/../../../x86_64-linux-gnu/crtn.o
 *(.gnu.warning)

.fini           0x0000000000412934        0x9
 *(SORT(.fini))
 .fini          0x0000000000412934        0x4 /usr/lib/gcc/x86_64-linux-gnu/5/../../../x86_64-linux-gnu/crti.o
                0x0000000000412934                _fini
 .fini          0x0000000000412938        0x5 /usr/lib/gcc/x86_64-linux-gnu/5/../../../x86_64-linux-gnu/crtn.o
                [!provide]                        PROVIDE (__etext, .)
                [!provide]                        PROVIDE (_etext, .)
                [!provide]                        PROVIDE (etext, .)

.rodata         0x0000000000412940      0x810
 *(.rodata .rodata.* .gnu.linkonce.r.*)
 .rodata.cst4   0x0000000000412940        0x4 /usr/lib/gcc/x86_64-linux-gnu/5/../../../x86_64-linux-gnu/crt1.o
                0x0000000000412940                _IO_stdin_used
 .rodata.str1.1
                0x0000000000412944       0x63 GPS_sensor.co
 *fill*         0x00000000004129a7        0x1 
 .rodata.str1.8
                0x00000000004129a8       0x5f GPS_sensor.co
 *fill*         0x0000000000412a07        0x9 
 .rodata        0x0000000000412a10       0x10 GPS_sensor.co
                0x0000000000412a10                autostart_processes
 .rodata.str1.8
                0x0000000000412a20       0x4b contiki-native.a(contiki-main.o)
 .rodata.str1.1
                0x0000000000412a6b       0x5e contiki-native.a(contiki-main.o)
                                         0x62 (size before relaxing)
 *fill*         0x0000000000412ac9        0x7 
 .rodata        0x0000000000412ad0       0x18 contiki-native.a(contiki-main.o)
 .rodata.str1.1
                0x0000000000412ae8        0x7 contiki-native.a(button-sensor.o)
 *fill*         0x0000000000412aef       0x11 
 .rodata        0x0000000000412b00       0x20 contiki-native.a(button-sensor.o)
                0x0000000000412b00                button_sensor
 .rodata.str1.1
                0x0000000000412b20        0x4 contiki-native.a(pir-sensor.o)
 *fill*         0x0000000000412b24       0x1c 
 .rodata        0x0000000000412b40       0x20 contiki-native.a(pir-sensor.o)
                0x0000000000412b40                pir_sensor
 .rodata.str1.1
                0x0000000000412b60        0xa contiki-native.a(vib-sensor.o)
 *fill*         0x0000000000412b6a       0x16 
 .rodata        0x0000000000412b80       0x20 contiki-native.a(vib-sensor.o)
                0x0000000000412b80                vib_sensor
 .rodata.str1.1
                0x0000000000412ba0        0x8 contiki-native.a(sensors.o)
 .rodata.str1.1
                0x0000000000412ba8        0xf contiki-native.a(ctimer.o)
 .rodata.str1.1
                0x0000000000412bb7        0xc contiki-native.a(etimer.o)
 .rodata.str1.1
                0x0000000000412bc3        0xe contiki-native.a(serial-line.o)
 *fill*         0x0000000000412bd1        0x7 
 .rodata        0x0000000000412bd8      0x2f0 contiki-native.a(uip6.o)
 .rodata.str1.1
                0x0000000000412ec8        0xb contiki-native.a(sicslowpan.o)
 *fill*         0x0000000000412ed3        0xd 
 .rodata        0x0000000000412ee0       0x2a contiki-native.a(sicslowpan.o)
                0x0000000000412ee0                sicslowpan_driver
                0x0000000000412efc                llprefix
                0x0000000000412efe                unc_mxconf
                0x0000000000412f02                unc_ctxconf
                0x0000000000412f06                unc_llconf
 .rodata.str1.1
                0x0000000000412f0a        0xd contiki-native.a(tcpip.o)
 .rodata.str1.1
                0x0000000000412f17       0x13 contiki-native.a(simple-udp.o)
 .rodata.str1.1
                0x0000000000412f2a       0x29 contiki-native.a(uip-debug.o)
 *fill*         0x0000000000412f53        0x5 
 .rodata.str1.8
                0x0000000000412f58       0x60 contiki-native.a(rpl-dag.o)
                                         0x5e (size before relaxing)
 .rodata.str1.1
                0x0000000000412fb8       0x11 contiki-native.a(rpl-dag.o)
 *fill*         0x0000000000412fc9        0x7 
 .rodata        0x0000000000412fd0        0x8 contiki-native.a(linkaddr.o)
                0x0000000000412fd0                linkaddr_null
 .rodata.str1.1
                0x0000000000412fd8        0x8 contiki-native.a(nullmac.o)
 .rodata        0x0000000000412fe0       0x38 contiki-native.a(nullmac.o)
                0x0000000000412fe0                nullmac_driver
 .rodata.str1.1
                0x0000000000413018        0x8 contiki-native.a(nullrdc.o)
 .rodata        0x0000000000413020       0x40 contiki-native.a(nullrdc.o)
                0x0000000000413020                nullrdc_driver
 .rodata        0x0000000000413060       0x20 contiki-native.a(framer-802154.o)
                0x0000000000413060                framer_802154
 .rodata.str1.1
                0x0000000000413080        0x8 contiki-native.a(nullsec.o)
 *fill*         0x0000000000413088       0x18 
 .rodata        0x00000000004130a0       0x30 contiki-native.a(nullsec.o)
                0x00000000004130a0                nullsec_driver
 *fill*         0x00000000004130d0       0x10 
 .rodata        0x00000000004130e0       0x70 contiki-native.a(nullradio.o)
                0x00000000004130e0                nullradio_driver

.rodata1
 *(.rodata1)

.eh_frame_hdr   0x0000000000413150      0xe14
 *(.eh_frame_hdr)
 .eh_frame_hdr  0x0000000000413150      0xe14 /usr/lib/gcc/x86_64-linux-gnu/5/../../../x86_64-linux-gnu/crt1.o
                0x0000000000413150                __GNU_EH_FRAME_HDR
 *(.eh_frame_entry .eh_frame_entry.*)

.eh_frame       0x0000000000413f68     0x38ac
 *(.eh_frame)
 .eh_frame      0x0000000000413f68       0x30 /usr/lib/gcc/x86_64-linux-gnu/5/../../../x86_64-linux-gnu/crt1.o
 .eh_frame      0x0000000000413f98       0x40 /usr/lib/gcc/x86_64-linux-gnu/5/../../../x86_64-linux-gnu/crt1.o
 .eh_frame      0x0000000000413fd8       0x80 GPS_sensor.co
                                         0x90 (size before relaxing)
 .eh_frame      0x0000000000414058       0xb0 contiki-native.a(contiki-main.o)
                                         0xc0 (size before relaxing)
 .eh_frame      0x0000000000414108       0xc8 contiki-native.a(leds.o)
                                         0xe0 (size before relaxing)
 .eh_frame      0x00000000004141d0       0x48 contiki-native.a(leds-arch.o)
                                         0x58 (size before relaxing)
 .eh_frame      0x0000000000414218       0x60 contiki-native.a(button-sensor.o)
                                         0x70 (size before relaxing)
 .eh_frame      0x0000000000414278       0x60 contiki-native.a(pir-sensor.o)
                                         0x70 (size before relaxing)
 .eh_frame      0x00000000004142d8       0x60 contiki-native.a(vib-sensor.o)
                                         0x70 (size before relaxing)
 .eh_frame      0x0000000000414338       0xa8 contiki-native.a(sensors.o)
                                         0xb0 (size before relaxing)
 .eh_frame      0x00000000004143e0       0x50 contiki-native.a(autostart.o)
                                         0x68 (size before relaxing)
 .eh_frame      0x0000000000414430      0x100 contiki-native.a(ctimer.o)
                                        0x110 (size before relaxing)
 .eh_frame      0x0000000000414530      0x190 contiki-native.a(etimer.o)
                                        0x180 (size before relaxing)
 .eh_frame      0x00000000004146c0      0x180 contiki-native.a(process.o)
                                        0x178 (size before relaxing)
 .eh_frame      0x0000000000414840       0x48 contiki-native.a(rtimer.o)
                                         0x60 (size before relaxing)
 .eh_frame      0x0000000000414888       0x98 contiki-native.a(timer.o)
                                         0xa0 (size before relaxing)
 .eh_frame      0x0000000000414920       0x58 contiki-native.a(serial-line.o)
                                         0x70 (size before relaxing)
 .eh_frame      0x0000000000414978      0x140 contiki-native.a(list.o)
                                        0x128 (size before relaxing)
 .eh_frame      0x0000000000414ab8       0x78 contiki-native.a(ringbuf.o)
                                         0x80 (size before relaxing)
 .eh_frame      0x0000000000414b30      0x2f0 contiki-native.a(uip-ds6.o)
                                        0x2d8 (size before relaxing)
 .eh_frame      0x0000000000414e20      0x2c0 contiki-native.a(uip-ds6-route.o)
                                        0x2b8 (size before relaxing)
 .eh_frame      0x00000000004150e0      0x210 contiki-native.a(uip6.o)
                                        0x1f0 (size before relaxing)
 .eh_frame      0x00000000004152f0      0x1c8 contiki-native.a(uip-ds6-nbr.o)
                                        0x1d0 (size before relaxing)
 .eh_frame      0x00000000004154b8       0xd0 contiki-native.a(uip-nd6.o)
                                         0xe0 (size before relaxing)
 .eh_frame      0x0000000000415588      0x1c0 contiki-native.a(sicslowpan.o)
                                        0x1b8 (size before relaxing)
 .eh_frame      0x0000000000415748       0xd0 contiki-native.a(uip-packetqueue)
 .eh_frame      0x0000000000415818      0x210 contiki-native.a(tcpip.o)
                                        0x208 (size before relaxing)
 .eh_frame      0x0000000000415a28       0xd0 contiki-native.a(simple-udp.o)
                                         0xe0 (size before relaxing)
 .eh_frame      0x0000000000415af8       0x68 contiki-native.a(uip-debug.o)
                                         0x80 (size before relaxing)
 .eh_frame      0x0000000000415b60       0xe0 contiki-native.a(rpl-ext-header.)
                                         0xf0 (size before relaxing)
 .eh_frame      0x0000000000415c40      0x120 contiki-native.a(rpl.o)
                                        0x128 (size before relaxing)
 .eh_frame      0x0000000000415d60      0x100 contiki-native.a(rpl-mrhof.o)
 .eh_frame      0x0000000000415e60      0x678 contiki-native.a(rpl-dag.o)
                                        0x630 (size before relaxing)
 .eh_frame      0x00000000004164d8      0x150 contiki-native.a(queuebuf.o)
                                        0x148 (size before relaxing)
 .eh_frame      0x0000000000416628      0x220 contiki-native.a(nbr-table.o)
                                        0x210 (size before relaxing)
 .eh_frame      0x0000000000416848      0x270 contiki-native.a(packetbuf.o)
                                        0x248 (size before relaxing)
 .eh_frame      0x0000000000416ab8       0x18 contiki-native.a(netstack.o)
                                         0x30 (size before relaxing)
 .eh_frame      0x0000000000416ad0       0x48 contiki-native.a(linkaddr.o)
                                         0x58 (size before relaxing)
 .eh_frame      0x0000000000416b18       0x90 contiki-native.a(nullmac.o)
                                         0xa0 (size before relaxing)
 .eh_frame      0x0000000000416ba8       0xf0 contiki-native.a(nullrdc.o)
                                        0x100 (size before relaxing)
 .eh_frame      0x0000000000416c98       0x80 contiki-native.a(framer-802154.o)
                                         0x98 (size before relaxing)
 .eh_frame      0x0000000000416d18       0xa0 contiki-native.a(frame802154.o)
                                         0xb0 (size before relaxing)
 .eh_frame      0x0000000000416db8       0x18 contiki-native.a(mac.o)
                                         0x30 (size before relaxing)
 .eh_frame      0x0000000000416dd0       0x20 contiki-native.a(framer.o)
                                         0x38 (size before relaxing)
 .eh_frame      0x0000000000416df0       0x88 contiki-native.a(nullsec.o)
                                         0x98 (size before relaxing)
 .eh_frame      0x0000000000416e78       0x48 contiki-native.a(clock.o)
                                         0x60 (size before relaxing)
 .eh_frame      0x0000000000416ec0       0x50 contiki-native.a(rtimer-arch.o)
                                         0x68 (size before relaxing)
 .eh_frame      0x0000000000416f10       0x78 contiki-native.a(watchdog.o)
                                         0x80 (size before relaxing)
 .eh_frame      0x0000000000416f88       0xb8 contiki-native.a(stimer.o)
 .eh_frame      0x0000000000417040      0x150 contiki-native.a(nullradio.o)
                                        0x130 (size before relaxing)
 .eh_frame      0x0000000000417190       0x80 contiki-native.a(memb.o)
                                         0x88 (size before relaxing)
 .eh_frame      0x0000000000417210       0x30 contiki-native.a(random.o)
                                         0x48 (size before relaxing)
 .eh_frame      0x0000000000417240      0x150 contiki-native.a(uip-icmp6.o)
                                        0x160 (size before relaxing)
 .eh_frame      0x0000000000417390       0x50 contiki-native.a(uip-udp-packet.)
                                         0x68 (size before relaxing)
 .eh_frame      0x00000000004173e0      0x210 contiki-native.a(rpl-icmp6.o)
                                        0x208 (size before relaxing)
 .eh_frame      0x00000000004175f0      0x1c0 contiki-native.a(rpl-timers.o)
 .eh_frame      0x00000000004177b0       0x60 /usr/lib/x86_64-linux-gnu/libc_nonshared.a(elf-init.oS)
                                         0x78 (size before relaxing)
 .eh_frame      0x0000000000417810        0x4 /usr/lib/gcc/x86_64-linux-gnu/5/crtend.o
 *(.eh_frame.*)

.gcc_except_table
 *(.gcc_except_table .gcc_except_table.*)

.gnu_extab
 *(.gnu_extab*)

.exception_ranges
 *(.exception_ranges .exception_ranges*)
                0x0000000000617e10                . = DATA_SEGMENT_ALIGN (0x200000, 0x1000)

.eh_frame
 *(.eh_frame)
 *(.eh_frame.*)

.gnu_extab
 *(.gnu_extab)

.gcc_except_table
 *(.gcc_except_table .gcc_except_table.*)

.exception_ranges
 *(.exception_ranges .exception_ranges*)

.tdata
 *(.tdata .tdata.* .gnu.linkonce.td.*)

.tbss
 *(.tbss .tbss.* .gnu.linkonce.tb.*)
 *(.tcommon)

.preinit_array  0x0000000000617e10        0x0
                [!provide]                        PROVIDE (__preinit_array_start, .)
 *(.preinit_array)
                [!provide]                        PROVIDE (__preinit_array_end, .)

.init_array     0x0000000000617e10        0x8
                0x0000000000617e10                PROVIDE (__init_array_start, .)
 *(SORT(.init_array.*) SORT(.ctors.*))
 *(.init_array EXCLUDE_FILE(*crtend?.o *crtend.o *crtbegin?.o *crtbegin.o) .ctors)
 .init_array    0x0000000000617e10        0x8 /usr/lib/gcc/x86_64-linux-gnu/5/crtbegin.o
                0x0000000000617e18                PROVIDE (__init_array_end, .)

.fini_array     0x0000000000617e18        0x8
                [!provide]                        PROVIDE (__fini_array_start, .)
 *(SORT(.fini_array.*) SORT(.dtors.*))
 *(.fini_array EXCLUDE_FILE(*crtend?.o *crtend.o *crtbegin?.o *crtbegin.o) .dtors)
 .fini_array    0x0000000000617e18        0x8 /usr/lib/gcc/x86_64-linux-gnu/5/crtbegin.o
                [!provide]                        PROVIDE (__fini_array_end, .)

.ctors
 *crtbegin.o(.ctors)
 *crtbegin?.o(.ctors)
 *(EXCLUDE_FILE(*crtend?.o *crtend.o) .ctors)
 *(SORT(.ctors.*))
 *(.ctors)

.dtors
 *crtbegin.o(.dtors)
 *crtbegin?.o(.dtors)
 *(EXCLUDE_FILE(*crtend?.o *crtend.o) .dtors)
 *(SORT(.dtors.*))
 *(.dtors)

.jcr            0x0000000000617e20        0x8
 *(.jcr)
 .jcr           0x0000000000617e20        0x0 /usr/lib/gcc/x86_64-linux-gnu/5/crtbegin.o
 .jcr           0x0000000000617e20        0x8 /usr/lib/gcc/x86_64-linux-gnu/5/crtend.o

.data.rel.ro
 *(.data.rel.ro.local* .gnu.linkonce.d.rel.ro.local.*)
 *(.data.rel.ro .data.rel.ro.* .gnu.linkonce.d.rel.ro.*)

.dynamic        0x0000000000617e28      0x1d0
 *(.dynamic)
 .dynamic       0x0000000000617e28      0x1d0 /usr/lib/gcc/x86_64-linux-gnu/5/../../../x86_64-linux-gnu/crt1.o
                0x0000000000617e28                _DYNAMIC

.got            0x0000000000617ff8        0x8
 *(.got)
 .got           0x0000000000617ff8        0x8 /usr/lib/gcc/x86_64-linux-gnu/5/../../../x86_64-linux-gnu/crt1.o
 *(.igot)
                0x0000000000618fe8                . = DATA_SEGMENT_RELRO_END (., (SIZEOF (.got.plt) >= 0x18)?0x18:0x0)

.got.plt        0x0000000000618000       0xd8
 *(.got.plt)
 .got.plt       0x0000000000618000       0xd8 /usr/lib/gcc/x86_64-linux-gnu/5/../../../x86_64-linux-gnu/crt1.o
                0x0000000000618000                _GLOBAL_OFFSET_TABLE_
 *(.igot.plt)
 .igot.plt      0x00000000006180d8        0x0 /usr/lib/gcc/x86_64-linux-gnu/5/../../../x86_64-linux-gnu/crt1.o

.data           0x00000000006180e0      0x3c9
 *(.data .data.* .gnu.linkonce.d.*)
 .data          0x00000000006180e0        0x4 /usr/lib/gcc/x86_64-linux-gnu/5/../../../x86_64-linux-gnu/crt1.o
                0x00000000006180e0                data_start
                0x00000000006180e0                __data_start
 .data          0x00000000006180e4        0x0 /usr/lib/gcc/x86_64-linux-gnu/5/../../../x86_64-linux-gnu/crti.o
 *fill*         0x00000000006180e4        0x4 
 .data          0x00000000006180e8        0x8 /usr/lib/gcc/x86_64-linux-gnu/5/crtbegin.o
                0x00000000006180e8                __dso_handle
 *fill*         0x00000000006180f0       0x10 
 .data          0x0000000000618100       0x20 GPS_sensor.co
                0x0000000000618100                Sensor_process
 .data          0x0000000000618120       0x20 contiki-native.a(contiki-main.o)
                0x0000000000618120                sensors
 .data          0x0000000000618140        0x0 contiki-native.a(leds.o)
 .data          0x0000000000618140        0x0 contiki-native.a(leds-arch.o)
 .data          0x0000000000618140        0x0 contiki-native.a(button-sensor.o)
 .data          0x0000000000618140        0x0 contiki-native.a(pir-sensor.o)
 .data          0x0000000000618140        0x0 contiki-native.a(vib-sensor.o)
 .data          0x0000000000618140       0x20 contiki-native.a(sensors.o)
                0x0000000000618140                sensors_process
 .data          0x0000000000618160        0x0 contiki-native.a(autostart.o)
 .data          0x0000000000618160       0x20 contiki-native.a(ctimer.o)
                0x0000000000618160                ctimer_process
 .data          0x0000000000618180       0x20 contiki-native.a(etimer.o)
                0x0000000000618180                etimer_process
 .data          0x00000000006181a0        0x0 contiki-native.a(process.o)
 .data          0x00000000006181a0        0x0 contiki-native.a(rtimer.o)
 .data          0x00000000006181a0        0x0 contiki-native.a(timer.o)
 .data          0x00000000006181a0       0x20 contiki-native.a(serial-line.o)
                0x00000000006181a0                serial_line_process
 .data          0x00000000006181c0        0x0 contiki-native.a(list.o)
 .data          0x00000000006181c0        0x0 contiki-native.a(ringbuf.o)
 .data          0x00000000006181c0        0x0 contiki-native.a(uip-ds6.o)
 .data          0x00000000006181c0       0x78 contiki-native.a(uip-ds6-route.o)
 .data          0x0000000000618238        0x0 contiki-native.a(uip6.o)
 *fill*         0x0000000000618238        0x8 
 .data          0x0000000000618240       0x28 contiki-native.a(uip-ds6-nbr.o)
                0x0000000000618240                ds6_neighbors
 *fill*         0x0000000000618268        0x8 
 .data          0x0000000000618270       0x38 contiki-native.a(uip-nd6.o)
 .data          0x00000000006182a8        0x0 contiki-native.a(sicslowpan.o)
 *fill*         0x00000000006182a8        0x8 
 .data          0x00000000006182b0       0x18 contiki-native.a(uip-packetqueue)
 *fill*         0x00000000006182c8       0x18 
 .data          0x00000000006182e0       0x20 contiki-native.a(tcpip.o)
                0x00000000006182e0                tcpip_process
 .data          0x0000000000618300       0x20 contiki-native.a(simple-udp.o)
                0x0000000000618300                simple_udp_process
 .data          0x0000000000618320        0x0 contiki-native.a(uip-debug.o)
 .data          0x0000000000618320        0x0 contiki-native.a(rpl-ext-header.)
 .data          0x0000000000618320        0x0 contiki-native.a(rpl.o)
 .data          0x0000000000618320       0x38 contiki-native.a(rpl-mrhof.o)
                0x0000000000618320                rpl_mrhof
 *fill*         0x0000000000618358        0x8 
 .data          0x0000000000618360       0x28 contiki-native.a(rpl-dag.o)
                0x0000000000618360                rpl_parents
 *fill*         0x0000000000618388        0x8 
 .data          0x0000000000618390       0x38 contiki-native.a(queuebuf.o)
 *fill*         0x00000000006183c8        0x8 
 .data          0x00000000006183d0       0x18 contiki-native.a(nbr-table.o)
 .data          0x00000000006183e8        0x0 contiki-native.a(packetbuf.o)
 .data          0x00000000006183e8        0x0 contiki-native.a(netstack.o)
 .data          0x00000000006183e8        0x0 contiki-native.a(linkaddr.o)
 .data          0x00000000006183e8        0x0 contiki-native.a(nullmac.o)
 .data          0x00000000006183e8        0x0 contiki-native.a(nullrdc.o)
 .data          0x00000000006183e8        0x0 contiki-native.a(framer-802154.o)
 .data          0x00000000006183e8        0x0 contiki-native.a(frame802154.o)
 .data          0x00000000006183e8        0x0 contiki-native.a(mac.o)
 .data          0x00000000006183e8        0x0 contiki-native.a(framer.o)
 .data          0x00000000006183e8        0x0 contiki-native.a(nullsec.o)
 .data          0x00000000006183e8        0x0 contiki-native.a(clock.o)
 .data          0x00000000006183e8        0x0 contiki-native.a(rtimer-arch.o)
 .data          0x00000000006183e8        0x0 contiki-native.a(watchdog.o)
 .data          0x00000000006183e8        0x0 contiki-native.a(stimer.o)
 .data          0x00000000006183e8        0x0 contiki-native.a(nullradio.o)
 .data          0x00000000006183e8        0x0 contiki-native.a(memb.o)
 .data          0x00000000006183e8        0x0 contiki-native.a(random.o)
 *fill*         0x00000000006183e8        0x8 
 .data          0x00000000006183f0       0x38 contiki-native.a(uip-icmp6.o)
 .data          0x0000000000618428        0x0 contiki-native.a(uip-udp-packet.)
 *fill*         0x0000000000618428        0x8 
 .data          0x0000000000618430       0x79 contiki-native.a(rpl-icmp6.o)
 .data          0x00000000006184a9        0x0 contiki-native.a(rpl-timers.o)
 .data          0x00000000006184a9        0x0 /usr/lib/x86_64-linux-gnu/libc_nonshared.a(elf-init.oS)
 .data          0x00000000006184a9        0x0 /usr/lib/gcc/x86_64-linux-gnu/5/crtend.o
 .data          0x00000000006184a9        0x0 /usr/lib/gcc/x86_64-linux-gnu/5/../../../x86_64-linux-gnu/crtn.o

.tm_clone_table
                0x00000000006184b0        0x0
 .tm_clone_table
                0x00000000006184b0        0x0 /usr/lib/gcc/x86_64-linux-gnu/5/crtbegin.o
 .tm_clone_table
                0x00000000006184b0        0x0 /usr/lib/gcc/x86_64-linux-gnu/5/crtend.o

.data1
 *(.data1)
                0x00000000006184b0                _edata = .
                [!provide]                        PROVIDE (edata, .)
                0x00000000006184b0                . = .
                0x00000000006184b0                __bss_start = .

.bss            0x00000000006184c0     0x45c8
 *(.dynbss)
 .dynbss        0x00000000006184c0       0x28 /usr/lib/gcc/x86_64-linux-gnu/5/../../../x86_64-linux-gnu/crt1.o
                0x00000000006184c0                stdout@@GLIBC_2.2.5
                0x00000000006184e0                stderr@@GLIBC_2.2.5
 *(.bss .bss.* .gnu.linkonce.b.*)
 .bss           0x00000000006184e8        0x0 /usr/lib/gcc/x86_64-linux-gnu/5/../../../x86_64-linux-gnu/crt1.o
 .bss           0x00000000006184e8        0x0 /usr/lib/gcc/x86_64-linux-gnu/5/../../../x86_64-linux-gnu/crti.o
 .bss           0x00000000006184e8        0x1 /usr/lib/gcc/x86_64-linux-gnu/5/crtbegin.o
 *fill*         0x00000000006184e9       0x17 
 .bss           0x0000000000618500       0xd8 GPS_sensor.co
 *fill*         0x00000000006185d8        0x8 
 .bss           0x00000000006185e0       0x60 contiki-native.a(contiki-main.o)
                0x00000000006185e0                contiki_argc
 .bss           0x0000000000618640        0x1 contiki-native.a(leds.o)
 .bss           0x0000000000618641        0x1 contiki-native.a(leds-arch.o)
 .bss           0x0000000000618642        0x0 contiki-native.a(button-sensor.o)
 *fill*         0x0000000000618642        0x2 
 .bss           0x0000000000618644        0x4 contiki-native.a(pir-sensor.o)
 .bss           0x0000000000618648        0x4 contiki-native.a(vib-sensor.o)
 .bss           0x000000000061864c        0x9 contiki-native.a(sensors.o)
 .bss           0x0000000000618655        0x0 contiki-native.a(autostart.o)
 *fill*         0x0000000000618655        0x3 
 .bss           0x0000000000618658       0x10 contiki-native.a(ctimer.o)
 .bss           0x0000000000618668       0x10 contiki-native.a(etimer.o)
 *fill*         0x0000000000618678        0x8 
 .bss           0x0000000000618680      0x343 contiki-native.a(process.o)
                0x0000000000618680                process_current
                0x0000000000618688                process_list
 *fill*         0x00000000006189c3        0x5 
 .bss           0x00000000006189c8        0x8 contiki-native.a(rtimer.o)
 .bss           0x00000000006189d0        0x0 contiki-native.a(timer.o)
 *fill*         0x00000000006189d0       0x10 
 .bss           0x00000000006189e0      0x150 contiki-native.a(serial-line.o)
 .bss           0x0000000000618b30        0x0 contiki-native.a(list.o)
 .bss           0x0000000000618b30        0x0 contiki-native.a(ringbuf.o)
 .bss           0x0000000000618b30       0x30 contiki-native.a(uip-ds6.o)
 .bss           0x0000000000618b60      0xc40 contiki-native.a(uip-ds6-route.o)
 .bss           0x00000000006197a0        0xd contiki-native.a(uip6.o)
                0x00000000006197a0                uip_ext_opt_offset
                0x00000000006197a1                uip_ext_len
                0x00000000006197a2                uip_ext_bitmap
 *fill*         0x00000000006197ad       0x13 
 .bss           0x00000000006197c0      0x780 contiki-native.a(uip-ds6-nbr.o)
 .bss           0x0000000000619f40       0x19 contiki-native.a(uip-nd6.o)
 *fill*         0x0000000000619f59        0x7 
 .bss           0x0000000000619f60      0x220 contiki-native.a(sicslowpan.o)
 .bss           0x000000000061a180      0x3f2 contiki-native.a(uip-packetqueue)
 *fill*         0x000000000061a572        0xe 
 .bss           0x000000000061a580      0x2e0 contiki-native.a(tcpip.o)
 .bss           0x000000000061a860      0x1a5 contiki-native.a(simple-udp.o)
 .bss           0x000000000061aa05        0x0 contiki-native.a(uip-debug.o)
 .bss           0x000000000061aa05        0x0 contiki-native.a(rpl-ext-header.)
 *fill*         0x000000000061aa05        0x3 
 .bss           0x000000000061aa08        0x4 contiki-native.a(rpl.o)
 .bss           0x000000000061aa0c        0x0 contiki-native.a(rpl-mrhof.o)
 *fill*         0x000000000061aa0c       0x14 
 .bss           0x000000000061aa20      0x4b0 contiki-native.a(rpl-dag.o)
 *fill*         0x000000000061aed0       0x10 
 .bss           0x000000000061aee0      0x5e8 contiki-native.a(queuebuf.o)
 *fill*         0x000000000061b4c8       0x18 
 .bss           0x000000000061b4e0      0x2be contiki-native.a(nbr-table.o)
 *fill*         0x000000000061b79e        0x2 
 .bss           0x000000000061b7a0       0xd6 contiki-native.a(packetbuf.o)
 .bss           0x000000000061b876        0x0 contiki-native.a(netstack.o)
 .bss           0x000000000061b876        0x0 contiki-native.a(linkaddr.o)
 .bss           0x000000000061b876        0x0 contiki-native.a(nullmac.o)
 .bss           0x000000000061b876        0x0 contiki-native.a(nullrdc.o)
 .bss           0x000000000061b876        0x2 contiki-native.a(framer-802154.o)
 .bss           0x000000000061b878        0x0 contiki-native.a(frame802154.o)
 .bss           0x000000000061b878        0x0 contiki-native.a(mac.o)
 .bss           0x000000000061b878        0x0 contiki-native.a(framer.o)
 .bss           0x000000000061b878        0x0 contiki-native.a(nullsec.o)
 .bss           0x000000000061b878        0x0 contiki-native.a(clock.o)
 .bss           0x000000000061b878        0x0 contiki-native.a(rtimer-arch.o)
 .bss           0x000000000061b878        0x0 contiki-native.a(watchdog.o)
 .bss           0x000000000061b878        0x0 contiki-native.a(stimer.o)
 .bss           0x000000000061b878        0x0 contiki-native.a(nullradio.o)
 .bss           0x000000000061b878        0x0 contiki-native.a(memb.o)
 .bss           0x000000000061b878        0x0 contiki-native.a(random.o)
 *fill*         0x000000000061b878        0x8 
 .bss           0x000000000061b880       0x20 contiki-native.a(uip-icmp6.o)
 .bss           0x000000000061b8a0        0x0 contiki-native.a(uip-udp-packet.)
 .bss           0x000000000061b8a0        0x0 contiki-native.a(rpl-icmp6.o)
 .bss           0x000000000061b8a0       0x60 contiki-native.a(rpl-timers.o)
 .bss           0x000000000061b900        0x0 /usr/lib/x86_64-linux-gnu/libc_nonshared.a(elf-init.oS)
 .bss           0x000000000061b900        0x0 /usr/lib/gcc/x86_64-linux-gnu/5/crtend.o
 .bss           0x000000000061b900        0x0 /usr/lib/gcc/x86_64-linux-gnu/5/../../../x86_64-linux-gnu/crtn.o
 *(COMMON)
 COMMON         0x000000000061b900        0xc contiki-native.a(contiki-main.o)
                0x000000000061b900                contiki_argv
                0x000000000061b908                sensors_flags
 COMMON         0x000000000061b90c        0x1 contiki-native.a(sensors.o)
                0x000000000061b90c                sensors_event
 COMMON         0x000000000061b90d        0x1 contiki-native.a(serial-line.o)
                0x000000000061b90d                serial_line_event_message
 *fill*         0x000000000061b90e       0x12 
 COMMON         0x000000000061b920      0x1c1 contiki-native.a(uip-ds6.o)
                0x000000000061b920                uip_ds6_prefix_list
                0x000000000061b980                uip_ds6_timer_periodic
                0x000000000061b9a0                uip_ds6_netif_addr_list_offset
                0x000000000061b9c0                uip_ds6_if
                0x000000000061bad0                uip_ds6_timer_ra
                0x000000000061bae0                uip_ds6_addr_size
 *fill*         0x000000000061bae1       0x1f 
 COMMON         0x000000000061bb00      0xd38 contiki-native.a(uip6.o)
                0x000000000061bb00                uip_slen
                0x000000000061bb02                uip_acc32
                0x000000000061bb20                uip_conns
                0x000000000061c3e0                uip_icmp6_conns
                0x000000000061c3f0                uip_lladdr
                0x000000000061c3f8                uip_appdata
                0x000000000061c400                uip_flags
                0x000000000061c420                uip_aligned_buf
                0x000000000061c5e0                uip_listenports
                0x000000000061c630                uip_len
                0x000000000061c638                uip_sappdata
                0x000000000061c640                uip_udp_conns
                0x000000000061c820                uip_udp_conn
                0x000000000061c828                uip_next_hdr
                0x000000000061c830                uip_conn
 COMMON         0x000000000061c838        0x8 contiki-native.a(sicslowpan.o)
                0x000000000061c838                frag_sender
 COMMON         0x000000000061c840        0x2 contiki-native.a(tcpip.o)
                0x000000000061c840                tcpip_icmp6_event
                0x000000000061c841                tcpip_event
 *fill*         0x000000000061c842       0x1e 
 COMMON         0x000000000061c860      0x1f0 contiki-native.a(rpl-dag.o)
                0x000000000061c860                default_instance
                0x000000000061c880                instance_table
 COMMON         0x000000000061ca50       0x30 contiki-native.a(packetbuf.o)
                0x000000000061ca50                packetbuf_attrs
                0x000000000061ca70                packetbuf_addrs
 COMMON         0x000000000061ca80        0x8 contiki-native.a(linkaddr.o)
                0x000000000061ca80                linkaddr_node_addr
                0x000000000061ca88                . = ALIGN ((. != 0x0)?0x8:0x1)

.lbss
 *(.dynlbss)
 *(.lbss .lbss.* .gnu.linkonce.lb.*)
 *(LARGE_COMMON)
                0x000000000061ca88                . = ALIGN (0x8)
                0x000000000061ca88                . = SEGMENT_START ("ldata-segment", .)

.lrodata
 *(.lrodata .lrodata.* .gnu.linkonce.lr.*)

.ldata          0x0000000000a1ca88        0x0
 *(.ldata .ldata.* .gnu.linkonce.l.*)
                0x0000000000a1ca88                . = ALIGN ((. != 0x0)?0x8:0x1)
                0x0000000000a1ca88                . = ALIGN (0x8)
                0x0000000000a1ca88                _end = .
                [!provide]                        PROVIDE (end, .)
                0x0000000000a1ca88                . = DATA_SEGMENT_END (.)

.stab
 *(.stab)

.stabstr
 *(.stabstr)

.stab.excl
 *(.stab.excl)

.stab.exclstr
 *(.stab.exclstr)

.stab.index
 *(.stab.index)

.stab.indexstr
 *(.stab.indexstr)

.comment        0x0000000000000000       0x35
 *(.comment)
 .comment       0x0000000000000000       0x35 /usr/lib/gcc/x86_64-linux-gnu/5/crtbegin.o
                                         0x36 (size before relaxing)
 .comment       0x0000000000000035       0x36 GPS_sensor.co
 .comment       0x0000000000000035       0x36 contiki-native.a(contiki-main.o)
 .comment       0x0000000000000035       0x36 contiki-native.a(leds.o)
 .comment       0x0000000000000035       0x36 contiki-native.a(leds-arch.o)
 .comment       0x0000000000000035       0x36 contiki-native.a(button-sensor.o)
 .comment       0x0000000000000035       0x36 contiki-native.a(pir-sensor.o)
 .comment       0x0000000000000035       0x36 contiki-native.a(vib-sensor.o)
 .comment       0x0000000000000035       0x36 contiki-native.a(sensors.o)
 .comment       0x0000000000000035       0x36 contiki-native.a(autostart.o)
 .comment       0x0000000000000035       0x36 contiki-native.a(ctimer.o)
 .comment       0x0000000000000035       0x36 contiki-native.a(etimer.o)
 .comment       0x0000000000000035       0x36 contiki-native.a(process.o)
 .comment       0x0000000000000035       0x36 contiki-native.a(rtimer.o)
 .comment       0x0000000000000035       0x36 contiki-native.a(timer.o)
 .comment       0x0000000000000035       0x36 contiki-native.a(serial-line.o)
 .comment       0x0000000000000035       0x36 contiki-native.a(list.o)
 .comment       0x0000000000000035       0x36 contiki-native.a(ringbuf.o)
 .comment       0x0000000000000035       0x36 contiki-native.a(uip-ds6.o)
 .comment       0x0000000000000035       0x36 contiki-native.a(uip-ds6-route.o)
 .comment       0x0000000000000035       0x36 contiki-native.a(uip6.o)
 .comment       0x0000000000000035       0x36 contiki-native.a(uip-ds6-nbr.o)
 .comment       0x0000000000000035       0x36 contiki-native.a(uip-nd6.o)
 .comment       0x0000000000000035       0x36 contiki-native.a(sicslowpan.o)
 .comment       0x0000000000000035       0x36 contiki-native.a(uip-packetqueue)
 .comment       0x0000000000000035       0x36 contiki-native.a(tcpip.o)
 .comment       0x0000000000000035       0x36 contiki-native.a(simple-udp.o)
 .comment       0x0000000000000035       0x36 contiki-native.a(uip-debug.o)
 .comment       0x0000000000000035       0x36 contiki-native.a(rpl-ext-header.)
 .comment       0x0000000000000035       0x36 contiki-native.a(rpl.o)
 .comment       0x0000000000000035       0x36 contiki-native.a(rpl-mrhof.o)
 .comment       0x0000000000000035       0x36 contiki-native.a(rpl-dag.o)
 .comment       0x0000000000000035       0x36 contiki-native.a(queuebuf.o)
 .comment       0x0000000000000035       0x36 contiki-native.a(nbr-table.o)
 .comment       0x0000000000000035       0x36 contiki-native.a(packetbuf.o)
 .comment       0x0000000000000035       0x36 contiki-native.a(netstack.o)
 .comment       0x0000000000000035       0x36 contiki-native.a(linkaddr.o)
 .comment       0x0000000000000035       0x36 contiki-native.a(nullmac.o)
 .comment       0x0000000000000035       0x36 contiki-native.a(nullrdc.o)
 .comment       0x0000000000000035       0x36 contiki-native.a(framer-802154.o)
 .comment       0x0000000000000035       0x36 contiki-native.a(frame802154.o)
 .comment       0x0000000000000035       0x36 contiki-native.a(mac.o)
 .comment       0x0000000000000035       0x36 contiki-native.a(framer.o)
 .comment       0x0000000000000035       0x36 contiki-native.a(nullsec.o)
 .comment       0x0000000000000035       0x36 contiki-native.a(clock.o)
 .comment       0x0000000000000035       0x36 contiki-native.a(rtimer-arch.o)
 .comment       0x0000000000000035       0x36 contiki-native.a(watchdog.o)
 .comment       0x0000000000000035       0x36 contiki-native.a(stimer.o)
 .comment       0x0000000000000035       0x36 contiki-native.a(nullradio.o)
 .comment       0x0000000000000035       0x36 contiki-native.a(memb.o)
 .comment       0x0000000000000035       0x36 contiki-native.a(random.o)
 .comment       0x0000000000000035       0x36 contiki-native.a(uip-icmp6.o)
 .comment       0x0000000000000035       0x36 contiki-native.a(uip-udp-packet.)
 .comment       0x0000000000000035       0x36 contiki-native.a(rpl-icmp6.o)
 .comment       0x0000000000000035       0x36 contiki-native.a(rpl-timers.o)
 .comment       0x0000000000000035       0x36 /usr/lib/gcc/x86_64-linux-gnu/5/crtend.o

.debug
 *(.debug)

.line
 *(.line)

.debug_srcinfo
 *(.debug_srcinfo)

.debug_sfnames
 *(.debug_sfnames)

.debug_aranges  0x0000000000000000      0xa20
 *(.debug_aranges)
 .debug_aranges
                0x0000000000000000       0x30 GPS_sensor.co
 .debug_aranges
                0x0000000000000030       0x30 contiki-native.a(contiki-main.o)
 .debug_aranges
                0x0000000000000060       0x30 contiki-native.a(leds.o)
 .debug_aranges
                0x0000000000000090       0x30 contiki-native.a(leds-arch.o)
 .debug_aranges
                0x00000000000000c0       0x30 contiki-native.a(button-sensor.o)
 .debug_aranges
                0x00000000000000f0       0x30 contiki-native.a(pir-sensor.o)
 .debug_aranges
                0x0000000000000120       0x30 contiki-native.a(vib-sensor.o)
 .debug_aranges
                0x0000000000000150       0x30 contiki-native.a(sensors.o)
 .debug_aranges
                0x0000000000000180       0x30 contiki-native.a(autostart.o)
 .debug_aranges
                0x00000000000001b0       0x30 contiki-native.a(ctimer.o)
 .debug_aranges
                0x00000000000001e0       0x30 contiki-native.a(etimer.o)
 .debug_aranges
                0x0000000000000210       0x30 contiki-native.a(process.o)
 .debug_aranges
                0x0000000000000240       0x30 contiki-native.a(rtimer.o)
 .debug_aranges
                0x0000000000000270       0x30 contiki-native.a(timer.o)
 .debug_aranges
                0x00000000000002a0       0x30 contiki-native.a(serial-line.o)
 .debug_aranges
                0x00000000000002d0       0x30 contiki-native.a(list.o)
 .debug_aranges
                0x0000000000000300       0x30 contiki-native.a(ringbuf.o)
 .debug_aranges
                0x0000000000000330       0x30 contiki-native.a(uip-ds6.o)
 .debug_aranges
                0x0000000000000360       0x30 contiki-native.a(uip-ds6-route.o)
 .debug_aranges
                0x0000000000000390       0x30 contiki-native.a(uip6.o)
 .debug_aranges
                0x00000000000003c0       0x30 contiki-native.a(uip-ds6-nbr.o)
 .debug_aranges
                0x00000000000003f0       0x30 contiki-native.a(uip-nd6.o)
 .debug_aranges
                0x0000000000000420       0x30 contiki-native.a(sicslowpan.o)
 .debug_aranges
                0x0000000000000450       0x30 contiki-native.a(uip-packetqueue)
 .debug_aranges
                0x0000000000000480       0x30 contiki-native.a(tcpip.o)
 .debug_aranges
                0x00000000000004b0       0x30 contiki-native.a(simple-udp.o)
 .debug_aranges
                0x00000000000004e0       0x30 contiki-native.a(uip-debug.o)
 .debug_aranges
                0x0000000000000510       0x30 contiki-native.a(rpl-ext-header.)
 .debug_aranges
                0x0000000000000540       0x30 contiki-native.a(rpl.o)
 .debug_aranges
                0x0000000000000570       0x30 contiki-native.a(rpl-mrhof.o)
 .debug_aranges
                0x00000000000005a0       0x30 contiki-native.a(rpl-dag.o)
 .debug_aranges
                0x00000000000005d0       0x30 contiki-native.a(queuebuf.o)
 .debug_aranges
                0x0000000000000600       0x30 contiki-native.a(nbr-table.o)
 .debug_aranges
                0x0000000000000630       0x30 contiki-native.a(packetbuf.o)
 .debug_aranges
                0x0000000000000660       0x30 contiki-native.a(netstack.o)
 .debug_aranges
                0x0000000000000690       0x30 contiki-native.a(linkaddr.o)
 .debug_aranges
                0x00000000000006c0       0x30 contiki-native.a(nullmac.o)
 .debug_aranges
                0x00000000000006f0       0x30 contiki-native.a(nullrdc.o)
 .debug_aranges
                0x0000000000000720       0x30 contiki-native.a(framer-802154.o)
 .debug_aranges
                0x0000000000000750       0x30 contiki-native.a(frame802154.o)
 .debug_aranges
                0x0000000000000780       0x30 contiki-native.a(mac.o)
 .debug_aranges
                0x00000000000007b0       0x30 contiki-native.a(framer.o)
 .debug_aranges
                0x00000000000007e0       0x30 contiki-native.a(nullsec.o)
 .debug_aranges
                0x0000000000000810       0x30 contiki-native.a(clock.o)
 .debug_aranges
                0x0000000000000840       0x30 contiki-native.a(rtimer-arch.o)
 .debug_aranges
                0x0000000000000870       0x30 contiki-native.a(watchdog.o)
 .debug_aranges
                0x00000000000008a0       0x30 contiki-native.a(stimer.o)
 .debug_aranges
                0x00000000000008d0       0x30 contiki-native.a(nullradio.o)
 .debug_aranges
                0x0000000000000900       0x30 contiki-native.a(memb.o)
 .debug_aranges
                0x0000000000000930       0x30 contiki-native.a(random.o)
 .debug_aranges
                0x0000000000000960       0x30 contiki-native.a(uip-icmp6.o)
 .debug_aranges
                0x0000000000000990       0x30 contiki-native.a(uip-udp-packet.)
 .debug_aranges
                0x00000000000009c0       0x30 contiki-native.a(rpl-icmp6.o)
 .debug_aranges
                0x00000000000009f0       0x30 contiki-native.a(rpl-timers.o)

.debug_pubnames
 *(.debug_pubnames)

.debug_info     0x0000000000000000    0x222f8
 *(.debug_info .gnu.linkonce.wi.*)
 .debug_info    0x0000000000000000     0x126c GPS_sensor.co
 .debug_info    0x000000000000126c     0x133e contiki-native.a(contiki-main.o)
 .debug_info    0x00000000000025aa      0x2c8 contiki-native.a(leds.o)
 .debug_info    0x0000000000002872       0xe8 contiki-native.a(leds-arch.o)
 .debug_info    0x000000000000295a      0x1de contiki-native.a(button-sensor.o)
 .debug_info    0x0000000000002b38      0x200 contiki-native.a(pir-sensor.o)
 .debug_info    0x0000000000002d38      0x1f1 contiki-native.a(vib-sensor.o)
 .debug_info    0x0000000000002f29      0x4c7 contiki-native.a(sensors.o)
 .debug_info    0x00000000000033f0      0x1f6 contiki-native.a(autostart.o)
 .debug_info    0x00000000000035e6      0x6ed contiki-native.a(ctimer.o)
 .debug_info    0x0000000000003cd3      0x6ac contiki-native.a(etimer.o)
 .debug_info    0x000000000000437f      0x8e6 contiki-native.a(process.o)
 .debug_info    0x0000000000004c65      0x221 contiki-native.a(rtimer.o)
 .debug_info    0x0000000000004e86      0x1e4 contiki-native.a(timer.o)
 .debug_info    0x000000000000506a      0x49f contiki-native.a(serial-line.o)
 .debug_info    0x0000000000005509      0x3be contiki-native.a(list.o)
 .debug_info    0x00000000000058c7      0x1d5 contiki-native.a(ringbuf.o)
 .debug_info    0x0000000000005a9c     0x1340 contiki-native.a(uip-ds6.o)
 .debug_info    0x0000000000006ddc     0x1a17 contiki-native.a(uip-ds6-route.o)
 .debug_info    0x00000000000087f3     0x1a7c contiki-native.a(uip6.o)
 .debug_info    0x000000000000a26f     0x11a3 contiki-native.a(uip-ds6-nbr.o)
 .debug_info    0x000000000000b412     0x10f6 contiki-native.a(uip-nd6.o)
 .debug_info    0x000000000000c508     0x1fbb contiki-native.a(sicslowpan.o)
 .debug_info    0x000000000000e4c3      0x781 contiki-native.a(uip-packetqueue)
 .debug_info    0x000000000000ec44     0x217b contiki-native.a(tcpip.o)
 .debug_info    0x0000000000010dbf      0x8ca contiki-native.a(simple-udp.o)
 .debug_info    0x0000000000011689      0x626 contiki-native.a(uip-debug.o)
 .debug_info    0x0000000000011caf     0x11ce contiki-native.a(rpl-ext-header.)
 .debug_info    0x0000000000012e7d     0x1206 contiki-native.a(rpl.o)
 .debug_info    0x0000000000014083      0xd93 contiki-native.a(rpl-mrhof.o)
 .debug_info    0x0000000000014e16     0x3201 contiki-native.a(rpl-dag.o)
 .debug_info    0x0000000000018017      0x8bd contiki-native.a(queuebuf.o)
 .debug_info    0x00000000000188d4      0xfae contiki-native.a(nbr-table.o)
 .debug_info    0x0000000000019882      0xa11 contiki-native.a(packetbuf.o)
 .debug_info    0x000000000001a293      0x47c contiki-native.a(netstack.o)
 .debug_info    0x000000000001a70f      0x251 contiki-native.a(linkaddr.o)
 .debug_info    0x000000000001a960      0x3e3 contiki-native.a(nullmac.o)
 .debug_info    0x000000000001ad43      0x8b4 contiki-native.a(nullrdc.o)
 .debug_info    0x000000000001b5f7      0x915 contiki-native.a(framer-802154.o)
 .debug_info    0x000000000001bf0c      0x6b5 contiki-native.a(frame802154.o)
 .debug_info    0x000000000001c5c1      0x154 contiki-native.a(mac.o)
 .debug_info    0x000000000001c715      0x205 contiki-native.a(framer.o)
 .debug_info    0x000000000001c91a      0x3cb contiki-native.a(nullsec.o)
 .debug_info    0x000000000001cce5      0x1d9 contiki-native.a(clock.o)
 .debug_info    0x000000000001cebe      0x29c contiki-native.a(rtimer-arch.o)
 .debug_info    0x000000000001d15a      0x124 contiki-native.a(watchdog.o)
 .debug_info    0x000000000001d27e      0x206 contiki-native.a(stimer.o)
 .debug_info    0x000000000001d484      0x526 contiki-native.a(nullradio.o)
 .debug_info    0x000000000001d9aa      0x2d3 contiki-native.a(memb.o)
 .debug_info    0x000000000001dc7d      0x10f contiki-native.a(random.o)
 .debug_info    0x000000000001dd8c      0xc60 contiki-native.a(uip-icmp6.o)
 .debug_info    0x000000000001e9ec      0x4cf contiki-native.a(uip-udp-packet.)
 .debug_info    0x000000000001eebb     0x2107 contiki-native.a(rpl-icmp6.o)
 .debug_info    0x0000000000020fc2     0x1336 contiki-native.a(rpl-timers.o)

.debug_abbrev   0x0000000000000000     0x7546
 *(.debug_abbrev)
 .debug_abbrev  0x0000000000000000      0x318 GPS_sensor.co
 .debug_abbrev  0x0000000000000318      0x3f1 contiki-native.a(contiki-main.o)
 .debug_abbrev  0x0000000000000709       0xe5 contiki-native.a(leds.o)
 .debug_abbrev  0x00000000000007ee       0x94 contiki-native.a(leds-arch.o)
 .debug_abbrev  0x0000000000000882       0xe6 contiki-native.a(button-sensor.o)
 .debug_abbrev  0x0000000000000968      0x113 contiki-native.a(pir-sensor.o)
 .debug_abbrev  0x0000000000000a7b      0x104 contiki-native.a(vib-sensor.o)
 .debug_abbrev  0x0000000000000b7f      0x283 contiki-native.a(sensors.o)
 .debug_abbrev  0x0000000000000e02      0x116 contiki-native.a(autostart.o)
 .debug_abbrev  0x0000000000000f18      0x1e9 contiki-native.a(ctimer.o)
 .debug_abbrev  0x0000000000001101      0x276 contiki-native.a(etimer.o)
 .debug_abbrev  0x0000000000001377      0x33b contiki-native.a(process.o)
 .debug_abbrev  0x00000000000016b2      0x16a contiki-native.a(rtimer.o)
 .debug_abbrev  0x000000000000181c       0xec contiki-native.a(timer.o)
 .debug_abbrev  0x0000000000001908      0x20c contiki-native.a(serial-line.o)
 .debug_abbrev  0x0000000000001b14      0x18b contiki-native.a(list.o)
 .debug_abbrev  0x0000000000001c9f       0xea contiki-native.a(ringbuf.o)
 .debug_abbrev  0x0000000000001d89      0x2d0 contiki-native.a(uip-ds6.o)
 .debug_abbrev  0x0000000000002059      0x376 contiki-native.a(uip-ds6-route.o)
 .debug_abbrev  0x00000000000023cf      0x38e contiki-native.a(uip6.o)
 .debug_abbrev  0x000000000000275d      0x2d1 contiki-native.a(uip-ds6-nbr.o)
 .debug_abbrev  0x0000000000002a2e      0x35d contiki-native.a(uip-nd6.o)
 .debug_abbrev  0x0000000000002d8b      0x459 contiki-native.a(sicslowpan.o)
 .debug_abbrev  0x00000000000031e4      0x218 contiki-native.a(uip-packetqueue)
 .debug_abbrev  0x00000000000033fc      0x48c contiki-native.a(tcpip.o)
 .debug_abbrev  0x0000000000003888      0x291 contiki-native.a(simple-udp.o)
 .debug_abbrev  0x0000000000003b19      0x1b4 contiki-native.a(uip-debug.o)
 .debug_abbrev  0x0000000000003ccd      0x348 contiki-native.a(rpl-ext-header.)
 .debug_abbrev  0x0000000000004015      0x324 contiki-native.a(rpl.o)
 .debug_abbrev  0x0000000000004339      0x25f contiki-native.a(rpl-mrhof.o)
 .debug_abbrev  0x0000000000004598      0x53e contiki-native.a(rpl-dag.o)
 .debug_abbrev  0x0000000000004ad6      0x24c contiki-native.a(queuebuf.o)
 .debug_abbrev  0x0000000000004d22      0x2f7 contiki-native.a(nbr-table.o)
 .debug_abbrev  0x0000000000005019      0x30b contiki-native.a(packetbuf.o)
 .debug_abbrev  0x0000000000005324      0x104 contiki-native.a(netstack.o)
 .debug_abbrev  0x0000000000005428      0x16d contiki-native.a(linkaddr.o)
 .debug_abbrev  0x0000000000005595      0x192 contiki-native.a(nullmac.o)
 .debug_abbrev  0x0000000000005727      0x2ae contiki-native.a(nullrdc.o)
 .debug_abbrev  0x00000000000059d5      0x21b contiki-native.a(framer-802154.o)
 .debug_abbrev  0x0000000000005bf0      0x248 contiki-native.a(frame802154.o)
 .debug_abbrev  0x0000000000005e38       0xbd contiki-native.a(mac.o)
 .debug_abbrev  0x0000000000005ef5       0xe4 contiki-native.a(framer.o)
 .debug_abbrev  0x0000000000005fd9      0x183 contiki-native.a(nullsec.o)
 .debug_abbrev  0x000000000000615c       0xfb contiki-native.a(clock.o)
 .debug_abbrev  0x0000000000006257      0x12b contiki-native.a(rtimer-arch.o)
 .debug_abbrev  0x0000000000006382       0x87 contiki-native.a(watchdog.o)
 .debug_abbrev  0x0000000000006409       0xd0 contiki-native.a(stimer.o)
 .debug_abbrev  0x00000000000064d9      0x176 contiki-native.a(nullradio.o)
 .debug_abbrev  0x000000000000664f      0x157 contiki-native.a(memb.o)
 .debug_abbrev  0x00000000000067a6       0xa2 contiki-native.a(random.o)
 .debug_abbrev  0x0000000000006848      0x361 contiki-native.a(uip-icmp6.o)
 .debug_abbrev  0x0000000000006ba9      0x23a contiki-native.a(uip-udp-packet.)
 .debug_abbrev  0x0000000000006de3      0x456 contiki-native.a(rpl-icmp6.o)
 .debug_abbrev  0x0000000000007239      0x30d contiki-native.a(rpl-timers.o)

.debug_line     0x0000000000000000     0x75ee
 *(.debug_line .debug_line.* .debug_line_end)
 .debug_line    0x0000000000000000      0x2ef GPS_sensor.co
 .debug_line    0x00000000000002ef      0x4bd contiki-native.a(contiki-main.o)
 .debug_line    0x00000000000007ac       0xcd contiki-native.a(leds.o)
 .debug_line    0x0000000000000879       0x6c contiki-native.a(leds-arch.o)
 .debug_line    0x00000000000008e5       0xa1 contiki-native.a(button-sensor.o)
 .debug_line    0x0000000000000986       0x9f contiki-native.a(pir-sensor.o)
 .debug_line    0x0000000000000a25       0x9f contiki-native.a(vib-sensor.o)
 .debug_line    0x0000000000000ac4      0x17b contiki-native.a(sensors.o)
 .debug_line    0x0000000000000c3f       0xb8 contiki-native.a(autostart.o)
 .debug_line    0x0000000000000cf7      0x181 contiki-native.a(ctimer.o)
 .debug_line    0x0000000000000e78      0x18d contiki-native.a(etimer.o)
 .debug_line    0x0000000000001005      0x1ec contiki-native.a(process.o)
 .debug_line    0x00000000000011f1       0x9c contiki-native.a(rtimer.o)
 .debug_line    0x000000000000128d       0xdf contiki-native.a(timer.o)
 .debug_line    0x000000000000136c      0x127 contiki-native.a(serial-line.o)
 .debug_line    0x0000000000001493      0x108 contiki-native.a(list.o)
 .debug_line    0x000000000000159b       0xbd contiki-native.a(ringbuf.o)
 .debug_line    0x0000000000001658      0x42d contiki-native.a(uip-ds6.o)
 .debug_line    0x0000000000001a85      0x41b contiki-native.a(uip-ds6-route.o)
 .debug_line    0x0000000000001ea0      0x784 contiki-native.a(uip6.o)
 .debug_line    0x0000000000002624      0x33d contiki-native.a(uip-ds6-nbr.o)
 .debug_line    0x0000000000002961      0x475 contiki-native.a(uip-nd6.o)
 .debug_line    0x0000000000002dd6      0x74e contiki-native.a(sicslowpan.o)
 .debug_line    0x0000000000003524      0x223 contiki-native.a(uip-packetqueue)
 .debug_line    0x0000000000003747      0x47a contiki-native.a(tcpip.o)
 .debug_line    0x0000000000003bc1      0x1d4 contiki-native.a(simple-udp.o)
 .debug_line    0x0000000000003d95      0x193 contiki-native.a(uip-debug.o)
 .debug_line    0x0000000000003f28      0x3af contiki-native.a(rpl-ext-header.)
 .debug_line    0x00000000000042d7      0x355 contiki-native.a(rpl.o)
 .debug_line    0x000000000000462c      0x2d6 contiki-native.a(rpl-mrhof.o)
 .debug_line    0x0000000000004902      0x7dc contiki-native.a(rpl-dag.o)
 .debug_line    0x00000000000050de      0x136 contiki-native.a(queuebuf.o)
 .debug_line    0x0000000000005214      0x264 contiki-native.a(nbr-table.o)
 .debug_line    0x0000000000005478      0x1f1 contiki-native.a(packetbuf.o)
 .debug_line    0x0000000000005669      0x120 contiki-native.a(netstack.o)
 .debug_line    0x0000000000005789      0x114 contiki-native.a(linkaddr.o)
 .debug_line    0x000000000000589d      0x117 contiki-native.a(nullmac.o)
 .debug_line    0x00000000000059b4      0x1a1 contiki-native.a(nullrdc.o)
 .debug_line    0x0000000000005b55      0x209 contiki-native.a(framer-802154.o)
 .debug_line    0x0000000000005d5e      0x20d contiki-native.a(frame802154.o)
 .debug_line    0x0000000000005f6b       0x90 contiki-native.a(mac.o)
 .debug_line    0x0000000000005ffb      0x120 contiki-native.a(framer.o)
 .debug_line    0x000000000000611b      0x122 contiki-native.a(nullsec.o)
 .debug_line    0x000000000000623d       0xe4 contiki-native.a(clock.o)
 .debug_line    0x0000000000006321      0x127 contiki-native.a(rtimer-arch.o)
 .debug_line    0x0000000000006448       0x7e contiki-native.a(watchdog.o)
 .debug_line    0x00000000000064c6       0xad contiki-native.a(stimer.o)
 .debug_line    0x0000000000006573       0xd7 contiki-native.a(nullradio.o)
 .debug_line    0x000000000000664a      0x13c contiki-native.a(memb.o)
 .debug_line    0x0000000000006786       0x77 contiki-native.a(random.o)
 .debug_line    0x00000000000067fd      0x353 contiki-native.a(uip-icmp6.o)
 .debug_line    0x0000000000006b50      0x184 contiki-native.a(uip-udp-packet.)
 .debug_line    0x0000000000006cd4      0x590 contiki-native.a(rpl-icmp6.o)
 .debug_line    0x0000000000007264      0x38a contiki-native.a(rpl-timers.o)

.debug_frame
 *(.debug_frame)

.debug_str      0x0000000000000000     0x4af8
 *(.debug_str)
 .debug_str     0x0000000000000000      0x6b8 GPS_sensor.co
                                        0x7ce (size before relaxing)
 .debug_str     0x00000000000006b8      0x3d4 contiki-native.a(contiki-main.o)
                                        0x810 (size before relaxing)
 .debug_str     0x0000000000000a8c       0xab contiki-native.a(leds.o)
                                        0x1b9 (size before relaxing)
 .debug_str     0x0000000000000b37       0x34 contiki-native.a(leds-arch.o)
                                        0x153 (size before relaxing)
 .debug_str     0x0000000000000b6b       0x55 contiki-native.a(button-sensor.o)
                                        0x17d (size before relaxing)
 .debug_str     0x0000000000000bc0       0x5b contiki-native.a(pir-sensor.o)
                                        0x190 (size before relaxing)
 .debug_str     0x0000000000000c1b       0x48 contiki-native.a(vib-sensor.o)
                                        0x17d (size before relaxing)
 .debug_str     0x0000000000000c63       0xcf contiki-native.a(sensors.o)
                                        0x29f (size before relaxing)
 .debug_str     0x0000000000000d32       0x45 contiki-native.a(autostart.o)
                                        0x1a9 (size before relaxing)
 .debug_str     0x0000000000000d77      0x11d contiki-native.a(ctimer.o)
                                        0x2f0 (size before relaxing)
 .debug_str     0x0000000000000e94       0xf6 contiki-native.a(etimer.o)
                                        0x33a (size before relaxing)
 .debug_str     0x0000000000000f8a       0xf9 contiki-native.a(process.o)
                                        0x449 (size before relaxing)
 .debug_str     0x0000000000001083       0xe4 contiki-native.a(rtimer.o)
                                        0x1f6 (size before relaxing)
 .debug_str     0x0000000000001167       0x25 contiki-native.a(timer.o)
                                        0x188 (size before relaxing)
 .debug_str     0x000000000000118c       0xbf contiki-native.a(serial-line.o)
                                        0x2ae (size before relaxing)
 .debug_str     0x000000000000124b       0x8d contiki-native.a(list.o)
                                        0x153 (size before relaxing)
 .debug_str     0x00000000000012d8       0x45 contiki-native.a(ringbuf.o)
                                        0x190 (size before relaxing)
 .debug_str     0x000000000000131d      0x379 contiki-native.a(uip-ds6.o)
                                        0x8bf (size before relaxing)
 .debug_str     0x0000000000001696      0x5cf contiki-native.a(uip-ds6-route.o)
                                        0xb21 (size before relaxing)
 .debug_str     0x0000000000001c65      0x520 contiki-native.a(uip6.o)
                                        0xb19 (size before relaxing)
 .debug_str     0x0000000000002185      0x3d3 contiki-native.a(uip-ds6-nbr.o)
                                        0xb10 (size before relaxing)
 .debug_str     0x0000000000002558      0x185 contiki-native.a(uip-nd6.o)
                                        0x8d6 (size before relaxing)
 .debug_str     0x00000000000026dd      0x553 contiki-native.a(sicslowpan.o)
                                        0xcf6 (size before relaxing)
 .debug_str     0x0000000000002c30       0xae contiki-native.a(uip-packetqueue)
                                        0x4bd (size before relaxing)
 .debug_str     0x0000000000002cde      0x3ed contiki-native.a(tcpip.o)
                                        0xf4d (size before relaxing)
 .debug_str     0x00000000000030cb       0xbd contiki-native.a(simple-udp.o)
                                        0x46b (size before relaxing)
 .debug_str     0x0000000000003188       0x43 contiki-native.a(uip-debug.o)
                                        0x354 (size before relaxing)
 .debug_str     0x00000000000031cb      0x11d contiki-native.a(rpl-ext-header.)
                                        0xbbd (size before relaxing)
 .debug_str     0x00000000000032e8      0x189 contiki-native.a(rpl.o)
                                        0xab3 (size before relaxing)
 .debug_str     0x0000000000003471       0xbf contiki-native.a(rpl-mrhof.o)
                                        0x84a (size before relaxing)
 .debug_str     0x0000000000003530      0x495 contiki-native.a(rpl-dag.o)
                                        0xf6c (size before relaxing)
 .debug_str     0x00000000000039c5      0x1ca contiki-native.a(queuebuf.o)
                                        0x58f (size before relaxing)
 .debug_str     0x0000000000003b8f      0x1b4 contiki-native.a(nbr-table.o)
                                        0x49b (size before relaxing)
 .debug_str     0x0000000000003d43      0x141 contiki-native.a(packetbuf.o)
                                        0x5c0 (size before relaxing)
 .debug_str     0x0000000000003e84      0x126 contiki-native.a(netstack.o)
                                        0x30b (size before relaxing)
 .debug_str     0x0000000000003faa       0x47 contiki-native.a(linkaddr.o)
                                        0x1ae (size before relaxing)